c[?7l[2J[0mSeaBIOS (version 1.15.0-1)


iPXE (https://ipxe.org) 00:03.0 CA00 PCI2.10 PnP PMM+3FF8B340+3FECB340 CA00
Press Ctrl-B to configure iPXE (PCI 00:03.0)...                                                                               


Booting from ROM..c[?7l[2Jearly console in extract_kernel
input_data: 0x000000000f1412a3
input_len: 0x0000000005ea50e2
output: 0x0000000001000000
output_len: 0x0000000012362d38
kernel_total_size: 0x0000000014026000
needed_size: 0x0000000014200000
trampoline_32bit: 0x0000000000000000

Decompressing Linux... Parsing ELF... done.
Booting the kernel (entry_offset: 0x000000000000007a).
[    0.000000][    T0] Linux version 6.10.0-rc4-next-20240617 (dev@b36a701299fa) (x86_64-linux-gnu-gcc (Ubuntu 11.4.0-1ubuntu1~22.04) 11.4.0, Ubuntu LLD 15.0.7) #1 SMP PREEMPT_DYNAMIC Mon Jan  5 22:58:28 UTC 2026
[    0.000000][    T0] Command line: console=ttyS0 earlyprintk=serial,ttyS0 root=/dev/sda1 rw net.ifnames=0
[    0.000000][    T0] KERNEL supported cpus:
[    0.000000][    T0]   Intel GenuineIntel
[    0.000000][    T0]   AMD AuthenticAMD
[    0.000000][    T0] BIOS-provided physical RAM map:
[    0.000000][    T0] BIOS-e820: [mem 0x0000000000000000-0x000000000009fbff] usable
[    0.000000][    T0] BIOS-e820: [mem 0x000000000009fc00-0x000000000009ffff] reserved
[    0.000000][    T0] BIOS-e820: [mem 0x00000000000f0000-0x00000000000fffff] reserved
[    0.000000][    T0] BIOS-e820: [mem 0x0000000000100000-0x000000003ffdffff] usable
[    0.000000][    T0] BIOS-e820: [mem 0x000000003ffe0000-0x000000003fffffff] reserved
[    0.000000][    T0] BIOS-e820: [mem 0x00000000fffc0000-0x00000000ffffffff] reserved
[    0.000000][    T0] printk: legacy bootconsole [earlyser0] enabled
[    0.000000][    T0] ERROR: earlyprintk= earlyser already used
[    0.000000][    T0] ERROR: earlyprintk= earlyser already used
[    0.000000][    T0] ERROR: earlyprintk= earlyser already used
[    0.000000][    T0] **********************************************************
[    0.000000][    T0] **   NOTICE NOTICE NOTICE NOTICE NOTICE NOTICE NOTICE   **
[    0.000000][    T0] **                                                      **
[    0.000000][    T0] ** This system shows unhashed kernel memory addresses   **
[    0.000000][    T0] ** via the console, logs, and other interfaces. This    **
[    0.000000][    T0] ** might reduce the security of your system.            **
[    0.000000][    T0] **                                                      **
[    0.000000][    T0] ** If you see this message and you are not debugging    **
[    0.000000][    T0] ** the kernel, report this immediately to your system   **
[    0.000000][    T0] ** administrator!                                       **
[    0.000000][    T0] **                                                      **
[    0.000000][    T0] **   NOTICE NOTICE NOTICE NOTICE NOTICE NOTICE NOTICE   **
[    0.000000][    T0] **********************************************************
[    0.000000][    T0] Malformed early option 'vsyscall'
[    0.000000][    T0] NX (Execute Disable) protection: active
[    0.000000][    T0] APIC: Static calls initialized
[    0.000000][    T0] SMBIOS 2.8 present.
[    0.000000][    T0] DMI: QEMU Standard PC (i440FX + PIIX, 1996), BIOS 1.15.0-1 04/01/2014
[    0.000000][    T0] DMI: Memory slots populated: 1/1
[    0.000000][    T0] tsc: Fast TSC calibration using PIT
[    0.000000][    T0] tsc: Detected 999.990 MHz processor
[    0.061017][    T0] last_pfn = 0x3ffe0 max_arch_pfn = 0x400000000
[    0.062133][    T0] MTRR map: 4 entries (3 fixed + 1 variable; max 19), built from 8 variable MTRRs
[    0.062640][    T0] x86/PAT: Configuration [0-7]: WB  WC  UC- UC  WB  WP  UC- WT  
[    0.084882][    T0] found SMP MP-table at [mem 0x000f5ba0-0x000f5baf]
[    0.101748][    T0] ACPI: Early table checksum verification disabled
[    0.102407][    T0] ACPI: RSDP 0x00000000000F59E0 000014 (v00 BOCHS )
[    0.103172][    T0] ACPI: RSDT 0x000000003FFE1960 000034 (v01 BOCHS  BXPC     00000001 BXPC 00000001)
[    0.104404][    T0] ACPI: FACP 0x000000003FFE180C 000074 (v01 BOCHS  BXPC     00000001 BXPC 00000001)
[    0.105936][    T0] ACPI: DSDT 0x000000003FFE0040 0017CC (v01 BOCHS  BXPC     00000001 BXPC 00000001)
[    0.106477][    T0] ACPI: FACS 0x000000003FFE0000 000040
[    0.106874][    T0] ACPI: APIC 0x000000003FFE1880 000080 (v01 BOCHS  BXPC     00000001 BXPC 00000001)
[    0.107284][    T0] ACPI: HPET 0x000000003FFE1900 000038 (v01 BOCHS  BXPC     00000001 BXPC 00000001)
[    0.107695][    T0] ACPI: WAET 0x000000003FFE1938 000028 (v01 BOCHS  BXPC     00000001 BXPC 00000001)
[    0.108151][    T0] ACPI: Reserving FACP table memory at [mem 0x3ffe180c-0x3ffe187f]
[    0.108410][    T0] ACPI: Reserving DSDT table memory at [mem 0x3ffe0040-0x3ffe180b]
[    0.108641][    T0] ACPI: Reserving FACS table memory at [mem 0x3ffe0000-0x3ffe003f]
[    0.108874][    T0] ACPI: Reserving APIC table memory at [mem 0x3ffe1880-0x3ffe18ff]
[    0.109096][    T0] ACPI: Reserving HPET table memory at [mem 0x3ffe1900-0x3ffe1937]
[    0.109316][    T0] ACPI: Reserving WAET table memory at [mem 0x3ffe1938-0x3ffe195f]
[    0.113596][    T0] OF: reserved mem: Reserved memory: No reserved-memory node in the DT
[    0.119493][    T0] No NUMA configuration found
[    0.119707][    T0] Faking a node at [mem 0x0000000000000000-0x000000003ffdffff]
[    0.120759][    T0] Faking node 0 at [mem 0x0000000000000000-0x000000001fffffff] (512MB)
[    0.121121][    T0] Faking node 1 at [mem 0x0000000020000000-0x000000003ffdffff] (511MB)
[    0.125627][    T0] NODE_DATA(0) allocated [mem 0x1fffa000-0x1fffffff]
[    0.126613][    T0] NODE_DATA(1) allocated [mem 0x3ffd9000-0x3ffdefff]
[    0.134528][    T0] Zone ranges:
[    0.134788][    T0]   DMA      [mem 0x0000000000001000-0x0000000000ffffff]
[    0.135160][    T0]   DMA32    [mem 0x0000000001000000-0x000000003ffdffff]
[    0.135429][    T0]   Normal   empty
[    0.135628][    T0]   Device   empty
[    0.135832][    T0] Movable zone start for each node
[    0.136022][    T0] Early memory node ranges
[    0.136204][    T0]   node   0: [mem 0x0000000000001000-0x000000000009efff]
[    0.136561][    T0]   node   0: [mem 0x0000000000100000-0x000000001fffffff]
[    0.136820][    T0]   node   1: [mem 0x0000000020000000-0x000000003ffdffff]
[    0.137296][    T0] Initmem setup node 0 [mem 0x0000000000001000-0x000000001fffffff]
[    0.138381][    T0] Initmem setup node 1 [mem 0x0000000020000000-0x000000003ffdffff]
[    0.139582][    T0] On node 0, zone DMA: 1 pages in unavailable ranges
[    0.141990][    T0] On node 0, zone DMA: 97 pages in unavailable ranges
[    0.249730][    T0] On node 1, zone DMA32: 32 pages in unavailable ranges
[    0.346613][    T0] kasan: KernelAddressSanitizer initialized
[    0.347568][    T0] ACPI: PM-Timer IO Port: 0x608
[    0.348534][    T0] ACPI: LAPIC_NMI (acpi_id[0xff] dfl dfl lint[0x1])
[    0.349512][    T0] IOAPIC[0]: apic_id 0, version 32, address 0xfec00000, GSI 0-23
[    0.350072][    T0] ACPI: INT_SRC_OVR (bus 0 bus_irq 0 global_irq 2 dfl dfl)
[    0.350753][    T0] ACPI: INT_SRC_OVR (bus 0 bus_irq 5 global_irq 5 high level)
[    0.351071][    T0] ACPI: INT_SRC_OVR (bus 0 bus_irq 9 global_irq 9 high level)
[    0.351432][    T0] ACPI: INT_SRC_OVR (bus 0 bus_irq 10 global_irq 10 high level)
[    0.351697][    T0] ACPI: INT_SRC_OVR (bus 0 bus_irq 11 global_irq 11 high level)
[    0.352368][    T0] ACPI: Using ACPI (MADT) for SMP configuration information
[    0.352733][    T0] ACPI: HPET id: 0x8086a201 base: 0xfed00000
[    0.353472][    T0] CPU topo: Max. logical packages:   1
[    0.353695][    T0] CPU topo: Max. logical dies:       1
[    0.353891][    T0] CPU topo: Max. dies per package:   1
[    0.354148][    T0] CPU topo: Max. threads per core:   1
[    0.354540][    T0] CPU topo: Num. cores per package:     2
[    0.354756][    T0] CPU topo: Num. threads per package:   2
[    0.354938][    T0] CPU topo: Allowing 2 present CPUs plus 0 hotplug CPUs
[    0.356561][    T0] PM: hibernation: Registered nosave memory: [mem 0x00000000-0x00000fff]
[    0.356911][    T0] PM: hibernation: Registered nosave memory: [mem 0x0009f000-0x0009ffff]
[    0.357181][    T0] PM: hibernation: Registered nosave memory: [mem 0x000a0000-0x000effff]
[    0.357421][    T0] PM: hibernation: Registered nosave memory: [mem 0x000f0000-0x000fffff]
[    0.357821][    T0] [mem 0x40000000-0xfffbffff] available for PCI devices
[    0.358094][    T0] Booting paravirtualized kernel on bare hardware
[    0.358894][    T0] clocksource: refined-jiffies: mask: 0xffffffff max_cycles: 0xffffffff, max_idle_ns: 19112604462750000 ns
[    1.733216][    T0] setup_percpu: NR_CPUS:8 nr_cpumask_bits:2 nr_cpu_ids:2 nr_node_ids:2
[    1.743774][    T0] percpu: Embedded 74 pages/cpu s264904 r8192 d30008 u2097152
[    1.750145][    T0] Kernel command line: earlyprintk=serial net.ifnames=0 sysctl.kernel.hung_task_all_cpu_backtrace=1 ima_policy=tcb nf-conntrack-ftp.ports=20000 nf-conntrack-tftp.ports=20000 nf-conntrack-sip.ports=20000 nf-conntrack-irc.ports=20000 nf-conntrack-sane.ports=20000 binder.debug_mask=0 rcupdate.rcu_expedited=1 rcupdate.rcu_cpu_stall_cputime=1 no_hash_pointers page_owner=on sysctl.vm.nr_hugepages=4 sysctl.vm.nr_overcommit_hugepages=4 secretmem.enable=1 sysctl.max_rcu_stall_to_panic=1 msr.allow_writes=off coredump_filter=0xffff root=/dev/sda console=ttyS0 vsyscall=native numa=fake=2 kvm-intel.nested=1 spec_store_bypass_disable=prctl nopcid vivid.n_devs=16 vivid.multiplanar=1,2,1,2,1,2,1,2,1,2,1,2,1,2,1,2 netrom.nr_ndevs=16 rose.rose_ndevs=16 smp.csd_lock_timeout=100000 watchdog_thresh=55 workqueue.watchdog_thresh=140 sysctl.net.core.netdev_unregister_timeout_secs=140 dummy_hcd.num=8 panic_on_warn=1 console=ttyS0 earlyprintk=serial,ttyS0 root=/dev/sda1 rw net.ifnames=0
[    1.770169][    T0] Unknown kernel command line parameters "spec_store_bypass_disable=prctl", will be passed to user space.
[    1.777465][    T0] Fallback order for Node 0: 0 1 
[    1.778093][    T0] Fallback order for Node 1: 1 0 
[    1.778504][    T0] Built 2 zonelists, mobility grouping on.  Total pages: 262014
[    1.779177][    T0] Policy zone: DMA32
[    1.784253][    T0] mem auto-init: stack:off, heap alloc:on, heap free:off
[    1.784619][    T0] stackdepot: allocating hash table via alloc_large_system_hash
[    1.785088][    T0] stackdepot hash table entries: 1048576 (order: 12, 16777216 bytes, linear)
[    2.390142][    T0] SLUB: HWalign=64, Order=0-3, MinObjects=0, CPUs=2, Nodes=2
[    2.484611][    T0] allocated 20971520 bytes of page_ext
[    2.491378][    T0] Node 0, zone      DMA: page owner found early allocated 1920 pages
[    2.534497][    T0] Node 0, zone    DMA32: page owner found early allocated 102 pages
[    2.547180][    T0] Node 1, zone    DMA32: page owner found early allocated 3203 pages
[    2.569436][    T0] Dynamic Preempt: full
[    2.585352][    T0] Running RCU self tests
[    2.585559][    T0] Running RCU synchronous self tests
[    2.586381][    T0] rcu: Preemptible hierarchical RCU implementation.
[    2.586603][    T0] rcu: 	RCU lockdep checking is enabled.
[    2.586807][    T0] rcu: 	RCU restricting CPUs from NR_CPUS=8 to nr_cpu_ids=2.
[    2.587050][    T0] rcu: 	RCU callback double-/use-after-free debug is enabled.
[    2.587288][    T0] rcu: 	RCU debug extended QS entry/exit.
[    2.587484][    T0] 	All grace periods are expedited (rcu_expedited).
[    2.587686][    T0] 	Trampoline variant of Tasks RCU enabled.
[    2.587862][    T0] 	Tracing variant of Tasks RCU enabled.
[    2.588095][    T0] rcu: RCU calculated value of scheduler-enlistment delay is 10 jiffies.
[    2.588336][    T0] rcu: Adjusting geometry for rcu_fanout_leaf=16, nr_cpu_ids=2
[    2.591872][    T0] Running RCU synchronous self tests
[    2.592416][    T0] RCU Tasks: Setting shift to 1 and lim to 1 rcu_task_cb_adjust=1.
[    2.592696][    T0] RCU Tasks Trace: Setting shift to 1 and lim to 1 rcu_task_cb_adjust=1.
[    3.727481][    T0] NR_IRQS: 4352, nr_irqs: 440, preallocated irqs: 16
[    3.751873][    T0] rcu: srcu_init: Setting srcu_struct sizes based on contention.
[    3.760867][    T0] kfence: initialized - using 2097152 bytes for 255 objects at 0xffff88803ec00000-0xffff88803ee00000
[    3.773285][    T0] Console: colour VGA+ 80x25
[    3.778864][    T0] printk: legacy console [ttyS0] enabled
[    3.778864][    T0] printk: legacy console [ttyS0] enabled
[    3.780109][    T0] printk: legacy bootconsole [earlyser0] disabled
[    3.780109][    T0] printk: legacy bootconsole [earlyser0] disabled
[    3.781565][    T0] Lock dependency validator: Copyright (c) 2006 Red Hat, Inc., Ingo Molnar
[    3.781875][    T0] ... MAX_LOCKDEP_SUBCLASSES:  8
[    3.782089][    T0] ... MAX_LOCK_DEPTH:          48
[    3.782294][    T0] ... MAX_LOCKDEP_KEYS:        8192
[    3.782498][    T0] ... CLASSHASH_SIZE:          4096
[    3.782699][    T0] ... MAX_LOCKDEP_ENTRIES:     131072
[    3.782907][    T0] ... MAX_LOCKDEP_CHAINS:      262144
[    3.783108][    T0] ... CHAINHASH_SIZE:          131072
[    3.783306][    T0]  memory used by lock dependency info: 20721 kB
[    3.783527][    T0]  memory used for stack traces: 8320 kB
[    3.783735][    T0]  per task-struct memory footprint: 1920 bytes
[    3.787093][    T0] mempolicy: Enabling automatic NUMA balancing. Configure with numa_balancing= or the kernel.numa_balancing sysctl
[    3.788122][    T0] ACPI: Core revision 20240322
[    3.805186][    T0] clocksource: hpet: mask: 0xffffffff max_cycles: 0xffffffff, max_idle_ns: 19112604467 ns
[    3.817309][    T0] APIC: Switch to symmetric I/O mode setup
[    3.833992][    T0] ..TIMER: vector=0x30 apic1=0 pin1=2 apic2=-1 pin2=-1
[    3.879876][    T0] clocksource: tsc-early: mask: 0xffffffffffffffff max_cycles: 0x1cd41b3b53a, max_idle_ns: 881590429783 ns
[    3.881092][    T0] Calibrating delay loop (skipped), value calculated using timer frequency.. 1999.98 BogoMIPS (lpj=9999900)
[    3.887583][    T0] Last level iTLB entries: 4KB 512, 2MB 255, 4MB 127
[    3.887878][    T0] Last level dTLB entries: 4KB 512, 2MB 255, 4MB 127, 1GB 0
[    3.888822][    T0] Spectre V1 : Mitigation: usercopy/swapgs barriers and __user pointer sanitization
[    3.891021][    T0] Spectre V2 : Mitigation: Retpolines
[    3.891289][    T0] Spectre V2 : Spectre v2 / SpectreRSB mitigation: Filling RSB on context switch
[    3.891596][    T0] Spectre V2 : Spectre v2 / SpectreRSB : Filling RSB on VMEXIT
[    3.893338][    T0] x86/fpu: x87 FPU will use FXSAVE
[    4.922021][    T0] Freeing SMP alternatives memory: 124K
[    4.923905][    T0] pid_max: default: 32768 minimum: 301
[    4.936991][    T0] LSM: initializing lsm=lockdown,capability,landlock,yama,safesetid,tomoyo,apparmor,bpf,ima,evm
[    4.941319][    T0] landlock: Up and running.
[    4.941543][    T0] Yama: becoming mindful.
[    4.943898][    T0] TOMOYO Linux initialized
[    4.953387][    T0] AppArmor: AppArmor initialized
[    4.953843][    T0] LSM support for eBPF active
[    4.993324][    T0] Dentry cache hash table entries: 131072 (order: 8, 1048576 bytes, vmalloc)
[    5.007316][    T0] Inode-cache hash table entries: 65536 (order: 7, 524288 bytes, vmalloc)
[    5.009580][    T0] Mount-cache hash table entries: 2048 (order: 2, 16384 bytes, vmalloc)
[    5.011257][    T0] Mountpoint-cache hash table entries: 2048 (order: 2, 16384 bytes, vmalloc)
[    5.086358][    T0] Running RCU synchronous self tests
[    5.086851][    T0] Running RCU synchronous self tests
[    5.237085][    T1] smpboot: CPU0: AMD QEMU Virtual CPU version 2.5+ (family: 0xf, model: 0x6b, stepping: 0x1)
[    5.301910][    T1] Running RCU Tasks wait API self tests
[    5.413538][    T1] Running RCU Tasks Trace wait API self tests
[    5.416451][    T1] Performance Events: PMU not available due to virtualization, using software events only.
[    5.419036][    T1] signal: max sigframe size: 1440
[    5.431096][   T15] Callback from call_rcu_tasks_trace() invoked.
[    5.433418][    T1] rcu: Hierarchical SRCU implementation.
[    5.433740][    T1] rcu: 	Max phase no-delay instances is 1000.
[    5.511471][    T1] NMI watchdog: Perf NMI watchdog permanently disabled
[    5.521647][    T1] smp: Bringing up secondary CPUs ...
[    5.567100][    T1] smpboot: x86: Booting SMP configuration:
[    5.567711][    T1] .... node  #1, CPUs:      #1
[    0.066729][    T0] calibrate_delay_direct() dropping min bogoMips estimate 3 = 8161125
[    0.066729][    T0] calibrate_delay_direct() dropping min bogoMips estimate 1 = 9102834
[    5.742427][    T1] smp: Brought up 2 nodes, 2 CPUs
[    5.742882][    T1] smpboot: Total of 2 processors activated (4070.73 BogoMIPS)
[    5.751244][   T14] Callback from call_rcu_tasks() invoked.
[    5.772596][    T1] Memory: 484268K/1048056K available (165888K kernel code, 40060K rwdata, 37844K rodata, 26112K init, 33400K bss, 536228K reserved, 0K cma-reserved)
[    5.820897][    T1] devtmpfs: initialized
[    5.840404][    T1] x86/mm: Memory block size: 128MB
[    6.096665][    T1] Running RCU synchronous self tests
[    6.097482][    T1] Running RCU synchronous self tests
[    6.101147][    T1] clocksource: jiffies: mask: 0xffffffff max_cycles: 0xffffffff, max_idle_ns: 19112604462750000 ns
[    6.104146][    T1] futex hash table entries: 512 (order: 4, 65536 bytes, vmalloc)
[    6.164516][    T1] PM: RTC time: 22:59:23, date: 2026-01-05
[    6.415842][    T1] NET: Registered PF_NETLINK/PF_ROUTE protocol family
[    6.473891][    T1] audit: initializing netlink subsys (disabled)
[    6.491555][   T30] audit: type=2000 audit(1767653963.670:1): state=initialized audit_enabled=0 res=1
[    6.530777][    T1] thermal_sys: Registered thermal governor 'step_wise'
[    6.530952][    T1] thermal_sys: Registered thermal governor 'user_space'
[    6.533069][    T1] cpuidle: using governor menu
[    6.535110][    T1] NET: Registered PF_QIPCRTR protocol family
[    6.580284][    T1] dca service started, version 1.12.1
[    6.582734][    T1] PCI: Using configuration type 1 for base access
[    6.597475][    T1] mtrr: your CPUs had inconsistent fixed MTRR settings
[    6.597761][    T1] mtrr: your CPUs had inconsistent variable MTRR settings
[    6.597997][    T1] mtrr: your CPUs had inconsistent MTRRdefType settings
[    6.598211][    T1] mtrr: probably your BIOS does not setup all CPUs.
[    6.598404][    T1] mtrr: corrected configuration.
[    6.677446][    T1] HugeTLB: registered 2.00 MiB page size, pre-allocated 0 pages
[    6.677806][    T1] HugeTLB: 28 KiB vmemmap can be freed for a 2.00 MiB page
[    6.741356][    T1] Demotion targets for Node 0: null
[    6.741941][    T1] Demotion targets for Node 1: null
[    6.831228][    T1] cryptd: max_cpu_qlen set to 1000
[    6.921647][    T1] raid6: skipped pq benchmark and selected sse2x4
[    6.922132][    T1] raid6: using intx1 recovery algorithm
[    6.992790][    T1] ACPI: Added _OSI(Module Device)
[    6.993098][    T1] ACPI: Added _OSI(Processor Device)
[    6.993316][    T1] ACPI: Added _OSI(3.0 _SCP Extensions)
[    6.993543][    T1] ACPI: Added _OSI(Processor Aggregator Device)
[    8.513572][    T1] ACPI: 1 ACPI AML tables successfully acquired and loaded
[    8.782217][    T1] ACPI: _OSC evaluation for CPUs failed, trying _PDC
[    8.993522][    T1] ACPI: Interpreter enabled
[    9.011585][    T1] ACPI: PM: (supports S0 S3 S4 S5)
[    9.012085][    T1] ACPI: Using IOAPIC for interrupt routing
[    9.014928][    T1] PCI: Using host bridge windows from ACPI; if necessary, use "pci=nocrs" and report a bug
[    9.016052][    T1] PCI: Using E820 reservations for host bridge windows
[    9.093353][    T1] ACPI: Enabled 2 GPEs in block 00 to 0F
[   11.763463][    T1] ACPI: PCI Root Bridge [PCI0] (domain 0000 [bus 00-ff])
[   11.765790][    T1] acpi PNP0A03:00: _OSC: OS supports [ASPM ClockPM Segments MSI HPX-Type3]
[   11.766383][    T1] acpi PNP0A03:00: _OSC: not requesting OS control; OS requires [ExtendedConfig ASPM ClockPM MSI]
[   11.780816][    T1] acpi PNP0A03:00: fail to add MMCONFIG information, can't access extended configuration space under this bridge
[   11.836237][    T1] PCI host bridge to bus 0000:00
[   11.836601][    T1] pci_bus 0000:00: Unknown NUMA node; performance will be reduced
[   11.839665][    T1] pci_bus 0000:00: root bus resource [io  0x0000-0x0cf7 window]
[   11.840335][    T1] pci_bus 0000:00: root bus resource [io  0x0d00-0xffff window]
[   11.841084][    T1] pci_bus 0000:00: root bus resource [mem 0x000a0000-0x000bffff window]
[   11.841569][    T1] pci_bus 0000:00: root bus resource [mem 0x40000000-0xfebfffff window]
[   11.841955][    T1] pci_bus 0000:00: root bus resource [mem 0x100000000-0x17fffffff window]
[   11.842599][    T1] pci_bus 0000:00: root bus resource [bus 00-ff]
[   11.856995][    T1] pci 0000:00:00.0: [8086:1237] type 00 class 0x060000 conventional PCI endpoint
[   12.686439][    T1] pci 0000:00:01.0: [8086:7000] type 00 class 0x060100 conventional PCI endpoint
[   12.773553][    T1] pci 0000:00:01.1: [8086:7010] type 00 class 0x010180 conventional PCI endpoint
[   12.776666][    T1] pci 0000:00:01.1: BAR 4 [io  0xc040-0xc04f]
[   12.791218][    T1] pci 0000:00:01.1: BAR 0 [io  0x01f0-0x01f7]: legacy IDE quirk
[   12.791618][    T1] pci 0000:00:01.1: BAR 1 [io  0x03f6]: legacy IDE quirk
[   12.791938][    T1] pci 0000:00:01.1: BAR 2 [io  0x0170-0x0177]: legacy IDE quirk
[   12.792225][    T1] pci 0000:00:01.1: BAR 3 [io  0x0376]: legacy IDE quirk
[   12.821504][    T1] pci 0000:00:01.3: [8086:7113] type 00 class 0x068000 conventional PCI endpoint
[   12.823543][    T1] pci 0000:00:01.3: quirk: [io  0x0600-0x063f] claimed by PIIX4 ACPI
[   12.823912][    T1] pci 0000:00:01.3: quirk: [io  0x0700-0x070f] claimed by PIIX4 SMB
[   12.851397][    T1] pci 0000:00:02.0: [1234:1111] type 00 class 0x030000 conventional PCI endpoint
[   12.852333][    T1] pci 0000:00:02.0: BAR 0 [mem 0xfd000000-0xfdffffff pref]
[   12.853690][    T1] pci 0000:00:02.0: BAR 2 [mem 0xfebb0000-0xfebb0fff]
[   12.864002][    T1] pci 0000:00:02.0: ROM [mem 0xfeba0000-0xfebaffff pref]
[   12.882419][    T1] pci 0000:00:02.0: Video device with shadowed ROM at [mem 0x000c0000-0x000dffff]
[   13.602147][    T1] pci 0000:00:03.0: [8086:100e] type 00 class 0x020000 conventional PCI endpoint
[   13.603517][    T1] pci 0000:00:03.0: BAR 0 [mem 0xfeb80000-0xfeb9ffff]
[   13.604503][    T1] pci 0000:00:03.0: BAR 1 [io  0xc000-0xc03f]
[   13.611519][    T1] pci 0000:00:03.0: ROM [mem 0xfeb00000-0xfeb7ffff pref]
[   14.912393][    T1] ACPI: PCI: Interrupt link LNKA configured for IRQ 10
[   15.003890][    T1] ACPI: PCI: Interrupt link LNKB configured for IRQ 10
[   15.112488][    T1] ACPI: PCI: Interrupt link LNKC configured for IRQ 11
[   15.202140][    T1] ACPI: PCI: Interrupt link LNKD configured for IRQ 11
[   15.252198][    T1] ACPI: PCI: Interrupt link LNKS configured for IRQ 9
[   15.472166][    T1] iommu: Default domain type: Translated
[   15.472578][    T1] iommu: DMA domain TLB invalidation policy: lazy mode
[   15.597173][    T1] SCSI subsystem initialized
[   15.645219][    T1] ACPI: bus type USB registered
[   15.654254][    T1] usbcore: registered new interface driver usbfs
[   15.656281][    T1] usbcore: registered new interface driver hub
[   15.662435][    T1] usbcore: registered new device driver usb
[   15.684402][    T1] mc: Linux media interface: v0.10
[   15.686639][    T1] videodev: Linux video capture interface: v2.00
[   15.713041][    T1] pps_core: LinuxPPS API ver. 1 registered
[   15.713299][    T1] pps_core: Software ver. 5.3.6 - Copyright 2005-2007 Rodolfo Giometti <giometti@linux.it>
[   15.714281][    T1] PTP clock support registered
[   15.751399][    T1] EDAC MC: Ver: 3.0.0
[   15.891895][    T1] Advanced Linux Sound Architecture Driver Initialized.
[   16.167391][    T1] Bluetooth: Core ver 2.22
[   16.167391][    T1] NET: Registered PF_BLUETOOTH protocol family
[   16.167391][    T1] Bluetooth: HCI device and connection manager initialized
[   16.167391][    T1] Bluetooth: HCI socket layer initialized
[   16.167391][    T1] Bluetooth: L2CAP socket layer initialized
[   16.171756][    T1] Bluetooth: SCO socket layer initialized
[   16.172993][    T1] NET: Registered PF_ATMPVC protocol family
[   16.173245][    T1] NET: Registered PF_ATMSVC protocol family
[   16.200965][    T1] NetLabel: Initializing
[   16.201198][    T1] NetLabel:  domain hash size = 128
[   16.201401][    T1] NetLabel:  protocols = UNLABELED CIPSOv4 CALIPSO
[   16.211830][    T1] NetLabel:  unlabeled traffic allowed by default
[   16.288421][    T1] nfc: nfc_init: NFC Core ver 0.1
[   16.288421][    T1] NET: Registered PF_NFC protocol family
[   16.291937][    T1] PCI: Using ACPI for IRQ routing
[   16.313013][    T1] pci 0000:00:02.0: vgaarb: setting as boot VGA device
[   16.313013][    T1] pci 0000:00:02.0: vgaarb: bridge control possible
[   16.313109][    T1] pci 0000:00:02.0: vgaarb: VGA device added: decodes=io+mem,owns=io+mem,locks=none
[   16.313443][    T1] vgaarb: loaded
[   16.341079][    T1] hpet: 3 channels of 0 reserved for per-cpu timers
[   16.341746][    T1] hpet0: at MMIO 0xfed00000, IRQs 2, 8, 0
[   16.342319][    T1] hpet0: 3 comparators, 64-bit 100.000000 MHz counter
[   16.360462][    T1] clocksource: Switched to clocksource tsc-early
[   16.459170][    T1] VFS: Disk quotas dquot_6.6.0
[   16.460571][    T1] VFS: Dquot-cache hash table entries: 512 (order 0, 4096 bytes)
[   16.493413][    T1] netfs: FS-Cache loaded
[   16.530039][    T1] CacheFiles: Loaded
[   16.536596][    T1] TOMOYO: 2.6.0
[   16.537159][    T1] Mandatory Access Control activated.
[   16.610168][    T1] AppArmor: AppArmor Filesystem Enabled
[   16.614606][    T1] pnp: PnP ACPI init
[   16.873230][    T1] pnp: PnP ACPI: found 6 devices
[   17.662880][    T1] clocksource: acpi_pm: mask: 0xffffff max_cycles: 0xffffff, max_idle_ns: 2085701024 ns
[   17.944635][    T1] NET: Registered PF_INET protocol family
[   17.971961][    T1] IP idents hash table entries: 16384 (order: 5, 131072 bytes, vmalloc)
[   18.081428][    T1] tcp_listen_portaddr_hash hash table entries: 512 (order: 3, 36864 bytes, vmalloc)
[   18.131262][    T1] Table-perturb hash table entries: 65536 (order: 6, 262144 bytes, vmalloc)
[   18.135362][    T1] TCP established hash table entries: 8192 (order: 4, 65536 bytes, vmalloc)
[   18.196352][    T1] TCP bind hash table entries: 8192 (order: 8, 1179648 bytes, vmalloc)
[   18.201072][    T1] TCP: Hash tables configured (established 8192 bind 8192)
[   18.227540][    T1] MPTCP token hash table entries: 1024 (order: 4, 90112 bytes, vmalloc)
[   18.244198][    T1] UDP hash table entries: 512 (order: 4, 81920 bytes, vmalloc)
[   18.248100][    T1] UDP-Lite hash table entries: 512 (order: 4, 81920 bytes, vmalloc)
[   18.352901][    T1] NET: Registered PF_UNIX/PF_LOCAL protocol family
[   18.394318][    T1] RPC: Registered named UNIX socket transport module.
[   18.394973][    T1] RPC: Registered udp transport module.
[   18.395202][    T1] RPC: Registered tcp transport module.
[   18.395418][    T1] RPC: Registered tcp-with-tls transport module.
[   18.395623][    T1] RPC: Registered tcp NFSv4.1 backchannel transport module.
[   18.440065][    T1] NET: Registered PF_XDP protocol family
[   18.449953][    T1] pci_bus 0000:00: resource 4 [io  0x0000-0x0cf7 window]
[   18.450325][    T1] pci_bus 0000:00: resource 5 [io  0x0d00-0xffff window]
[   18.450616][    T1] pci_bus 0000:00: resource 6 [mem 0x000a0000-0x000bffff window]
[   18.450916][    T1] pci_bus 0000:00: resource 7 [mem 0x40000000-0xfebfffff window]
[   18.451190][    T1] pci_bus 0000:00: resource 8 [mem 0x100000000-0x17fffffff window]
[   18.470806][    T1] pci 0000:00:01.0: PIIX3: Enabling Passive Release
[   18.471294][    T1] pci 0000:00:00.0: Limiting direct PCI/PCI transfers
[   18.472479][    T1] PCI: CLS 0 bytes, default 64
[   18.475110][    T1] ACPI: bus type thunderbolt registered
[   18.532841][    T1] kvm_intel: VMX not supported by CPU 1
[   18.536794][    T1] kvm_amd: Nested Virtualization enabled
[   18.537375][    T1] kvm_amd: Nested Paging disabled
[   18.538082][    T1] kvm_amd: PMU virtualization is disabled
[   18.671979][   T64] kworker/u8:4 (64) used greatest stack depth: 27840 bytes left
[   30.765885][    T1] CPU feature 'AVX registers' is not supported.
[   30.767214][    T1] CPU feature 'AVX registers' is not supported.
[   30.767214][    T1] AVX2 instructions are not detected.
[   30.808451][    T1] AVX or AES-NI instructions are not detected.
[   30.808841][    T1] AVX2 or AES-NI instructions are not detected.
[   30.809389][    T1] CPU feature 'AVX registers' is not supported.
[   30.809675][    T1] CPU feature 'AVX registers' is not supported.
[   30.810177][    T1] PCLMULQDQ-NI instructions are not detected.
[   30.810737][    T1] sm3_avx_x86_64: AVX instruction are not detected.
[   30.811008][    T1] AVX or AES-NI instructions are not detected.
[   30.811254][    T1] AVX2 or AES-NI instructions are not detected.
[   30.811492][    T1] AVX or AES-NI instructions are not detected.
[   30.881621][   T76] kworker/u8:4 (76) used greatest stack depth: 26864 bytes left
[   31.660395][   T25] tsc: Refined TSC clocksource calibration: 1000.000 MHz
[   31.661728][   T25] clocksource: tsc: mask: 0xffffffffffffffff max_cycles: 0x1cd42e4dffb, max_idle_ns: 881590591483 ns
[   31.667979][   T25] clocksource: Switched to clocksource tsc
[   33.567045][    T1] Initialise system trusted keyrings
[   33.585609][   T84] kworker/u8:4 (84) used greatest stack depth: 26608 bytes left
[   33.602655][   T86] kworker/u8:2 (86) used greatest stack depth: 26320 bytes left
[   33.615671][    T1] workingset: timestamp_bits=40 max_order=17 bucket_order=0
[   33.707358][    T1] DLM installed
[   33.749073][    T1] squashfs: version 4.0 (2009/01/31) Phillip Lougher
[   33.806765][    T1] NFS: Registering the id_resolver key type
[   33.810239][    T1] Key type id_resolver registered
[   33.811163][    T1] Key type id_legacy registered
[   33.813242][    T1] nfs4filelayout_init: NFSv4 File Layout Driver Registering...
[   33.814849][    T1] nfs4flexfilelayout_init: NFSv4 Flexfile Layout Driver Registering...
[   33.927745][    T1] Key type cifs.spnego registered
[   33.929945][    T1] Key type cifs.idmap registered
[   33.931834][    T1] ntfs3: Enabled Linux POSIX ACLs support
[   33.932083][    T1] ntfs3: Read-only LZX/Xpress compression included
[   33.933603][    T1] efs: 1.0a - http://aeschi.ch.eu.org/efs/
[   33.934266][    T1] jffs2: version 2.2. (NAND) (SUMMARY)  Â© 2001-2006 Red Hat, Inc.
[   33.950834][    T1] romfs: ROMFS MTD (C) 2007 Red Hat, Inc.
[   33.951841][    T1] QNX4 filesystem 0.2.3 registered.
[   33.952459][    T1] qnx6: QNX6 filesystem 1.0.0 registered.
[   33.958572][    T1] fuse: init (API version 7.40)
[   33.996756][    T1] orangefs_debugfs_init: called with debug mask: :none: :0:
[   34.005542][    T1] orangefs_init: module version upstream loaded
[   34.014247][    T1] JFS: nTxBlock = 3998, nTxLock = 31989
[   34.152939][    T1] SGI XFS with ACLs, security attributes, realtime, quota, no debug enabled
[   34.190625][    T1] 9p: Installing v9fs 9p2000 file system support
[   34.193640][    T1] NILFS version 2 loaded
[   34.193895][    T1] befs: version: 0.9.3
[   34.200205][    T1] ocfs2: Registered cluster interface o2cb
[   34.206665][    T1] ocfs2: Registered cluster interface user
[   34.216799][    T1] OCFS2 User DLM kernel interface loaded
[   34.376814][    T1] gfs2: GFS2 installed
[   34.629565][    T1] ceph: loaded (mds proto 32)
[   35.065836][    T1] NET: Registered PF_ALG protocol family
[   35.090525][    T1] xor: measuring software checksum speed
[   35.096302][    T1]    prefetch64-sse  :  2061 MB/sec
[   35.112501][    T1]    generic_sse     :  2327 MB/sec
[   35.112906][    T1] xor: using function: generic_sse (2327 MB/sec)
[   35.114112][    T1] async_tx: api initialized (async)
[   35.114646][    T1] Key type asymmetric registered
[   35.115142][    T1] Asymmetric key parser 'x509' registered
[   35.115751][    T1] Asymmetric key parser 'pkcs8' registered
[   35.115990][    T1] Key type pkcs7_test registered
[   35.135387][    T1] Block layer SCSI generic (bsg) driver version 0.4 loaded (major 238)
[   35.152637][    T1] io scheduler mq-deadline registered
[   35.153113][    T1] io scheduler kyber registered
[   35.154888][    T1] io scheduler bfq registered
[   35.354621][    T1] input: Power Button as /devices/LNXSYSTM:00/LNXPWRBN:00/input/input0
[   35.482027][    T1] ACPI: button: Power Button [PWRF]
[   35.588048][    T1] ioatdma: Intel(R) QuickData Technology Driver 5.00
[   42.542085][    T1] N_HDLC line discipline registered with maxframe=4096
[   42.543370][    T1] Serial: 8250/16550 driver, 4 ports, IRQ sharing enabled
[   42.621943][    T1] 00:04: ttyS0 at I/O 0x3f8 (irq = 4, base_baud = 115200) is a 16550A
[   43.182171][    T1] Non-volatile memory driver v1.3
[   43.183495][    T1] Linux agpgart interface v0.103
[   43.225593][    T1] usbcore: registered new interface driver xillyusb
[   43.291118][    T1] ACPI: bus type drm_connector registered
[   43.387459][    T1] [drm] Initialized vgem 1.0.0 for vgem on minor 0
[   43.577113][    T1] [drm] Initialized vkms 1.0.0 for vkms on minor 1
[   44.320867][    T1] Console: switching to colour frame buffer device 128x48
[   44.436092][    T1] platform vkms: [drm] fb0: vkmsdrmfb frame buffer device
[   44.453271][    T1] usbcore: registered new interface driver udl
[   44.495805][    T1] bochs-drm 0000:00:02.0: vgaarb: deactivate vga console
[   44.653619][    T1] [drm] Found bochs VGA, ID 0xb0c5.
[   44.654168][    T1] [drm] Framebuffer size 16384 kB @ 0xfd000000, mmio @ 0xfebb0000.
[   44.722353][    T1] [drm] Found EDID data blob.
[   44.809611][    T1] [drm] Initialized bochs-drm 1.0.0 for 0000:00:02.0 on minor 2
[   44.848823][    C1] vkms_vblank_simulate: vblank timer overrun
[   45.076129][    T1] fbcon: bochs-drmdrmfb (fb1) is primary device
[   45.076438][    T1] fbcon: Remapping primary device, fb1, to tty 1-63
[   53.451564][    T1] bochs-drm 0000:00:02.0: [drm] fb1: bochs-drmdrmfb frame buffer device
[   53.483732][    T1] usbcore: registered new interface driver gm12u320
[   53.494749][    T1] usbcore: registered new interface driver gud
[   54.686084][    T1] brd: module loaded
[   56.110226][    T1] loop: module loaded
[   58.348337][    T1] zram: Added device: zram0
[   58.522840][    T1] null_blk: disk nullb0 created
[   58.523565][    T1] null_blk: module loaded
[   58.544165][    T1] Guest personality initialized and is inactive
[   58.560055][    T1] VMCI host device registered (name=vmci, major=10, minor=118)
[   58.560417][    T1] Initialized host personality
[   58.561825][    T1] usbcore: registered new interface driver rtsx_usb
[   58.602207][    T1] usbcore: registered new interface driver viperboard
[   58.613796][    T1] usbcore: registered new interface driver dln2
[   58.635647][    T1] usbcore: registered new interface driver pn533_usb
[   58.716312][    T1] nfcsim 0.2 initialized
[   58.724432][    T1] usbcore: registered new interface driver port100
[   58.739692][    T1] usbcore: registered new interface driver nfcmrvl
[   58.863310][    T1] Loading iSCSI transport class v2.0-870.
[   58.992939][    T1] st: Version 20160209, fixed bufsize 32768, s/g segs 256
[   59.573174][    T1] scsi host0: ata_piix
[   59.701965][    T1] scsi host1: ata_piix
[   59.725255][    T1] ata1: PATA max MWDMA2 cmd 0x1f0 ctl 0x3f6 bmdma 0xc040 irq 14 lpm-pol 0
[   59.725693][    T1] ata2: PATA max MWDMA2 cmd 0x170 ctl 0x376 bmdma 0xc048 irq 15 lpm-pol 0
[   59.961584][    T1] Rounding down aligned max_sectors from 4294967295 to 4294967288
[   59.981714][    T1] db_root: cannot open: /etc/target
[   60.003969][    T1] slram: not enough parameters.
[   60.139073][  T996] ata1: found unknown device (class 0)
[   60.162144][    T1] ftl_cs: FTL header not found.
[   60.368902][ T1001] ata2: found unknown device (class 0)
[   60.495156][  T996] ata1.00: ATA-7: QEMU HARDDISK, 2.5+, max UDMA/100
[   60.495785][  T996] ata1.00: 6291456 sectors, multi 16: LBA48 
[   60.561105][ T1001] ata2.00: ATAPI: QEMU DVD-ROM, 2.5+, max UDMA/100
[   60.731760][  T649] scsi 0:0:0:0: Direct-Access     ATA      QEMU HARDDISK    2.5+ PQ: 0 ANSI: 5
[   61.105566][  T649] sd 0:0:0:0: Attached scsi generic sg0 type 0
[   61.135235][   T36] sd 0:0:0:0: [sda] 6291456 512-byte logical blocks: (3.22 GB/3.00 GiB)
[   61.138068][   T36] sd 0:0:0:0: [sda] Write Protect is off
[   61.184534][   T36] sd 0:0:0:0: [sda] Write cache: enabled, read cache: enabled, doesn't support DPO or FUA
[   61.200177][   T36] sd 0:0:0:0: [sda] Preferred minimum I/O size 512 bytes
[   61.222422][   T12] scsi 1:0:0:0: CD-ROM            QEMU     QEMU DVD-ROM     2.5+ PQ: 0 ANSI: 5
[   61.468451][    T1] wireguard: WireGuard 1.0.0 loaded. See www.wireguard.com for information.
[   61.468948][    T1] wireguard: Copyright (C) 2015-2019 Jason A. Donenfeld <Jason@zx2c4.com>. All Rights Reserved.
[   61.469261][    T1] eql: Equalizer2002: Simon Janes (simon@ncm.com) and David S. Miller (davem@redhat.com)
[   61.784131][    T1] MACsec IEEE 802.1AE
[   61.815201][   T12] sr 1:0:0:0: [sr0] scsi3-mmc drive: 4x/4x cd/rw xa/form2 tray
[   61.816623][   T12] cdrom: Uniform CD-ROM driver Revision: 3.20
[   62.211000][    T1] usbcore: registered new interface driver mvusb_mdio
[   62.302188][   T36]  sda: sda1 sda15
[   62.336893][   T36] sd 0:0:0:0: [sda] Attached SCSI disk
[   62.380025][   T12] sr 1:0:0:0: Attached scsi generic sg1 type 5
[   62.459618][    T1] tun: Universal TUN/TAP device driver, 1.6
[   62.570796][    T1] vcan: Virtual CAN interface driver
[   62.577772][    T1] vxcan: Virtual CAN Tunnel driver
[   62.589231][    T1] slcan: serial line CAN interface driver
[   62.598716][    T1] CAN device driver interface
[   62.610137][    T1] usbcore: registered new interface driver usb_8dev
[   62.611744][    T1] usbcore: registered new interface driver ems_usb
[   62.613151][    T1] usbcore: registered new interface driver esd_usb
[   62.614533][    T1] usbcore: registered new interface driver etas_es58x
[   62.615999][    T1] usbcore: registered new interface driver f81604
[   62.617351][    T1] usbcore: registered new interface driver gs_usb
[   62.618671][    T1] usbcore: registered new interface driver kvaser_usb
[   62.702090][    T1] usbcore: registered new interface driver mcba_usb
[   62.706361][    T1] usbcore: registered new interface driver peak_usb
[   62.715302][    T1] usbcore: registered new interface driver ucan
[   62.724353][    T1] e100: Intel(R) PRO/100 Network Driver
[   62.724618][    T1] e100: Copyright(c) 1999-2006 Intel Corporation
[   62.726209][    T1] e1000: Intel(R) PRO/1000 Network Driver
[   62.726443][    T1] e1000: Copyright (c) 1999-2006 Intel Corporation.
[   93.089947][    T1] ACPI Error: Aborting method \_SB.PCI0._PRT due to previous error (AE_AML_LOOP_TIMEOUT) (20240322/psparse-529)
[   93.331048][    T1] ACPI Error: Method execution failed \_SB.PCI0._PRT due to previous error (AE_AML_LOOP_TIMEOUT) (20240322/uteval-68)
[   93.332635][    T1] e1000 0000:00:03.0: can't derive routing for PCI INT A
[   93.332974][    T1] e1000 0000:00:03.0: PCI INT A: no GSI
[  136.429756][    T1] e1000 0000:00:03.0 eth0: (PCI:33MHz:32-bit) 52:54:00:12:34:56
[  136.431090][    T1] e1000 0000:00:03.0 eth0: Intel(R) PRO/1000 Network Connection
[  136.433987][    T1] e1000e: Intel(R) PRO/1000 Network Driver
[  136.434240][    T1] e1000e: Copyright(c) 1999 - 2015 Intel Corporation.
[  136.456940][    T1] mkiss: AX.25 Multikiss, Hans Albas PE1AYX
[  136.469764][    T1] AX.25: 6pack driver, Revision: 0.3.0
[  136.479874][    T1] AX.25: bpqether driver version 004
[  136.480165][    T1] PPP generic driver version 2.4.2
[  136.538318][    T1] PPP BSD Compression module registered
[  136.539307][    T1] PPP Deflate Compression module registered
[  136.539884][    T1] PPP MPPE Compression module registered
[  136.540151][    T1] NET: Registered PF_PPPOX protocol family
[  136.548641][    T1] PPTP driver version 0.8.5
[  136.594058][    T1] SLIP: version 0.8.4-NET3.019-NEWTTY (dynamic channels, max=256) (6 bit encapsulation enabled).
[  136.594535][    T1] CSLIP: code copyright 1989 Regents of the University of California.
[  136.594783][    T1] SLIP linefill/keepalive option.
[  136.595144][    T1] hdlc: HDLC support module revision 1.22
[  136.668605][    T1] LAPB Ethernet driver version 0.02
[  136.673141][    T1] usbcore: registered new interface driver ath9k_htc
[  136.674606][    T1] usbcore: registered new interface driver carl9170
[  136.676001][    T1] usbcore: registered new interface driver ath6kl_usb
[  136.677362][    T1] usbcore: registered new interface driver ar5523
[  136.723425][    T1] usbcore: registered new interface driver ath10k_usb
[  136.727656][    T1] usbcore: registered new interface driver plfxlc
[  136.735795][    T1] mac80211_hwsim: initializing netlink
[  137.341939][    T1] usbcore: registered new interface driver atusb
[  137.562653][    T1] mac802154_hwsim mac802154_hwsim: Added 2 mac802154 hwsim hardware radios
[  137.620188][    T1] VMware vmxnet3 virtual NIC driver - version 1.9.0.0-k-NAPI
[  137.627415][    T1] usbcore: registered new interface driver catc
[  137.633225][    T1] usbcore: registered new interface driver kaweth
[  137.633539][    T1] pegasus: Pegasus/Pegasus II USB Ethernet driver
[  137.651354][    T1] usbcore: registered new interface driver pegasus
[  137.659546][    T1] usbcore: registered new interface driver rtl8150
[  137.661061][    T1] usbcore: registered new device driver r8152-cfgselector
[  137.662922][    T1] usbcore: registered new interface driver r8152
[  137.665204][    T1] usbcore: registered new interface driver hso
[  137.666714][    T1] usbcore: registered new interface driver lan78xx
[  137.667899][    T1] usbcore: registered new interface driver asix
[  137.702999][    T1] usbcore: registered new interface driver ax88179_178a
[  137.704655][    T1] usbcore: registered new interface driver cdc_ether
[  137.706120][    T1] usbcore: registered new interface driver cdc_eem
[  137.707223][    T1] usbcore: registered new interface driver dm9601
[  137.707223][    T1] usbcore: registered new interface driver sr9700
[  137.734069][    T1] usbcore: registered new interface driver CoreChips
[  137.749254][    T1] usbcore: registered new interface driver smsc75xx
[  137.750941][    T1] usbcore: registered new interface driver smsc95xx
[  137.811430][    T1] usbcore: registered new interface driver gl620a
[  137.813518][    T1] usbcore: registered new interface driver net1080
[  137.815045][    T1] usbcore: registered new interface driver plusb
[  137.816640][    T1] usbcore: registered new interface driver rndis_host
[  137.856830][    T1] usbcore: registered new interface driver cdc_subset
[  137.873235][    T1] usbcore: registered new interface driver zaurus
[  137.877755][    T1] usbcore: registered new interface driver MOSCHIP usb-ethernet driver
[  137.899398][    T1] usbcore: registered new interface driver int51x1
[  137.903258][    T1] usbcore: registered new interface driver cdc_phonet
[  137.904731][    T1] usbcore: registered new interface driver kalmia
[  137.906254][    T1] usbcore: registered new interface driver ipheth
[  137.907423][    T1] usbcore: registered new interface driver sierra_net
[  137.921428][    T1] usbcore: registered new interface driver cx82310_eth
[  137.925679][    T1] usbcore: registered new interface driver cdc_ncm
[  137.931035][    T1] usbcore: registered new interface driver huawei_cdc_ncm
[  137.932502][    T1] usbcore: registered new interface driver lg-vl600
[  137.933985][    T1] usbcore: registered new interface driver qmi_wwan
[  137.935356][    T1] usbcore: registered new interface driver cdc_mbim
[  137.936680][    T1] usbcore: registered new interface driver ch9200
[  137.938374][    T1] usbcore: registered new interface driver aqc111
[  137.966069][    T1] usbcore: registered new interface driver r8153_ecm
[  138.101148][    T1] VFIO - User Level meta-driver version: 0.3
[  138.216146][    T1] aoe: AoE v85 initialised.
[  138.383387][    T1] SPI driver max3421-hcd has no spi_device_id for maxim,max3421
[  138.386885][    T1] usbcore: registered new interface driver cdc_acm
[  138.386885][    T1] cdc_acm: USB Abstract Control Model driver for USB modems and ISDN adapters
[  138.386885][    T1] usbcore: registered new interface driver usblp
[  138.420126][    T1] usbcore: registered new interface driver cdc_wdm
[  138.421906][    T1] usbcore: registered new interface driver usbtmc
[  138.460788][    T1] usbcore: registered new interface driver uas
[  138.462745][    T1] usbcore: registered new interface driver usb-storage
[  138.464013][    T1] usbcore: registered new interface driver ums-alauda
[  138.466849][    T1] usbcore: registered new interface driver ums-cypress
[  138.468009][    T1] usbcore: registered new interface driver ums-datafab
[  138.574988][    T1] usbcore: registered new interface driver ums_eneub6250
[  138.576517][    T1] usbcore: registered new interface driver ums-freecom
[  138.577720][    T1] usbcore: registered new interface driver ums-isd200
[  138.607552][    T1] usbcore: registered new interface driver ums-jumpshot
[  138.611565][    T1] usbcore: registered new interface driver ums-karma
[  138.615493][    T1] usbcore: registered new interface driver ums-onetouch
[  138.629029][    T1] usbcore: registered new interface driver ums-realtek
[  138.630335][    T1] usbcore: registered new interface driver ums-sddr09
[  138.631530][    T1] usbcore: registered new interface driver ums-sddr55
[  138.632799][    T1] usbcore: registered new interface driver ums-usbat
[  138.634897][    T1] usbcore: registered new interface driver mdc800
[  138.635152][    T1] mdc800: v0.7.5 (30/10/2000):USB Driver for Mustek MDC800 Digital Camera
[  138.636508][    T1] usbcore: registered new interface driver microtekX6
[  138.671319][    T1] usbcore: registered new interface driver usbserial_generic
[  138.691224][    T1] usbserial: USB Serial support registered for generic
[  138.693099][    T1] usbcore: registered new interface driver aircable
[  138.694692][    T1] usbserial: USB Serial support registered for aircable
[  138.696009][    T1] usbcore: registered new interface driver ark3116
[  138.697041][    T1] usbserial: USB Serial support registered for ark3116
[  138.715561][    T1] usbcore: registered new interface driver belkin_sa
[  138.732094][    T1] usbserial: USB Serial support registered for Belkin / Peracom / GoHubs USB Serial Adapter
[  138.733693][    T1] usbcore: registered new interface driver ch341
[  138.734778][    T1] usbserial: USB Serial support registered for ch341-uart
[  138.736006][    T1] usbcore: registered new interface driver cp210x
[  138.737086][    T1] usbserial: USB Serial support registered for cp210x
[  138.738292][    T1] usbcore: registered new interface driver cyberjack
[  138.754402][    T1] usbserial: USB Serial support registered for Reiner SCT Cyberjack USB card reader
[  138.755818][    T1] usbcore: registered new interface driver cypress_m8
[  138.756918][    T1] usbserial: USB Serial support registered for DeLorme Earthmate USB
[  138.761801][    T1] usbserial: USB Serial support registered for HID->COM RS232 Adapter
[  138.763046][    T1] usbserial: USB Serial support registered for Nokia CA-42 V2 Adapter
[  138.764398][    T1] usbcore: registered new interface driver usb_debug
[  138.765432][    T1] usbserial: USB Serial support registered for debug
[  138.766448][    T1] usbserial: USB Serial support registered for xhci_dbc
[  138.767867][    T1] usbcore: registered new interface driver digi_acceleport
[  138.804167][    T1] usbserial: USB Serial support registered for Digi 2 port USB adapter
[  138.805488][    T1] usbserial: USB Serial support registered for Digi 4 port USB adapter
[  138.806753][    T1] usbcore: registered new interface driver io_edgeport
[  138.807925][    T1] usbserial: USB Serial support registered for Edgeport 2 port adapter
[  138.837293][    T1] usbserial: USB Serial support registered for Edgeport 4 port adapter
[  138.843271][    T1] usbserial: USB Serial support registered for Edgeport 8 port adapter
[  138.846972][    T1] usbserial: USB Serial support registered for EPiC device
[  138.859044][    T1] usbcore: registered new interface driver io_ti
[  138.872482][    T1] usbserial: USB Serial support registered for Edgeport TI 1 port adapter
[  138.873619][    T1] usbserial: USB Serial support registered for Edgeport TI 2 port adapter
[  138.875150][    T1] usbcore: registered new interface driver empeg
[  138.876285][    T1] usbserial: USB Serial support registered for empeg
[  138.877569][    T1] usbcore: registered new interface driver f81534a_ctrl
[  138.916360][    T1] usbcore: registered new interface driver f81232
[  138.929822][    T1] usbserial: USB Serial support registered for f81232
[  138.932161][    T1] usbserial: USB Serial support registered for f81534a
[  138.935898][    T1] usbcore: registered new interface driver f81534
[  138.951785][    T1] usbserial: USB Serial support registered for Fintek F81532/F81534
[  138.953363][    T1] usbcore: registered new interface driver ftdi_sio
[  138.954513][    T1] usbserial: USB Serial support registered for FTDI USB Serial Device
[  138.955814][    T1] usbcore: registered new interface driver garmin_gps
[  138.957010][    T1] usbserial: USB Serial support registered for Garmin GPS usb/tty
[  138.982801][    T1] usbcore: registered new interface driver ipaq
[  138.983994][    T1] usbserial: USB Serial support registered for PocketPC PDA
[  138.985239][    T1] usbcore: registered new interface driver ipw
[  138.986413][    T1] usbserial: USB Serial support registered for IPWireless converter
[  139.003530][    T1] usbcore: registered new interface driver ir_usb
[  139.004754][    T1] usbserial: USB Serial support registered for IR Dongle
[  139.006020][    T1] usbcore: registered new interface driver iuu_phoenix
[  139.007069][    T1] usbserial: USB Serial support registered for iuu_phoenix
[  139.037659][    T1] usbcore: registered new interface driver keyspan
[  139.039959][    T1] usbserial: USB Serial support registered for Keyspan - (without firmware)
[  139.041070][    T1] usbserial: USB Serial support registered for Keyspan 1 port adapter
[  139.042132][    T1] usbserial: USB Serial support registered for Keyspan 2 port adapter
[  139.043324][    T1] usbserial: USB Serial support registered for Keyspan 4 port adapter
[  139.044598][    T1] usbcore: registered new interface driver keyspan_pda
[  139.045745][    T1] usbserial: USB Serial support registered for Keyspan PDA
[  139.046779][    T1] usbserial: USB Serial support registered for Keyspan PDA - (prerenumeration)
[  139.047387][    T1] usbcore: registered new interface driver kl5kusb105
[  139.102777][    T1] usbserial: USB Serial support registered for KL5KUSB105D / PalmConnect
[  139.107960][    T1] usbcore: registered new interface driver kobil_sct
[  139.123084][    T1] usbserial: USB Serial support registered for KOBIL USB smart card terminal
[  139.127419][    T1] usbcore: registered new interface driver mct_u232
[  139.141907][    T1] usbserial: USB Serial support registered for MCT U232
[  139.143277][    T1] usbcore: registered new interface driver metro_usb
[  139.144347][    T1] usbserial: USB Serial support registered for Metrologic USB to Serial
[  139.145736][    T1] usbcore: registered new interface driver mos7720
[  139.146872][    T1] usbserial: USB Serial support registered for Moschip 2 port adapter
[  139.171185][    T1] usbcore: registered new interface driver mos7840
[  139.175216][    T1] usbserial: USB Serial support registered for Moschip 7840/7820 USB Serial Driver
[  139.194238][    T1] usbcore: registered new interface driver mxuport
[  139.195672][    T1] usbserial: USB Serial support registered for MOXA UPort
[  139.196993][    T1] usbcore: registered new interface driver navman
[  139.214953][    T1] usbserial: USB Serial support registered for navman
[  139.229764][    T1] usbcore: registered new interface driver omninet
[  139.231344][    T1] usbserial: USB Serial support registered for ZyXEL - omni.net usb
[  139.232749][    T1] usbcore: registered new interface driver opticon
[  139.233901][    T1] usbserial: USB Serial support registered for opticon
[  139.235306][    T1] usbcore: registered new interface driver option
[  139.236437][    T1] usbserial: USB Serial support registered for GSM modem (1-port)
[  139.269387][    T1] usbcore: registered new interface driver oti6858
[  139.270862][    T1] usbserial: USB Serial support registered for oti6858
[  139.272228][    T1] usbcore: registered new interface driver pl2303
[  139.273361][    T1] usbserial: USB Serial support registered for pl2303
[  139.274634][    T1] usbcore: registered new interface driver qcaux
[  139.275966][    T1] usbserial: USB Serial support registered for qcaux
[  139.319218][    T1] usbcore: registered new interface driver qcserial
[  139.320556][    T1] usbserial: USB Serial support registered for Qualcomm USB modem
[  139.321972][    T1] usbcore: registered new interface driver quatech2
[  139.323056][    T1] usbserial: USB Serial support registered for Quatech 2nd gen USB to Serial Driver
[  139.324486][    T1] usbcore: registered new interface driver safe_serial
[  139.325554][    T1] usbserial: USB Serial support registered for safe_serial
[  139.326808][    T1] usbcore: registered new interface driver sierra
[  139.327901][    T1] usbserial: USB Serial support registered for Sierra USB modem
[  139.359875][    T1] usbcore: registered new interface driver usb_serial_simple
[  139.371354][    T1] usbserial: USB Serial support registered for carelink
[  139.375145][    T1] usbserial: USB Serial support registered for flashloader
[  139.376266][    T1] usbserial: USB Serial support registered for funsoft
[  139.377323][    T1] usbserial: USB Serial support registered for google
[  139.377804][    T1] usbserial: USB Serial support registered for hp4x
[  139.393809][    T1] usbserial: USB Serial support registered for kaufmann
[  139.397391][    T1] usbserial: USB Serial support registered for libtransistor
[  139.415188][    T1] usbserial: USB Serial support registered for moto_modem
[  139.416576][    T1] usbserial: USB Serial support registered for motorola_tetra
[  139.434603][    T1] usbserial: USB Serial support registered for nokia
[  139.438293][    T1] usbserial: USB Serial support registered for novatel_gps
[  139.489049][    T1] usbserial: USB Serial support registered for siemens_mpi
[  139.490243][    T1] usbserial: USB Serial support registered for suunto
[  139.491381][    T1] usbserial: USB Serial support registered for vivopay
[  139.492767][    T1] usbserial: USB Serial support registered for zio
[  139.494143][    T1] usbcore: registered new interface driver spcp8x5
[  139.495234][    T1] usbserial: USB Serial support registered for SPCP8x5
[  139.496656][    T1] usbcore: registered new interface driver ssu100
[  139.497258][    T1] usbserial: USB Serial support registered for Quatech SSU-100 USB to Serial Driver
[  139.524020][    T1] usbcore: registered new interface driver symbolserial
[  139.526902][    T1] usbserial: USB Serial support registered for symbol
[  139.541138][    T1] usbcore: registered new interface driver ti_usb_3410_5052
[  139.542313][    T1] usbserial: USB Serial support registered for TI USB 3410 1 port adapter
[  139.543428][    T1] usbserial: USB Serial support registered for TI USB 5052 2 port adapter
[  139.544878][    T1] usbcore: registered new interface driver upd78f0730
[  139.545999][    T1] usbserial: USB Serial support registered for upd78f0730
[  139.547268][    T1] usbcore: registered new interface driver visor
[  139.548329][    T1] usbserial: USB Serial support registered for Handspring Visor / Palm OS
[  139.571109][    T1] usbserial: USB Serial support registered for Sony Clie 5.0
[  139.575011][    T1] usbserial: USB Serial support registered for Sony Clie 3.5
[  139.590266][    T1] usbcore: registered new interface driver wishbone_serial
[  139.591766][    T1] usbserial: USB Serial support registered for wishbone_serial
[  139.593318][    T1] usbcore: registered new interface driver whiteheat
[  139.594661][    T1] usbserial: USB Serial support registered for Connect Tech - WhiteHEAT - (prerenumeration)
[  139.596118][    T1] usbserial: USB Serial support registered for Connect Tech - WhiteHEAT
[  139.597414][    T1] usbcore: registered new interface driver xr_serial
[  139.624672][    T1] usbserial: USB Serial support registered for xr_serial
[  139.626833][    T1] usbcore: registered new interface driver xsens_mt
[  139.712778][    T1] usbserial: USB Serial support registered for xsens_mt
[  139.717719][    T1] usbcore: registered new interface driver adutux
[  139.731620][    T1] usbcore: registered new interface driver appledisplay
[  139.736890][    T1] usbcore: registered new interface driver cypress_cy7c63
[  139.749845][    T1] usbcore: registered new interface driver cytherm
[  139.755351][    T1] usbcore: registered new interface driver emi26 - firmware loader
[  139.809929][    T1] usbcore: registered new interface driver emi62 - firmware loader
[  139.830443][    T1] usbcore: registered new device driver apple-mfi-fastcharge
[  139.832092][    T1] usbcore: registered new interface driver ljca
[  139.833445][    T1] usbcore: registered new interface driver idmouse
[  139.834958][    T1] usbcore: registered new interface driver iowarrior
[  139.836304][    T1] usbcore: registered new interface driver isight_firmware
[  139.837873][    T1] usbcore: registered new interface driver usblcd
[  139.863406][    T1] usbcore: registered new interface driver ldusb
[  139.864919][    T1] usbcore: registered new interface driver legousbtower
[  139.866590][    T1] usbcore: registered new interface driver usbtest
[  139.867933][    T1] usbcore: registered new interface driver usb_ehset_test
[  139.886083][    T1] usbcore: registered new interface driver trancevibrator
[  139.899300][    T1] usbcore: registered new interface driver uss720
[  139.899609][    T1] uss720: USB Parport Cable driver for Cables using the Lucent Technologies USS720 Chip
[  139.899867][    T1] uss720: NOTE: this is a special purpose driver to allow nonstandard
[  139.900088][    T1] uss720: protocols (eg. bitbang) over USS720 usb to parallel cables
[  139.900304][    T1] uss720: If you just want to connect to a printer, use usblp instead
[  139.904514][    T1] usbcore: registered new interface driver usbsevseg
[  139.913681][    T1] usbcore: registered new interface driver yurex
[  140.011094][    T1] usbcore: registered new interface driver chaoskey
[  140.012657][    T1] usbcore: registered new interface driver sisusb
[  140.014220][    T1] usbcore: registered new interface driver lvs
[  140.015862][    T1] usbcore: registered new interface driver cxacru
[  140.017239][    T1] usbcore: registered new interface driver speedtch
[  140.033479][    T1] usbcore: registered new interface driver ueagle-atm
[  140.033838][    T1] xusbatm: malformed module parameters
[  140.126738][    T1] dummy_hcd dummy_hcd.0: USB Host+Gadget Emulator, driver 02 May 2005
[  140.128099][    T1] dummy_hcd dummy_hcd.0: Dummy host controller
[  140.199548][    T1] dummy_hcd dummy_hcd.0: new USB bus registered, assigned bus number 1
[  140.246848][    T1] usb usb1: New USB device found, idVendor=1d6b, idProduct=0002, bcdDevice= 6.10
[  140.247741][    T1] usb usb1: New USB device strings: Mfr=3, Product=2, SerialNumber=1
[  140.248059][    T1] usb usb1: Product: Dummy host controller
[  140.248303][    T1] usb usb1: Manufacturer: Linux 6.10.0-rc4-next-20240617 dummy_hcd
[  140.248582][    T1] usb usb1: SerialNumber: dummy_hcd.0
[  140.422060][    T1] hub 1-0:1.0: USB hub found
[  140.427316][    T1] hub 1-0:1.0: 1 port detected
[  140.496995][    T1] dummy_hcd dummy_hcd.1: USB Host+Gadget Emulator, driver 02 May 2005
[  140.497681][    T1] dummy_hcd dummy_hcd.1: Dummy host controller
[  140.521329][    T1] dummy_hcd dummy_hcd.1: new USB bus registered, assigned bus number 2
[  140.532534][    T1] usb usb2: New USB device found, idVendor=1d6b, idProduct=0002, bcdDevice= 6.10
[  140.532897][    T1] usb usb2: New USB device strings: Mfr=3, Product=2, SerialNumber=1
[  140.533181][    T1] usb usb2: Product: Dummy host controller
[  140.533408][    T1] usb usb2: Manufacturer: Linux 6.10.0-rc4-next-20240617 dummy_hcd
[  140.533664][    T1] usb usb2: SerialNumber: dummy_hcd.1
[  140.585579][    T1] hub 2-0:1.0: USB hub found
[  140.587713][    T1] hub 2-0:1.0: 1 port detected
[  140.665612][    T1] dummy_hcd dummy_hcd.2: USB Host+Gadget Emulator, driver 02 May 2005
[  140.666343][    T1] dummy_hcd dummy_hcd.2: Dummy host controller
[  140.693902][    T1] dummy_hcd dummy_hcd.2: new USB bus registered, assigned bus number 3
[  140.713263][    T1] usb usb3: New USB device found, idVendor=1d6b, idProduct=0002, bcdDevice= 6.10
[  140.713701][    T1] usb usb3: New USB device strings: Mfr=3, Product=2, SerialNumber=1
[  140.714019][    T1] usb usb3: Product: Dummy host controller
[  140.714250][    T1] usb usb3: Manufacturer: Linux 6.10.0-rc4-next-20240617 dummy_hcd
[  140.714511][    T1] usb usb3: SerialNumber: dummy_hcd.2
[  140.747136][    T1] hub 3-0:1.0: USB hub found
[  140.760697][    T1] hub 3-0:1.0: 1 port detected
[  140.805356][    T1] dummy_hcd dummy_hcd.3: USB Host+Gadget Emulator, driver 02 May 2005
[  140.806004][    T1] dummy_hcd dummy_hcd.3: Dummy host controller
[  140.840626][    T1] dummy_hcd dummy_hcd.3: new USB bus registered, assigned bus number 4
[  140.866671][    T1] usb usb4: New USB device found, idVendor=1d6b, idProduct=0002, bcdDevice= 6.10
[  140.867050][    T1] usb usb4: New USB device strings: Mfr=3, Product=2, SerialNumber=1
[  140.867346][    T1] usb usb4: Product: Dummy host controller
[  140.867579][    T1] usb usb4: Manufacturer: Linux 6.10.0-rc4-next-20240617 dummy_hcd
[  140.867829][    T1] usb usb4: SerialNumber: dummy_hcd.3
[  140.914020][    T1] hub 4-0:1.0: USB hub found
[  140.916355][    T1] hub 4-0:1.0: 1 port detected
[  140.984113][    T1] dummy_hcd dummy_hcd.4: USB Host+Gadget Emulator, driver 02 May 2005
[  140.984768][    T1] dummy_hcd dummy_hcd.4: Dummy host controller
[  141.007621][    T1] dummy_hcd dummy_hcd.4: new USB bus registered, assigned bus number 5
[  141.063490][    T1] usb usb5: New USB device found, idVendor=1d6b, idProduct=0002, bcdDevice= 6.10
[  141.063902][    T1] usb usb5: New USB device strings: Mfr=3, Product=2, SerialNumber=1
[  141.064225][    T1] usb usb5: Product: Dummy host controller
[  141.064453][    T1] usb usb5: Manufacturer: Linux 6.10.0-rc4-next-20240617 dummy_hcd
[  141.064723][    T1] usb usb5: SerialNumber: dummy_hcd.4
[  141.154219][    T1] hub 5-0:1.0: USB hub found
[  141.156627][    T1] hub 5-0:1.0: 1 port detected
[  141.228160][    T1] dummy_hcd dummy_hcd.5: USB Host+Gadget Emulator, driver 02 May 2005
[  141.238999][    T1] dummy_hcd dummy_hcd.5: Dummy host controller
[  141.250933][    T1] dummy_hcd dummy_hcd.5: new USB bus registered, assigned bus number 6
[  141.271154][    T1] usb usb6: New USB device found, idVendor=1d6b, idProduct=0002, bcdDevice= 6.10
[  141.271533][    T1] usb usb6: New USB device strings: Mfr=3, Product=2, SerialNumber=1
[  141.271822][    T1] usb usb6: Product: Dummy host controller
[  141.272049][    T1] usb usb6: Manufacturer: Linux 6.10.0-rc4-next-20240617 dummy_hcd
[  141.272332][    T1] usb usb6: SerialNumber: dummy_hcd.5
[  141.370662][    T1] hub 6-0:1.0: USB hub found
[  141.373009][    T1] hub 6-0:1.0: 1 port detected
[  141.447344][    T1] dummy_hcd dummy_hcd.6: USB Host+Gadget Emulator, driver 02 May 2005
[  141.448080][    T1] dummy_hcd dummy_hcd.6: Dummy host controller
[  141.487855][    T1] dummy_hcd dummy_hcd.6: new USB bus registered, assigned bus number 7
[  141.514041][    T1] usb usb7: New USB device found, idVendor=1d6b, idProduct=0002, bcdDevice= 6.10
[  141.514489][    T1] usb usb7: New USB device strings: Mfr=3, Product=2, SerialNumber=1
[  141.514789][    T1] usb usb7: Product: Dummy host controller
[  141.515024][    T1] usb usb7: Manufacturer: Linux 6.10.0-rc4-next-20240617 dummy_hcd
[  141.515279][    T1] usb usb7: SerialNumber: dummy_hcd.6
[  141.580325][    T1] hub 7-0:1.0: USB hub found
[  141.582969][    T1] hub 7-0:1.0: 1 port detected
[  141.633213][    T1] dummy_hcd dummy_hcd.7: USB Host+Gadget Emulator, driver 02 May 2005
[  141.633861][    T1] dummy_hcd dummy_hcd.7: Dummy host controller
[  141.652802][    T1] dummy_hcd dummy_hcd.7: new USB bus registered, assigned bus number 8
[  141.674875][    T1] usb usb8: New USB device found, idVendor=1d6b, idProduct=0002, bcdDevice= 6.10
[  141.675241][    T1] usb usb8: New USB device strings: Mfr=3, Product=2, SerialNumber=1
[  141.675532][    T1] usb usb8: Product: Dummy host controller
[  141.675763][    T1] usb usb8: Manufacturer: Linux 6.10.0-rc4-next-20240617 dummy_hcd
[  141.676012][    T1] usb usb8: SerialNumber: dummy_hcd.7
[  141.725715][    T1] hub 8-0:1.0: USB hub found
[  141.747416][    T1] hub 8-0:1.0: 1 port detected
[  142.213942][    T1] SPI driver max3420-udc has no spi_device_id for maxim,max3421-udc
[  142.238423][    T1] gadgetfs: USB Gadget filesystem, version 24 Aug 2004
[  142.316202][    T1] vhci_hcd vhci_hcd.0: USB/IP Virtual Host Controller
[  142.345565][    T1] vhci_hcd vhci_hcd.0: new USB bus registered, assigned bus number 9
[  142.362712][    T1] vhci_hcd: created sysfs vhci_hcd.0
[  142.394357][    T1] usb usb9: New USB device found, idVendor=1d6b, idProduct=0002, bcdDevice= 6.10
[  142.394787][    T1] usb usb9: New USB device strings: Mfr=3, Product=2, SerialNumber=1
[  142.395092][    T1] usb usb9: Product: USB/IP Virtual Host Controller
[  142.395354][    T1] usb usb9: Manufacturer: Linux 6.10.0-rc4-next-20240617 vhci_hcd
[  142.395639][    T1] usb usb9: SerialNumber: vhci_hcd.0
[  142.567073][    T1] hub 9-0:1.0: USB hub found
[  142.581690][    T1] hub 9-0:1.0: 8 ports detected
[  142.812082][    T1] vhci_hcd vhci_hcd.0: USB/IP Virtual Host Controller
[  142.832400][    T1] vhci_hcd vhci_hcd.0: new USB bus registered, assigned bus number 10
[  142.837698][    T1] usb usb10: We don't know the algorithms for LPM for this host, disabling LPM.
[  142.900925][    T1] usb usb10: New USB device found, idVendor=1d6b, idProduct=0003, bcdDevice= 6.10
[  142.901352][    T1] usb usb10: New USB device strings: Mfr=3, Product=2, SerialNumber=1
[  142.901657][    T1] usb usb10: Product: USB/IP Virtual Host Controller
[  142.901899][    T1] usb usb10: Manufacturer: Linux 6.10.0-rc4-next-20240617 vhci_hcd
[  142.902154][    T1] usb usb10: SerialNumber: vhci_hcd.0
[  142.945303][    T1] hub 10-0:1.0: USB hub found
[  142.962214][    T1] hub 10-0:1.0: 8 ports detected
[  143.175810][    T1] vhci_hcd vhci_hcd.1: USB/IP Virtual Host Controller
[  143.212537][    T1] vhci_hcd vhci_hcd.1: new USB bus registered, assigned bus number 11
[  143.236267][    T1] usb usb11: New USB device found, idVendor=1d6b, idProduct=0002, bcdDevice= 6.10
[  143.236751][    T1] usb usb11: New USB device strings: Mfr=3, Product=2, SerialNumber=1
[  143.237092][    T1] usb usb11: Product: USB/IP Virtual Host Controller
[  143.237340][    T1] usb usb11: Manufacturer: Linux 6.10.0-rc4-next-20240617 vhci_hcd
[  143.237613][    T1] usb usb11: SerialNumber: vhci_hcd.1
[  143.295680][    T1] hub 11-0:1.0: USB hub found
[  143.298218][    T1] hub 11-0:1.0: 8 ports detected
[  143.494277][    T1] vhci_hcd vhci_hcd.1: USB/IP Virtual Host Controller
[  143.520362][    T1] vhci_hcd vhci_hcd.1: new USB bus registered, assigned bus number 12
[  143.524779][    T1] usb usb12: We don't know the algorithms for LPM for this host, disabling LPM.
[  143.535357][    T1] usb usb12: New USB device found, idVendor=1d6b, idProduct=0003, bcdDevice= 6.10
[  143.535727][    T1] usb usb12: New USB device strings: Mfr=3, Product=2, SerialNumber=1
[  143.536018][    T1] usb usb12: Product: USB/IP Virtual Host Controller
[  143.536258][    T1] usb usb12: Manufacturer: Linux 6.10.0-rc4-next-20240617 vhci_hcd
[  143.536513][    T1] usb usb12: SerialNumber: vhci_hcd.1
[  143.588215][    T1] hub 12-0:1.0: USB hub found
[  143.592841][    T1] hub 12-0:1.0: 8 ports detected
[  143.747439][    T1] vhci_hcd vhci_hcd.2: USB/IP Virtual Host Controller
[  143.785816][    T1] vhci_hcd vhci_hcd.2: new USB bus registered, assigned bus number 13
[  143.831845][    T1] usb usb13: New USB device found, idVendor=1d6b, idProduct=0002, bcdDevice= 6.10
[  143.832306][    T1] usb usb13: New USB device strings: Mfr=3, Product=2, SerialNumber=1
[  143.832613][    T1] usb usb13: Product: USB/IP Virtual Host Controller
[  143.832857][    T1] usb usb13: Manufacturer: Linux 6.10.0-rc4-next-20240617 vhci_hcd
[  143.833111][    T1] usb usb13: SerialNumber: vhci_hcd.2
[  143.867377][    T1] hub 13-0:1.0: USB hub found
[  143.876462][    T1] hub 13-0:1.0: 8 ports detected
[  144.082621][    T1] vhci_hcd vhci_hcd.2: USB/IP Virtual Host Controller
[  144.109668][    T1] vhci_hcd vhci_hcd.2: new USB bus registered, assigned bus number 14
[  144.114467][    T1] usb usb14: We don't know the algorithms for LPM for this host, disabling LPM.
[  144.125358][    T1] usb usb14: New USB device found, idVendor=1d6b, idProduct=0003, bcdDevice= 6.10
[  144.125733][    T1] usb usb14: New USB device strings: Mfr=3, Product=2, SerialNumber=1
[  144.126027][    T1] usb usb14: Product: USB/IP Virtual Host Controller
[  144.126289][    T1] usb usb14: Manufacturer: Linux 6.10.0-rc4-next-20240617 vhci_hcd
[  144.126557][    T1] usb usb14: SerialNumber: vhci_hcd.2
[  144.162740][    T1] hub 14-0:1.0: USB hub found
[  144.165056][    T1] hub 14-0:1.0: 8 ports detected
[  144.370521][    T1] vhci_hcd vhci_hcd.3: USB/IP Virtual Host Controller
[  144.378044][    T1] vhci_hcd vhci_hcd.3: new USB bus registered, assigned bus number 15
[  144.402628][    T1] usb usb15: New USB device found, idVendor=1d6b, idProduct=0002, bcdDevice= 6.10
[  144.403036][    T1] usb usb15: New USB device strings: Mfr=3, Product=2, SerialNumber=1
[  144.403329][    T1] usb usb15: Product: USB/IP Virtual Host Controller
[  144.403587][    T1] usb usb15: Manufacturer: Linux 6.10.0-rc4-next-20240617 vhci_hcd
[  144.403890][    T1] usb usb15: SerialNumber: vhci_hcd.3
[  144.464106][    T1] hub 15-0:1.0: USB hub found
[  144.469502][    T1] hub 15-0:1.0: 8 ports detected
[  144.629804][    T1] vhci_hcd vhci_hcd.3: USB/IP Virtual Host Controller
[  144.649892][    T1] vhci_hcd vhci_hcd.3: new USB bus registered, assigned bus number 16
[  144.654139][    T1] usb usb16: We don't know the algorithms for LPM for this host, disabling LPM.
[  144.673818][    T1] usb usb16: New USB device found, idVendor=1d6b, idProduct=0003, bcdDevice= 6.10
[  144.674183][    T1] usb usb16: New USB device strings: Mfr=3, Product=2, SerialNumber=1
[  144.674471][    T1] usb usb16: Product: USB/IP Virtual Host Controller
[  144.674719][    T1] usb usb16: Manufacturer: Linux 6.10.0-rc4-next-20240617 vhci_hcd
[  144.674974][    T1] usb usb16: SerialNumber: vhci_hcd.3
[  144.770239][    T1] hub 16-0:1.0: USB hub found
[  144.772727][    T1] hub 16-0:1.0: 8 ports detected
[  144.973254][    T1] vhci_hcd vhci_hcd.4: USB/IP Virtual Host Controller
[  144.991664][    T1] vhci_hcd vhci_hcd.4: new USB bus registered, assigned bus number 17
[  145.007966][    T1] usb usb17: New USB device found, idVendor=1d6b, idProduct=0002, bcdDevice= 6.10
[  145.008369][    T1] usb usb17: New USB device strings: Mfr=3, Product=2, SerialNumber=1
[  145.020044][    T1] usb usb17: Product: USB/IP Virtual Host Controller
[  145.020310][    T1] usb usb17: Manufacturer: Linux 6.10.0-rc4-next-20240617 vhci_hcd
[  145.020576][    T1] usb usb17: SerialNumber: vhci_hcd.4
[  145.065132][    T1] hub 17-0:1.0: USB hub found
[  145.067634][    T1] hub 17-0:1.0: 8 ports detected
[  145.223398][    T1] vhci_hcd vhci_hcd.4: USB/IP Virtual Host Controller
[  145.241223][    T1] vhci_hcd vhci_hcd.4: new USB bus registered, assigned bus number 18
[  145.245351][    T1] usb usb18: We don't know the algorithms for LPM for this host, disabling LPM.
[  145.261043][    T1] usb usb18: New USB device found, idVendor=1d6b, idProduct=0003, bcdDevice= 6.10
[  145.261437][    T1] usb usb18: New USB device strings: Mfr=3, Product=2, SerialNumber=1
[  145.261741][    T1] usb usb18: Product: USB/IP Virtual Host Controller
[  145.261983][    T1] usb usb18: Manufacturer: Linux 6.10.0-rc4-next-20240617 vhci_hcd
[  145.262234][    T1] usb usb18: SerialNumber: vhci_hcd.4
[  145.307402][    T1] hub 18-0:1.0: USB hub found
[  145.316805][    T1] hub 18-0:1.0: 8 ports detected
[  145.601360][    T1] vhci_hcd vhci_hcd.5: USB/IP Virtual Host Controller
[  145.612347][    T1] vhci_hcd vhci_hcd.5: new USB bus registered, assigned bus number 19
[  145.636593][    T1] usb usb19: New USB device found, idVendor=1d6b, idProduct=0002, bcdDevice= 6.10
[  145.637032][    T1] usb usb19: New USB device strings: Mfr=3, Product=2, SerialNumber=1
[  145.637331][    T1] usb usb19: Product: USB/IP Virtual Host Controller
[  145.637580][    T1] usb usb19: Manufacturer: Linux 6.10.0-rc4-next-20240617 vhci_hcd
[  145.637840][    T1] usb usb19: SerialNumber: vhci_hcd.5
[  145.715382][    T1] hub 19-0:1.0: USB hub found
[  145.726555][    T1] hub 19-0:1.0: 8 ports detected
[  145.896753][    T1] vhci_hcd vhci_hcd.5: USB/IP Virtual Host Controller
[  145.908063][    T1] vhci_hcd vhci_hcd.5: new USB bus registered, assigned bus number 20
[  145.913338][    T1] usb usb20: We don't know the algorithms for LPM for this host, disabling LPM.
[  145.926965][    T1] usb usb20: New USB device found, idVendor=1d6b, idProduct=0003, bcdDevice= 6.10
[  145.927340][    T1] usb usb20: New USB device strings: Mfr=3, Product=2, SerialNumber=1
[  145.927636][    T1] usb usb20: Product: USB/IP Virtual Host Controller
[  145.927876][    T1] usb usb20: Manufacturer: Linux 6.10.0-rc4-next-20240617 vhci_hcd
[  145.930395][    T1] usb usb20: SerialNumber: vhci_hcd.5
[  145.974529][    T1] hub 20-0:1.0: USB hub found
[  145.976902][    T1] hub 20-0:1.0: 8 ports detected
[  146.185862][    T1] vhci_hcd vhci_hcd.6: USB/IP Virtual Host Controller
[  146.239883][    T1] vhci_hcd vhci_hcd.6: new USB bus registered, assigned bus number 21
[  146.262219][    T1] usb usb21: New USB device found, idVendor=1d6b, idProduct=0002, bcdDevice= 6.10
[  146.262616][    T1] usb usb21: New USB device strings: Mfr=3, Product=2, SerialNumber=1
[  146.262910][    T1] usb usb21: Product: USB/IP Virtual Host Controller
[  146.263154][    T1] usb usb21: Manufacturer: Linux 6.10.0-rc4-next-20240617 vhci_hcd
[  146.263407][    T1] usb usb21: SerialNumber: vhci_hcd.6
[  146.324368][    T1] hub 21-0:1.0: USB hub found
[  146.358833][    T1] hub 21-0:1.0: 8 ports detected
[  146.564744][    T1] vhci_hcd vhci_hcd.6: USB/IP Virtual Host Controller
[  146.574801][    T1] vhci_hcd vhci_hcd.6: new USB bus registered, assigned bus number 22
[  146.584458][    T1] usb usb22: We don't know the algorithms for LPM for this host, disabling LPM.
[  146.615646][    T1] usb usb22: New USB device found, idVendor=1d6b, idProduct=0003, bcdDevice= 6.10
[  146.616067][    T1] usb usb22: New USB device strings: Mfr=3, Product=2, SerialNumber=1
[  146.616360][    T1] usb usb22: Product: USB/IP Virtual Host Controller
[  146.616612][    T1] usb usb22: Manufacturer: Linux 6.10.0-rc4-next-20240617 vhci_hcd
[  146.616881][    T1] usb usb22: SerialNumber: vhci_hcd.6
[  146.675374][    T1] hub 22-0:1.0: USB hub found
[  146.690543][    T1] hub 22-0:1.0: 8 ports detected
[  146.964932][    T1] vhci_hcd vhci_hcd.7: USB/IP Virtual Host Controller
[  146.996391][    T1] vhci_hcd vhci_hcd.7: new USB bus registered, assigned bus number 23
[  147.026946][    T1] usb usb23: New USB device found, idVendor=1d6b, idProduct=0002, bcdDevice= 6.10
[  147.027372][    T1] usb usb23: New USB device strings: Mfr=3, Product=2, SerialNumber=1
[  147.027709][    T1] usb usb23: Product: USB/IP Virtual Host Controller
[  147.027971][    T1] usb usb23: Manufacturer: Linux 6.10.0-rc4-next-20240617 vhci_hcd
[  147.028175][    T1] usb usb23: SerialNumber: vhci_hcd.7
[  147.087030][    T1] hub 23-0:1.0: USB hub found
[  147.118634][    T1] hub 23-0:1.0: 8 ports detected
[  147.297085][    T1] vhci_hcd vhci_hcd.7: USB/IP Virtual Host Controller
[  147.354916][    T1] vhci_hcd vhci_hcd.7: new USB bus registered, assigned bus number 24
[  147.371865][    T1] usb usb24: We don't know the algorithms for LPM for this host, disabling LPM.
[  147.391286][    T1] usb usb24: New USB device found, idVendor=1d6b, idProduct=0003, bcdDevice= 6.10
[  147.391659][    T1] usb usb24: New USB device strings: Mfr=3, Product=2, SerialNumber=1
[  147.391946][    T1] usb usb24: Product: USB/IP Virtual Host Controller
[  147.392187][    T1] usb usb24: Manufacturer: Linux 6.10.0-rc4-next-20240617 vhci_hcd
[  147.392437][    T1] usb usb24: SerialNumber: vhci_hcd.7
[  147.441219][    T1] hub 24-0:1.0: USB hub found
[  147.443547][    T1] hub 24-0:1.0: 8 ports detected
[  147.680174][    T1] vhci_hcd vhci_hcd.8: USB/IP Virtual Host Controller
[  147.699981][    T1] vhci_hcd vhci_hcd.8: new USB bus registered, assigned bus number 25
[  147.731836][    T1] usb usb25: New USB device found, idVendor=1d6b, idProduct=0002, bcdDevice= 6.10
[  147.732247][    T1] usb usb25: New USB device strings: Mfr=3, Product=2, SerialNumber=1
[  147.732547][    T1] usb usb25: Product: USB/IP Virtual Host Controller
[  147.732791][    T1] usb usb25: Manufacturer: Linux 6.10.0-rc4-next-20240617 vhci_hcd
[  147.733045][    T1] usb usb25: SerialNumber: vhci_hcd.8
[  147.794314][    T1] hub 25-0:1.0: USB hub found
[  147.796716][    T1] hub 25-0:1.0: 8 ports detected
[  148.023946][    T1] vhci_hcd vhci_hcd.8: USB/IP Virtual Host Controller
[  148.044654][    T1] vhci_hcd vhci_hcd.8: new USB bus registered, assigned bus number 26
[  148.054935][    T1] usb usb26: We don't know the algorithms for LPM for this host, disabling LPM.
[  148.066437][    T1] usb usb26: New USB device found, idVendor=1d6b, idProduct=0003, bcdDevice= 6.10
[  148.066813][    T1] usb usb26: New USB device strings: Mfr=3, Product=2, SerialNumber=1
[  148.067102][    T1] usb usb26: Product: USB/IP Virtual Host Controller
[  148.067346][    T1] usb usb26: Manufacturer: Linux 6.10.0-rc4-next-20240617 vhci_hcd
[  148.067606][    T1] usb usb26: SerialNumber: vhci_hcd.8
[  148.118126][    T1] hub 26-0:1.0: USB hub found
[  148.122700][    T1] hub 26-0:1.0: 8 ports detected
[  148.321505][    T1] vhci_hcd vhci_hcd.9: USB/IP Virtual Host Controller
[  148.336345][    T1] vhci_hcd vhci_hcd.9: new USB bus registered, assigned bus number 27
[  148.369814][    T1] usb usb27: New USB device found, idVendor=1d6b, idProduct=0002, bcdDevice= 6.10
[  148.370290][    T1] usb usb27: New USB device strings: Mfr=3, Product=2, SerialNumber=1
[  148.370600][    T1] usb usb27: Product: USB/IP Virtual Host Controller
[  148.370850][    T1] usb usb27: Manufacturer: Linux 6.10.0-rc4-next-20240617 vhci_hcd
[  148.371105][    T1] usb usb27: SerialNumber: vhci_hcd.9
[  148.425255][    T1] hub 27-0:1.0: USB hub found
[  148.427906][    T1] hub 27-0:1.0: 8 ports detected
[  148.671297][    T1] vhci_hcd vhci_hcd.9: USB/IP Virtual Host Controller
[  148.678721][    T1] vhci_hcd vhci_hcd.9: new USB bus registered, assigned bus number 28
[  148.687437][    T1] usb usb28: We don't know the algorithms for LPM for this host, disabling LPM.
[  148.699890][    T1] usb usb28: New USB device found, idVendor=1d6b, idProduct=0003, bcdDevice= 6.10
[  148.700265][    T1] usb usb28: New USB device strings: Mfr=3, Product=2, SerialNumber=1
[  148.700561][    T1] usb usb28: Product: USB/IP Virtual Host Controller
[  148.700803][    T1] usb usb28: Manufacturer: Linux 6.10.0-rc4-next-20240617 vhci_hcd
[  148.701052][    T1] usb usb28: SerialNumber: vhci_hcd.9
[  148.756537][    T1] hub 28-0:1.0: USB hub found
[  148.760516][    T1] hub 28-0:1.0: 8 ports detected
[  148.962258][    T1] vhci_hcd vhci_hcd.10: USB/IP Virtual Host Controller
[  148.973171][    T1] vhci_hcd vhci_hcd.10: new USB bus registered, assigned bus number 29
[  149.011375][    T1] usb usb29: New USB device found, idVendor=1d6b, idProduct=0002, bcdDevice= 6.10
[  149.011809][    T1] usb usb29: New USB device strings: Mfr=3, Product=2, SerialNumber=1
[  149.012107][    T1] usb usb29: Product: USB/IP Virtual Host Controller
[  149.012350][    T1] usb usb29: Manufacturer: Linux 6.10.0-rc4-next-20240617 vhci_hcd
[  149.012608][    T1] usb usb29: SerialNumber: vhci_hcd.10
[  149.074960][    T1] hub 29-0:1.0: USB hub found
[  149.077552][    T1] hub 29-0:1.0: 8 ports detected
[  149.202911][    T1] vhci_hcd vhci_hcd.10: USB/IP Virtual Host Controller
[  149.226011][    T1] vhci_hcd vhci_hcd.10: new USB bus registered, assigned bus number 30
[  149.235508][    T1] usb usb30: We don't know the algorithms for LPM for this host, disabling LPM.
[  149.254671][    T1] usb usb30: New USB device found, idVendor=1d6b, idProduct=0003, bcdDevice= 6.10
[  149.255107][    T1] usb usb30: New USB device strings: Mfr=3, Product=2, SerialNumber=1
[  149.255418][    T1] usb usb30: Product: USB/IP Virtual Host Controller
[  149.255701][    T1] usb usb30: Manufacturer: Linux 6.10.0-rc4-next-20240617 vhci_hcd
[  149.255972][    T1] usb usb30: SerialNumber: vhci_hcd.10
[  149.316663][    T1] hub 30-0:1.0: USB hub found
[  149.323439][    T1] hub 30-0:1.0: 8 ports detected
[  149.502709][    T1] vhci_hcd vhci_hcd.11: USB/IP Virtual Host Controller
[  149.544869][    T1] vhci_hcd vhci_hcd.11: new USB bus registered, assigned bus number 31
[  149.614424][    T1] usb usb31: New USB device found, idVendor=1d6b, idProduct=0002, bcdDevice= 6.10
[  149.614881][    T1] usb usb31: New USB device strings: Mfr=3, Product=2, SerialNumber=1
[  149.615188][    T1] usb usb31: Product: USB/IP Virtual Host Controller
[  149.615441][    T1] usb usb31: Manufacturer: Linux 6.10.0-rc4-next-20240617 vhci_hcd
[  149.615709][    T1] usb usb31: SerialNumber: vhci_hcd.11
[  149.653092][    T1] hub 31-0:1.0: USB hub found
[  149.655530][    T1] hub 31-0:1.0: 8 ports detected
[  149.814358][    T1] vhci_hcd vhci_hcd.11: USB/IP Virtual Host Controller
[  149.822825][    T1] vhci_hcd vhci_hcd.11: new USB bus registered, assigned bus number 32
[  149.826907][    T1] usb usb32: We don't know the algorithms for LPM for this host, disabling LPM.
[  149.837674][    T1] usb usb32: New USB device found, idVendor=1d6b, idProduct=0003, bcdDevice= 6.10
[  149.838086][    T1] usb usb32: New USB device strings: Mfr=3, Product=2, SerialNumber=1
[  149.852648][    T1] usb usb32: Product: USB/IP Virtual Host Controller
[  149.852967][    T1] usb usb32: Manufacturer: Linux 6.10.0-rc4-next-20240617 vhci_hcd
[  149.853236][    T1] usb usb32: SerialNumber: vhci_hcd.11
[  149.912014][    T1] hub 32-0:1.0: USB hub found
[  149.914353][    T1] hub 32-0:1.0: 8 ports detected
[  150.117715][    T1] vhci_hcd vhci_hcd.12: USB/IP Virtual Host Controller
[  150.150253][    T1] vhci_hcd vhci_hcd.12: new USB bus registered, assigned bus number 33
[  150.165912][    T1] usb usb33: New USB device found, idVendor=1d6b, idProduct=0002, bcdDevice= 6.10
[  150.166396][    T1] usb usb33: New USB device strings: Mfr=3, Product=2, SerialNumber=1
[  150.166735][    T1] usb usb33: Product: USB/IP Virtual Host Controller
[  150.166988][    T1] usb usb33: Manufacturer: Linux 6.10.0-rc4-next-20240617 vhci_hcd
[  150.167243][    T1] usb usb33: SerialNumber: vhci_hcd.12
[  150.254070][    T1] hub 33-0:1.0: USB hub found
[  150.256480][    T1] hub 33-0:1.0: 8 ports detected
[  150.441440][    T1] vhci_hcd vhci_hcd.12: USB/IP Virtual Host Controller
[  150.456078][    T1] vhci_hcd vhci_hcd.12: new USB bus registered, assigned bus number 34
[  150.472426][    T1] usb usb34: We don't know the algorithms for LPM for this host, disabling LPM.
[  150.493124][    T1] usb usb34: New USB device found, idVendor=1d6b, idProduct=0003, bcdDevice= 6.10
[  150.493525][    T1] usb usb34: New USB device strings: Mfr=3, Product=2, SerialNumber=1
[  150.493845][    T1] usb usb34: Product: USB/IP Virtual Host Controller
[  150.494093][    T1] usb usb34: Manufacturer: Linux 6.10.0-rc4-next-20240617 vhci_hcd
[  150.494359][    T1] usb usb34: SerialNumber: vhci_hcd.12
[  150.554695][    T1] hub 34-0:1.0: USB hub found
[  150.564149][    T1] hub 34-0:1.0: 8 ports detected
[  150.802068][    T1] vhci_hcd vhci_hcd.13: USB/IP Virtual Host Controller
[  150.851362][    T1] vhci_hcd vhci_hcd.13: new USB bus registered, assigned bus number 35
[  150.874282][    T1] usb usb35: New USB device found, idVendor=1d6b, idProduct=0002, bcdDevice= 6.10
[  150.874668][    T1] usb usb35: New USB device strings: Mfr=3, Product=2, SerialNumber=1
[  150.874956][    T1] usb usb35: Product: USB/IP Virtual Host Controller
[  150.875204][    T1] usb usb35: Manufacturer: Linux 6.10.0-rc4-next-20240617 vhci_hcd
[  150.875483][    T1] usb usb35: SerialNumber: vhci_hcd.13
[  150.933063][    T1] hub 35-0:1.0: USB hub found
[  150.935357][    T1] hub 35-0:1.0: 8 ports detected
[  151.112022][    T1] vhci_hcd vhci_hcd.13: USB/IP Virtual Host Controller
[  151.122932][    T1] vhci_hcd vhci_hcd.13: new USB bus registered, assigned bus number 36
[  151.128133][    T1] usb usb36: We don't know the algorithms for LPM for this host, disabling LPM.
[  151.189626][    T1] usb usb36: New USB device found, idVendor=1d6b, idProduct=0003, bcdDevice= 6.10
[  151.190051][    T1] usb usb36: New USB device strings: Mfr=3, Product=2, SerialNumber=1
[  151.190345][    T1] usb usb36: Product: USB/IP Virtual Host Controller
[  151.190603][    T1] usb usb36: Manufacturer: Linux 6.10.0-rc4-next-20240617 vhci_hcd
[  151.190887][    T1] usb usb36: SerialNumber: vhci_hcd.13
[  151.275885][    T1] hub 36-0:1.0: USB hub found
[  151.292825][    T1] hub 36-0:1.0: 8 ports detected
[  151.470572][    T1] vhci_hcd vhci_hcd.14: USB/IP Virtual Host Controller
[  151.489313][    T1] vhci_hcd vhci_hcd.14: new USB bus registered, assigned bus number 37
[  151.513243][    T1] usb usb37: New USB device found, idVendor=1d6b, idProduct=0002, bcdDevice= 6.10
[  151.513734][    T1] usb usb37: New USB device strings: Mfr=3, Product=2, SerialNumber=1
[  151.514027][    T1] usb usb37: Product: USB/IP Virtual Host Controller
[  151.514271][    T1] usb usb37: Manufacturer: Linux 6.10.0-rc4-next-20240617 vhci_hcd
[  151.514547][    T1] usb usb37: SerialNumber: vhci_hcd.14
[  151.570220][    T1] hub 37-0:1.0: USB hub found
[  151.575174][    T1] hub 37-0:1.0: 8 ports detected
[  151.793968][    T1] vhci_hcd vhci_hcd.14: USB/IP Virtual Host Controller
[  151.811931][    T1] vhci_hcd vhci_hcd.14: new USB bus registered, assigned bus number 38
[  151.817847][    T1] usb usb38: We don't know the algorithms for LPM for this host, disabling LPM.
[  151.834432][    T1] usb usb38: New USB device found, idVendor=1d6b, idProduct=0003, bcdDevice= 6.10
[  151.834822][    T1] usb usb38: New USB device strings: Mfr=3, Product=2, SerialNumber=1
[  151.835113][    T1] usb usb38: Product: USB/IP Virtual Host Controller
[  151.835355][    T1] usb usb38: Manufacturer: Linux 6.10.0-rc4-next-20240617 vhci_hcd
[  151.835614][    T1] usb usb38: SerialNumber: vhci_hcd.14
[  151.882137][    T1] hub 38-0:1.0: USB hub found
[  151.885995][    T1] hub 38-0:1.0: 8 ports detected
[  152.105755][    T1] vhci_hcd vhci_hcd.15: USB/IP Virtual Host Controller
[  152.126688][    T1] vhci_hcd vhci_hcd.15: new USB bus registered, assigned bus number 39
[  152.156700][    T1] usb usb39: New USB device found, idVendor=1d6b, idProduct=0002, bcdDevice= 6.10
[  152.157085][    T1] usb usb39: New USB device strings: Mfr=3, Product=2, SerialNumber=1
[  152.157375][    T1] usb usb39: Product: USB/IP Virtual Host Controller
[  152.157633][    T1] usb usb39: Manufacturer: Linux 6.10.0-rc4-next-20240617 vhci_hcd
[  152.157903][    T1] usb usb39: SerialNumber: vhci_hcd.15
[  152.211356][    T1] hub 39-0:1.0: USB hub found
[  152.213739][    T1] hub 39-0:1.0: 8 ports detected
[  152.373845][    T1] vhci_hcd vhci_hcd.15: USB/IP Virtual Host Controller
[  152.392423][    T1] vhci_hcd vhci_hcd.15: new USB bus registered, assigned bus number 40
[  152.397000][    T1] usb usb40: We don't know the algorithms for LPM for this host, disabling LPM.
[  152.412401][    T1] usb usb40: New USB device found, idVendor=1d6b, idProduct=0003, bcdDevice= 6.10
[  152.412792][    T1] usb usb40: New USB device strings: Mfr=3, Product=2, SerialNumber=1
[  152.413080][    T1] usb usb40: Product: USB/IP Virtual Host Controller
[  152.413321][    T1] usb usb40: Manufacturer: Linux 6.10.0-rc4-next-20240617 vhci_hcd
[  152.413580][    T1] usb usb40: SerialNumber: vhci_hcd.15
[  152.455467][    T1] hub 40-0:1.0: USB hub found
[  152.457997][    T1] hub 40-0:1.0: 8 ports detected
[  152.657636][    T1] usbcore: registered new device driver usbip-host
[  152.929993][    T1] i8042: PNP: PS/2 Controller [PNP0303:KBD,PNP0f13:MOU] at 0x60,0x64 irq 1,12
[  152.972012][    T1] serio: i8042 KBD port at 0x60,0x64 irq 1
[  152.973697][    T1] serio: i8042 AUX port at 0x60,0x64 irq 12
[  153.080347][    T1] mousedev: PS/2 mouse device common for all mice
[  153.130590][    T1] usbcore: registered new interface driver appletouch
[  153.132843][    T1] usbcore: registered new interface driver bcm5974
[  153.176726][   T59] input: AT Translated Set 2 keyboard as /devices/platform/i8042/serio0/input/input1
[  153.189056][    T1] usbcore: registered new interface driver synaptics_usb
[  153.191217][    T1] usbcore: registered new interface driver iforce
[  153.193033][    T1] usbcore: registered new interface driver pxrc
[  153.196014][    T1] usbcore: registered new interface driver xpad
[  153.233512][    T1] usbcore: registered new interface driver usb_acecad
[  153.235438][    T1] usbcore: registered new interface driver aiptek
[  153.237290][    T1] usbcore: registered new interface driver hanwang
[  153.264989][    T1] usbcore: registered new interface driver kbtab
[  153.266931][    T1] usbcore: registered new interface driver pegasus_notetaker
[  153.281890][    T1] usbcore: registered new interface driver usbtouchscreen
[  153.286527][    T1] usbcore: registered new interface driver sur40
[  153.326227][    T1] usbcore: registered new interface driver ati_remote2
[  153.326652][    T1] cm109: Keymap for Komunikate KIP1000 phone loaded
[  153.332695][    T1] usbcore: registered new interface driver cm109
[  153.332984][    T1] cm109: CM109 phone driver: 20080805 (C) Alfred E. Heggestad
[  153.337442][    T1] usbcore: registered new interface driver ims_pcu
[  153.342449][    T1] usbcore: registered new interface driver keyspan_remote
[  153.344383][    T1] usbcore: registered new interface driver powermate
[  153.351685][    T1] usbcore: registered new interface driver yealink
[  153.471505][    T1] rtc_cmos 00:05: RTC can wake from S4
[  153.614951][    T1] rtc_cmos 00:05: registered as rtc0
[  153.615843][    T1] rtc_cmos 00:05: alarms up to one day, y3k, 242 bytes nvram, hpet irqs
[  153.634053][    T1] i2c_dev: i2c /dev entries driver
[  153.662052][    T1] usbcore: registered new interface driver i2c-diolan-u2c
[  153.666382][    T1] usbcore: registered new interface driver i2c-cp2615
[  153.668139][    T1] usbcore: registered new interface driver RobotFuzz Open Source InterFace, OSIF
[  153.684306][    T1] usbcore: registered new interface driver i2c-tiny-usb
[  153.757007][    T1] usbcore: registered new interface driver igorplugusb
[  153.797301][    T1] usbcore: registered new interface driver iguanair
[  153.822462][    T1] usbcore: registered new interface driver imon
[  153.827420][    T1] usbcore: registered new interface driver imon_raw
[  153.860004][    T1] usbcore: registered new interface driver mceusb
[  153.865134][    T1] usbcore: registered new interface driver redrat3
[  153.879498][    T1] usbcore: registered new interface driver streamzap
[  153.881414][    T1] usbcore: registered new interface driver ir_toy
[  153.883187][    T1] usbcore: registered new interface driver ttusbir
[  153.885232][    T1] usbcore: registered new interface driver ati_remote
[  153.887041][    T1] usbcore: registered new interface driver xbox_remote
[  153.902588][    T1] b2c2-flexcop: B2C2 FlexcopII/II(b)/III digital TV receiver chip loaded successfully
[  153.905895][    T1] usbcore: registered new interface driver b2c2_flexcop_usb
[  153.927574][    T1] usbcore: registered new interface driver dvb_usb_vp7045
[  153.943100][    T1] usbcore: registered new interface driver dvb_usb_vp702x
[  153.944939][    T1] usbcore: registered new interface driver dvb_usb_gp8psk
[  153.946935][    T1] usbcore: registered new interface driver dvb_usb_dtt200u
[  153.970206][    T1] usbcore: registered new interface driver dvb_usb_a800
[  153.972403][    T1] usbcore: registered new interface driver dvb_usb_dibusb_mb
[  153.974517][    T1] usbcore: registered new interface driver dvb_usb_dibusb_mc
[  153.976332][    T1] usbcore: registered new interface driver dvb_usb_nova_t_usb2
[  153.997232][    T1] usbcore: registered new interface driver dvb_usb_umt_010
[  154.014268][    T1] usbcore: registered new interface driver dvb_usb_m920x
[  154.021582][    T1] usbcore: registered new interface driver dvb_usb_digitv
[  154.026548][    T1] usbcore: registered new interface driver dvb_usb_cxusb
[  154.036372][    T1] usbcore: registered new interface driver dvb_usb_ttusb2
[  154.050425][    T1] usbcore: registered new interface driver dvb_usb_dib0700
[  154.056193][    T1] usbcore: registered new interface driver opera1
[  154.069284][    T1] usbcore: registered new interface driver dvb_usb_af9005
[  154.070640][    T1] failing symbol_get of non-GPLONLY symbol af9005_rc_decode.
[  154.077097][    T1] failing symbol_get of non-GPLONLY symbol af9005_rc_decode.
[  154.077097][    T1] failing symbol_get of non-GPLONLY symbol rc_map_af9005_table.
[  154.097268][    T1] failing symbol_get of non-GPLONLY symbol rc_map_af9005_table.
[  154.097608][    T1] failing symbol_get of non-GPLONLY symbol rc_map_af9005_table_size.
[  154.113235][    T1] failing symbol_get of non-GPLONLY symbol rc_map_af9005_table_size.
[  154.113601][    T1] af9005: af9005_rc_decode function not found, disabling remote
[  154.115835][    T1] usbcore: registered new interface driver pctv452e
[  154.118136][    T1] usbcore: registered new interface driver dw2102
[  154.135938][    T1] usbcore: registered new interface driver dvb_usb_dtv5100
[  154.149586][    T1] usbcore: registered new interface driver cinergyT2
[  154.151666][    T1] usbcore: registered new interface driver dvb_usb_az6027
[  154.153515][    T1] usbcore: registered new interface driver dvb_usb_technisat_usb2
[  154.158386][    T1] usbcore: registered new interface driver dvb_usb_af9015
[  154.160460][    T1] usbcore: registered new interface driver dvb_usb_af9035
[  154.162137][    T1] usbcore: registered new interface driver dvb_usb_anysee
[  154.163678][    T1] usbcore: registered new interface driver dvb_usb_au6610
[  154.165233][    T1] usbcore: registered new interface driver dvb_usb_az6007
[  154.167005][    T1] usbcore: registered new interface driver dvb_usb_ce6230
[  154.167312][    T1] usbcore: registered new interface driver dvb_usb_ec168
[  154.187585][    T1] usbcore: registered new interface driver dvb_usb_lmedm04
[  154.223534][    T1] usbcore: registered new interface driver dvb_usb_gl861
[  154.226592][    T1] usbcore: registered new interface driver dvb_usb_mxl111sf
[  154.240555][    T1] usbcore: registered new interface driver dvb_usb_rtl28xxu
[  154.242409][    T1] usbcore: registered new interface driver dvb_usb_dvbsky
[  154.244097][    T1] usbcore: registered new interface driver zd1301
[  154.245984][    T1] usbcore: registered new interface driver s2255
[  154.248313][    T1] usbcore: registered new interface driver smsusb
[  154.276022][    T1] usbcore: registered new interface driver ttusb
[  154.284889][    T1] usbcore: registered new interface driver ttusb-dec
[  154.286964][    T1] usbcore: registered new interface driver Abilis Systems as10x usb driver
[  154.306683][    T1] usbcore: registered new interface driver airspy
[  154.306985][    T1] gspca_main: v2.14.0 registered
[  154.322869][    T1] usbcore: registered new interface driver benq
[  154.327287][    T1] usbcore: registered new interface driver conex
[  154.340868][    T1] usbcore: registered new interface driver cpia1
[  154.346721][    T1] usbcore: registered new interface driver dtcs033
[  154.376662][    T1] usbcore: registered new interface driver etoms
[  154.392823][    T1] usbcore: registered new interface driver finepix
[  154.409316][    T1] usbcore: registered new interface driver jeilinj
[  154.412437][    T1] usbcore: registered new interface driver jl2005bcd
[  154.418196][    T1] usbcore: registered new interface driver kinect
[  154.471011][    T1] usbcore: registered new interface driver konica
[  154.473114][    T1] usbcore: registered new interface driver mars
[  154.475515][    T1] usbcore: registered new interface driver mr97310a
[  154.520588][    T1] usbcore: registered new interface driver nw80x
[  154.525296][    T1] usbcore: registered new interface driver ov519
[  154.527202][    T1] usbcore: registered new interface driver ov534
[  154.540741][    T1] usbcore: registered new interface driver ov534_9
[  154.546519][    T1] usbcore: registered new interface driver pac207
[  154.556761][    T1] usbcore: registered new interface driver gspca_pac7302
[  154.560637][    T1] usbcore: registered new interface driver pac7311
[  154.566408][    T1] usbcore: registered new interface driver se401
[  154.588893][    T1] usbcore: registered new interface driver sn9c2028
[  154.593442][    T1] usbcore: registered new interface driver gspca_sn9c20x
[  154.595565][    T1] usbcore: registered new interface driver sonixb
[  154.597264][    T1] usbcore: registered new interface driver sonixj
[  154.613933][    T1] usbcore: registered new interface driver spca500
