c[?7l[2J[0mSeaBIOS (version 1.15.0-1)


iPXE (https://ipxe.org) 00:03.0 CA00 PCI2.10 PnP PMM+3FF8B340+3FECB340 CA00
Press Ctrl-B to configure iPXE (PCI 00:03.0)...                                                                               


Booting from ROM...
c[?7l[2Jearly console in extract_kernel
input_data: 0x00000000152a02a3
input_len: 0x000000000614696a
output: 0x0000000001000000
output_len: 0x0000000012a2de08
kernel_total_size: 0x000000001a428000
needed_size: 0x000000001a600000
trampoline_32bit: 0x0000000000000000

Decompressing Linux... Parsing ELF... done.
Booting the kernel (entry_offset: 0x0000000010dc8250).
[    0.000000][    T0] Linux version 6.18.0-rc1-next-20251014 (dev@237e1f3c52b1) (x86_64-linux-gnu-gcc (Ubuntu 11.4.0-1ubuntu1~22.04) 11.4.0, Ubuntu LLD 15.0.7) #1 SMP PREEMPT_DYNAMIC Wed Dec 31 06:31:31 UTC 2025
[    0.000000][    T0] Command line: "console=ttyS0 earlyprintk=serial,ttyS0 root=/dev/sda1 rw net.ifnames=0"
[    0.000000][    T0] KERNEL supported cpus:
[    0.000000][    T0]   Intel GenuineIntel
[    0.000000][    T0]   AMD AuthenticAMD
[    0.000000][    T0] BIOS-provided physical RAM map:
[    0.000000][    T0] BIOS-e820: [mem 0x0000000000000000-0x000000000009fbff] usable
[    0.000000][    T0] BIOS-e820: [mem 0x000000000009fc00-0x000000000009ffff] reserved
[    0.000000][    T0] BIOS-e820: [mem 0x00000000000f0000-0x00000000000fffff] reserved
[    0.000000][    T0] BIOS-e820: [mem 0x0000000000100000-0x000000003ffdffff] usable
[    0.000000][    T0] BIOS-e820: [mem 0x000000003ffe0000-0x000000003fffffff] reserved
[    0.000000][    T0] BIOS-e820: [mem 0x00000000fffc0000-0x00000000ffffffff] reserved
[    0.000000][    T0] printk: legacy bootconsole [earlyser0] enabled
[    0.000000][    T0] ERROR: earlyprintk= earlyser already used
[    0.000000][    T0] ERROR: earlyprintk= earlyser already used
[    0.000000][    T0] ERROR: earlyprintk= earlyser already used
[    0.000000][    T0] Hash pointers mode set to never.
[    0.000000][    T0] Malformed early option 'vsyscall'
[    0.000000][    T0] NX (Execute Disable) protection: active
[    0.000000][    T0] APIC: Static calls initialized
[    0.000000][    T0] SMBIOS 2.8 present.
[    0.000000][    T0] DMI: QEMU Standard PC (i440FX + PIIX, 1996), BIOS 1.15.0-1 04/01/2014
[    0.000000][    T0] DMI: Memory slots populated: 1/1
[    0.000000][    T0] tsc: Fast TSC calibration using PIT
[    0.000000][    T0] tsc: Detected 1000.006 MHz processor
[    0.072237][    T0] last_pfn = 0x3ffe0 max_arch_pfn = 0x400000000
[    0.073681][    T0] MTRR map: 4 entries (3 fixed + 1 variable; max 19), built from 8 variable MTRRs
[    0.074235][    T0] x86/PAT: Configuration [0-7]: WB  WC  UC- UC  WB  WP  UC- WT  
[    0.096946][    T0] found SMP MP-table at [mem 0x000f5ba0-0x000f5baf]
[    0.114972][    T0] ACPI: Early table checksum verification disabled
[    0.115912][    T0] ACPI: RSDP 0x00000000000F59E0 000014 (v00 BOCHS )
[    0.116754][    T0] ACPI: RSDT 0x000000003FFE1960 000034 (v01 BOCHS  BXPC     00000001 BXPC 00000001)
[    0.118233][    T0] ACPI: FACP 0x000000003FFE180C 000074 (v01 BOCHS  BXPC     00000001 BXPC 00000001)
[    0.119940][    T0] ACPI: DSDT 0x000000003FFE0040 0017CC (v01 BOCHS  BXPC     00000001 BXPC 00000001)
[    0.120504][    T0] ACPI: FACS 0x000000003FFE0000 000040
[    0.120908][    T0] ACPI: APIC 0x000000003FFE1880 000080 (v01 BOCHS  BXPC     00000001 BXPC 00000001)
[    0.121331][    T0] ACPI: HPET 0x000000003FFE1900 000038 (v01 BOCHS  BXPC     00000001 BXPC 00000001)
[    0.121754][    T0] ACPI: WAET 0x000000003FFE1938 000028 (v01 BOCHS  BXPC     00000001 BXPC 00000001)
[    0.122355][    T0] ACPI: Reserving FACP table memory at [mem 0x3ffe180c-0x3ffe187f]
[    0.122771][    T0] ACPI: Reserving DSDT table memory at [mem 0x3ffe0040-0x3ffe180b]
[    0.123068][    T0] ACPI: Reserving FACS table memory at [mem 0x3ffe0000-0x3ffe003f]
[    0.123331][    T0] ACPI: Reserving APIC table memory at [mem 0x3ffe1880-0x3ffe18ff]
[    0.123566][    T0] ACPI: Reserving HPET table memory at [mem 0x3ffe1900-0x3ffe1937]
[    0.123807][    T0] ACPI: Reserving WAET table memory at [mem 0x3ffe1938-0x3ffe195f]
[    0.134745][    T0] No NUMA configuration found
[    0.135064][    T0] Faking a node at [mem 0x0000000000000000-0x000000003ffdffff]
[    0.136545][    T0] Faking node 0 at [mem 0x0000000000001000-0x0000000020000fff] (512MB)
[    0.136998][    T0] Faking node 1 at [mem 0x0000000020001000-0x000000003ffdffff] (511MB)
[    0.142274][    T0] NODE_DATA(0) allocated [mem 0x1fffb400-0x20000fff]
[    0.143406][    T0] NODE_DATA(1) allocated [mem 0x3ffd9400-0x3ffdefff]
[    0.153070][    T0] Zone ranges:
[    0.153383][    T0]   DMA      [mem 0x0000000000001000-0x0000000000ffffff]
[    0.153813][    T0]   DMA32    [mem 0x0000000001000000-0x000000003ffdffff]
[    0.154108][    T0]   Normal   empty
[    0.154324][    T0]   Device   empty
[    0.154525][    T0] Movable zone start for each node
[    0.154739][    T0] Early memory node ranges
[    0.154923][    T0]   node   0: [mem 0x0000000000001000-0x000000000009efff]
[    0.155345][    T0]   node   0: [mem 0x0000000000100000-0x0000000020000fff]
[    0.155616][    T0]   node   1: [mem 0x0000000020001000-0x000000003ffdffff]
[    0.156052][    T0] Initmem setup node 0 [mem 0x0000000000001000-0x0000000020000fff]
[    0.157456][    T0] Initmem setup node 1 [mem 0x0000000020001000-0x000000003ffdffff]
[    0.159115][    T0] On node 0, zone DMA: 1 pages in unavailable ranges
[    0.161050][    T0] On node 0, zone DMA: 97 pages in unavailable ranges
[    0.252676][    T0] On node 1, zone DMA32: 32 pages in unavailable ranges
[    0.410377][    T0] KernelAddressSanitizer initialized (generic)
[    0.411628][    T0] ACPI: PM-Timer IO Port: 0x608
[    0.412977][    T0] ACPI: LAPIC_NMI (acpi_id[0xff] dfl dfl lint[0x1])
[    0.414347][    T0] IOAPIC[0]: apic_id 0, version 32, address 0xfec00000, GSI 0-23
[    0.415124][    T0] ACPI: INT_SRC_OVR (bus 0 bus_irq 0 global_irq 2 dfl dfl)
[    0.416061][    T0] ACPI: INT_SRC_OVR (bus 0 bus_irq 5 global_irq 5 high level)
[    0.416473][    T0] ACPI: INT_SRC_OVR (bus 0 bus_irq 9 global_irq 9 high level)
[    0.416892][    T0] ACPI: INT_SRC_OVR (bus 0 bus_irq 10 global_irq 10 high level)
[    0.417174][    T0] ACPI: INT_SRC_OVR (bus 0 bus_irq 11 global_irq 11 high level)
[    0.418051][    T0] ACPI: Using ACPI (MADT) for SMP configuration information
[    0.418490][    T0] ACPI: HPET id: 0x8086a201 base: 0xfed00000
[    0.419337][    T0] CPU topo: Max. logical packages:   1
[    0.419575][    T0] CPU topo: Max. logical dies:       1
[    0.419789][    T0] CPU topo: Max. dies per package:   1
[    0.420068][    T0] CPU topo: Max. threads per core:   1
[    0.420510][    T0] CPU topo: Num. cores per package:     2
[    0.420762][    T0] CPU topo: Num. threads per package:   2
[    0.420978][    T0] CPU topo: Allowing 2 present CPUs plus 0 hotplug CPUs
[    0.423148][    T0] PM: hibernation: Registered nosave memory: [mem 0x00000000-0x00000fff]
[    0.423522][    T0] PM: hibernation: Registered nosave memory: [mem 0x0009f000-0x000fffff]
[    0.423972][    T0] [mem 0x40000000-0xfffbffff] available for PCI devices
[    0.424244][    T0] Booting paravirtualized kernel on bare hardware
[    0.425175][    T0] clocksource: refined-jiffies: mask: 0xffffffff max_cycles: 0xffffffff, max_idle_ns: 19112604462750000 ns
[    0.546422][    T0] setup_percpu: NR_CPUS:8 nr_cpumask_bits:2 nr_cpu_ids:2 nr_node_ids:2
[    0.551453][    T0] percpu: Embedded 70 pages/cpu s247752 r8192 d30776 u2097152
[    0.557652][    T0] Kernel command line: earlyprintk=serial net.ifnames=0 sysctl.kernel.hung_task_all_cpu_backtrace=1 ima_policy=tcb nf-conntrack-ftp.ports=20000 nf-conntrack-tftp.ports=20000 nf-conntrack-sip.ports=20000 nf-conntrack-irc.ports=20000 nf-conntrack-sane.ports=20000 binder.debug_mask=0 rcupdate.rcu_expedited=1 rcupdate.rcu_cpu_stall_cputime=1 no_hash_pointers page_owner=on sysctl.vm.nr_hugepages=4 sysctl.vm.nr_overcommit_hugepages=4 secretmem.enable=1 sysctl.max_rcu_stall_to_panic=1 msr.allow_writes=off coredump_filter=0xffff root=/dev/sda console=ttyS0 vsyscall=native numa=fake=2 kvm-intel.nested=1 spec_store_bypass_disable=prctl nopcid vivid.n_devs=64 vivid.multiplanar=1,2,1,2,1,2,1,2,1,2,1,2,1,2,1,2,1,2,1,2,1,2,1,2,1,2,1,2,1,2,1,2,1,2,1,2,1,2,1,2,1,2,1,2,1,2,1,2,1,2,1,2,1,2,1,2,1,2,1,2,1,2,1,2 netrom.nr_ndevs=32 rose.rose_ndevs=32 smp.csd_lock_timeout=100000 watchdog_thresh=55 workqueue.watchdog_thresh=140 sysctl.net.core.netdev_unregister_timeout_secs=140 dummy_hcd.num=32 max_loop=32 nbds_max=32 comedi.comedi
[    0.591909][    T0] Unknown kernel command line parameters "nbds_max=32", will be passed to user space.
[    0.593857][    T0] printk: log buffer data + meta data: 262144 + 917504 = 1179648 bytes
[    0.599882][    T0] Fallback order for Node 0: 0 1 
[    0.600474][    T0] Fallback order for Node 1: 1 0 
[    0.600902][    T0] Built 2 zonelists, mobility grouping on.  Total pages: 262014
[    0.601456][    T0] Policy zone: DMA32
[    0.607074][    T0] mem auto-init: stack:off, heap alloc:on, heap free:off
[    0.607418][    T0] stackdepot: allocating hash table via alloc_large_system_hash
[    0.608005][    T0] stackdepot hash table entries: 1048576 (order: 12, 16777216 bytes, linear)
[    0.618742][    T0] stackdepot: allocating space for 8192 stack pools via memblock
[    0.853475][    T0] **********************************************************
[    0.853917][    T0] **   NOTICE NOTICE NOTICE NOTICE NOTICE NOTICE NOTICE   **
[    0.854158][    T0] **                                                      **
[    0.854370][    T0] ** This system shows unhashed kernel memory addresses   **
[    0.854598][    T0] ** via the console, logs, and other interfaces. This    **
[    0.854809][    T0] ** might reduce the security of your system.            **
[    0.855020][    T0] **                                                      **
[    0.855216][    T0] ** If you see this message and you are not debugging    **
[    0.855416][    T0] ** the kernel, report this immediately to your system   **
[    0.855618][    T0] ** administrator!                                       **
[    0.855830][    T0] **                                                      **
[    0.856028][    T0] ** Use hash_pointers=always to force this mode off      **
[    0.856220][    T0] **                                                      **
[    0.856421][    T0] **   NOTICE NOTICE NOTICE NOTICE NOTICE NOTICE NOTICE   **
[    0.856620][    T0] **********************************************************
[    0.868703][    T0] SLUB: HWalign=64, Order=0-3, MinObjects=0, CPUs=2, Nodes=2
[    0.954023][    T0] allocated 20971520 bytes of page_ext
[    0.964777][    T0] Node 0, zone      DMA: page owner found early allocated 1920 pages
[    1.007563][    T0] Node 0, zone    DMA32: page owner found early allocated 102 pages
[    1.034180][    T0] Node 1, zone    DMA32: page owner found early allocated 3203 pages
[    1.055476][    T0] Dynamic Preempt: full
[    1.067091][    T0] Running RCU self tests
[    1.067407][    T0] Running RCU synchronous self tests
[    1.067987][    T0] rcu: Preemptible hierarchical RCU implementation.
[    1.068237][    T0] rcu: 	RCU lockdep checking is enabled.
[    1.068454][    T0] rcu: 	RCU restricting CPUs from NR_CPUS=8 to nr_cpu_ids=2.
[    1.068715][    T0] rcu: 	RCU callback double-/use-after-free debug is enabled.
[    1.068978][    T0] rcu: 	RCU debug extended QS entry/exit.
[    1.069182][    T0] 	All grace periods are expedited (rcu_expedited).
[    1.069385][    T0] 	Trampoline variant of Tasks RCU enabled.
[    1.069579][    T0] 	Tracing variant of Tasks RCU enabled.
[    1.069949][    T0] rcu: RCU calculated value of scheduler-enlistment delay is 10 jiffies.
[    1.070310][    T0] rcu: Adjusting geometry for rcu_fanout_leaf=16, nr_cpu_ids=2
[    1.074329][    T0] Running RCU synchronous self tests
[    1.075177][    T0] RCU Tasks: Setting shift to 1 and lim to 1 rcu_task_cb_adjust=1 rcu_task_cpu_ids=2.
[    1.075542][    T0] RCU Tasks Trace: Setting shift to 1 and lim to 1 rcu_task_cb_adjust=1 rcu_task_cpu_ids=2.
[    1.999300][    T0] NR_IRQS: 4352, nr_irqs: 440, preallocated irqs: 16
[    2.025144][    T0] rcu: srcu_init: Setting srcu_struct sizes based on contention.
[    2.034208][    T0] kfence: initialized - using 2097152 bytes for 255 objects at 0xffff888037e00000-0xffff888038000000
[    2.047341][    T0] Console: colour VGA+ 80x25
[    2.052466][    T0] printk: legacy console [ttyS0] enabled
[    2.052466][    T0] printk: legacy console [ttyS0] enabled
[    2.054013][    T0] printk: legacy bootconsole [earlyser0] disabled
[    2.054013][    T0] printk: legacy bootconsole [earlyser0] disabled
[    2.055451][    T0] Lock dependency validator: Copyright (c) 2006 Red Hat, Inc., Ingo Molnar
[    2.055809][    T0] ... MAX_LOCKDEP_SUBCLASSES:  8
[    2.056047][    T0] ... MAX_LOCK_DEPTH:          48
[    2.056266][    T0] ... MAX_LOCKDEP_KEYS:        8192
[    2.056562][    T0] ... CLASSHASH_SIZE:          4096
[    2.056866][    T0] ... MAX_LOCKDEP_ENTRIES:     1048576
[    2.057118][    T0] ... MAX_LOCKDEP_CHAINS:      1048576
[    2.057357][    T0] ... CHAINHASH_SIZE:          524288
[    2.057586][    T0]  memory used by lock dependency info: 106625 kB
[    2.057841][    T0]  memory used for stack traces: 8320 kB
[    2.058070][    T0]  per task-struct memory footprint: 1920 bytes
[    2.061956][    T0] mempolicy: Enabling automatic NUMA balancing. Configure with numa_balancing= or the kernel.numa_balancing sysctl
[    2.062839][    T0] ACPI: Core revision 20250807
[    2.077283][    T0] clocksource: hpet: mask: 0xffffffff max_cycles: 0xffffffff, max_idle_ns: 19112604467 ns
[    2.088559][    T0] APIC: Switch to symmetric I/O mode setup
[    2.101099][    T0] ..TIMER: vector=0x30 apic1=0 pin1=2 apic2=-1 pin2=-1
[    2.150559][    T0] clocksource: tsc-early: mask: 0xffffffffffffffff max_cycles: 0xe6a1cc8732, max_idle_ns: 440795236700 ns
[    2.151983][    T0] Calibrating delay loop (skipped), value calculated using timer frequency.. 2000.01 BogoMIPS (lpj=10000060)
[    2.158537][    T0] Last level iTLB entries: 4KB 512, 2MB 255, 4MB 127
[    2.158848][    T0] Last level dTLB entries: 4KB 512, 2MB 255, 4MB 127, 1GB 0
[    2.159546][    T0] mitigations: Enabled attack vectors: user_kernel, user_user, guest_host, guest_guest, SMT mitigations: auto
[    2.161098][    T0] Spectre V2 : Mitigation: Retpolines
[    2.161502][    T0] Spectre V1 : Mitigation: usercopy/swapgs barriers and __user pointer sanitization
[    2.161938][    T0] Spectre V2 : Spectre v2 / SpectreRSB: Filling RSB on context switch and VMEXIT
[    2.163770][    T0] x86/fpu: x87 FPU will use FXSAVE
[    3.416093][    T0] Freeing SMP alternatives memory: 132K
[    3.417479][    T0] pid_max: default: 32768 minimum: 301
[    3.436951][    T0] LSM: initializing lsm=lockdown,capability,landlock,yama,safesetid,tomoyo,apparmor,bpf,ima,evm
[    3.444445][    T0] landlock: Up and running.
[    3.444702][    T0] Yama: becoming mindful.
[    3.447444][    T0] TOMOYO Linux initialized
[    3.460782][    T0] AppArmor: AppArmor initialized
[    3.469128][    T0] LSM support for eBPF active
[    3.496580][    T0] Dentry cache hash table entries: 131072 (order: 8, 1048576 bytes, vmalloc)
[    3.505348][    T0] Inode-cache hash table entries: 65536 (order: 7, 524288 bytes, vmalloc)
[    3.506999][    T0] Mount-cache hash table entries: 2048 (order: 2, 16384 bytes, vmalloc)
[    3.507893][    T0] Mountpoint-cache hash table entries: 2048 (order: 2, 16384 bytes, vmalloc)
[    3.565218][    T0] Running RCU synchronous self tests
[    3.565839][    T0] Running RCU synchronous self tests
[    3.721502][    T1] smpboot: CPU0: AMD QEMU Virtual CPU version 2.5+ (family: 0xf, model: 0x6b, stepping: 0x1)
[    3.756120][    T1] Performance Events: PMU not available due to virtualization, using software events only.
[    3.758322][    T1] signal: max sigframe size: 1440
[    3.777315][    T1] rcu: Hierarchical SRCU implementation.
[    3.777693][    T1] rcu: 	Max phase no-delay instances is 1000.
[    3.795208][    T1] Timer migration: 1 hierarchy levels; 8 children per group; 0 crossnode level
[    3.844024][    T1] NMI watchdog: Perf NMI watchdog permanently disabled
[    3.863091][    T1] smp: Bringing up secondary CPUs ...
[    3.894559][    T1] smpboot: x86: Booting SMP configuration:
[    3.895104][    T1] .... node  #1, CPUs:      #1
[    0.064969][    T0] calibrate_delay_direct() dropping max bogoMips estimate 3 = 12409375
[    4.093261][    T1] smp: Brought up 2 nodes, 2 CPUs
[    4.093952][    T1] smpboot: Total of 2 processors activated (4079.82 BogoMIPS)
[    4.124232][    T1] Memory: 368768K/1048056K available (168277K kernel code, 41225K rwdata, 39496K rodata, 27048K init, 126796K bss, 651456K reserved, 0K cma-reserved)
[    4.161888][    T1] devtmpfs: initialized
[    4.179560][    T1] x86/mm: Memory block size: 128MB
[    4.438016][    T1] Running RCU synchronous self tests
[    4.438736][    T1] Running RCU synchronous self tests
[    4.452249][    T1] Running RCU Tasks wait API self tests
[    4.455178][    T1] Running RCU Tasks Trace wait API self tests
[    4.473535][    T1] clocksource: jiffies: mask: 0xffffffff max_cycles: 0xffffffff, max_idle_ns: 19112604462750000 ns
[    4.482677][    T1] posixtimers hash table entries: 1024 (order: 4, 73728 bytes, vmalloc)
[    4.482677][    T1] futex hash table entries: 256 (32768 bytes on 2 NUMA nodes, total 64 KiB, linear).
[    4.529796][    T1] PM: RTC time: 06:32:42, date: 2025-12-31
[    4.541873][   T29] Callback from call_rcu_tasks_trace() invoked.
[    4.657157][    T1] NET: Registered PF_NETLINK/PF_ROUTE protocol family
[    4.708854][    T1] audit: initializing netlink subsys (disabled)
[    4.729023][   T30] audit: type=2000 audit(1767162762.640:1): state=initialized audit_enabled=0 res=1
[    4.748943][    T1] thermal_sys: Registered thermal governor 'step_wise'
[    4.762092][    T1] cpuidle: using governor menu
[    4.765835][    T1] NET: Registered PF_QIPCRTR protocol family
[    4.802220][   T28] Callback from call_rcu_tasks() invoked.
[    4.809746][    T1] dca service started, version 1.12.1
[    4.818474][    T1] PCI: Using configuration type 1 for base access
[    4.845591][    T1] mtrr: your CPUs had inconsistent fixed MTRR settings
[    4.846007][    T1] mtrr: your CPUs had inconsistent variable MTRR settings
[    4.846291][    T1] mtrr: your CPUs had inconsistent MTRRdefType settings
[    4.846530][    T1] mtrr: probably your BIOS does not setup all CPUs.
[    4.846787][    T1] mtrr: corrected configuration.
[    4.922170][    T1] HugeTLB: registered 2.00 MiB page size, pre-allocated 0 pages
[    4.922627][    T1] HugeTLB: 28 KiB vmemmap can be freed for a 2.00 MiB page
[    5.082258][    T1] raid6: skipped pq benchmark and selected sse2x4
[    5.082845][    T1] raid6: using intx1 recovery algorithm
[    5.104143][    T1] ACPI: Added _OSI(Module Device)
[    5.104490][    T1] ACPI: Added _OSI(Processor Device)
[    5.104716][    T1] ACPI: Added _OSI(Processor Aggregator Device)
[    5.886479][    T1] ACPI: 1 ACPI AML tables successfully acquired and loaded
[    6.221863][    T1] ACPI: Interpreter enabled
[    6.226007][    T1] ACPI: PM: (supports S0 S3 S4 S5)
[    6.226432][    T1] ACPI: Using IOAPIC for interrupt routing
[    6.233403][    T1] PCI: Using host bridge windows from ACPI; if necessary, use "pci=nocrs" and report a bug
[    6.233843][    T1] PCI: Using E820 reservations for host bridge windows
[    6.294082][    T1] ACPI: Enabled 2 GPEs in block 00 to 0F
[    8.136637][    T1] ACPI: PCI Root Bridge [PCI0] (domain 0000 [bus 00-ff])
[    8.142537][    T1] acpi PNP0A03:00: _OSC: OS supports [ASPM ClockPM Segments MSI HPX-Type3]
[    8.143404][    T1] acpi PNP0A03:00: _OSC: not requesting OS control; OS requires [ExtendedConfig ASPM ClockPM MSI]
[    8.151764][    T1] acpi PNP0A03:00: fail to add MMCONFIG information, can't access extended configuration space under this bridge
[    8.183248][    T1] PCI host bridge to bus 0000:00
[    8.183710][    T1] pci_bus 0000:00: Unknown NUMA node; performance will be reduced
[    8.185574][    T1] pci_bus 0000:00: root bus resource [io  0x0000-0x0cf7 window]
[    8.186243][    T1] pci_bus 0000:00: root bus resource [io  0x0d00-0xffff window]
[    8.186596][    T1] pci_bus 0000:00: root bus resource [mem 0x000a0000-0x000bffff window]
[    8.187016][    T1] pci_bus 0000:00: root bus resource [mem 0x40000000-0xfebfffff window]
[    8.187358][    T1] pci_bus 0000:00: root bus resource [mem 0x100000000-0x17fffffff window]
[    8.187974][    T1] pci_bus 0000:00: root bus resource [bus 00-ff]
[    8.192638][    T1] pci 0000:00:00.0: [8086:1237] type 00 class 0x060000 conventional PCI endpoint
[    8.532344][    T1] pci 0000:00:01.0: [8086:7000] type 00 class 0x060100 conventional PCI endpoint
[    8.557823][    T1] pci 0000:00:01.1: [8086:7010] type 00 class 0x010180 conventional PCI endpoint
[    8.560663][    T1] pci 0000:00:01.1: BAR 4 [io  0xc040-0xc04f]
[    8.561116][    T1] pci 0000:00:01.1: BAR 0 [io  0x01f0-0x01f7]: legacy IDE quirk
[    8.561598][    T1] pci 0000:00:01.1: BAR 1 [io  0x03f6]: legacy IDE quirk
[    8.561954][    T1] pci 0000:00:01.1: BAR 2 [io  0x0170-0x0177]: legacy IDE quirk
[    8.562265][    T1] pci 0000:00:01.1: BAR 3 [io  0x0376]: legacy IDE quirk
[    8.574008][    T1] pci 0000:00:01.3: [8086:7113] type 00 class 0x068000 conventional PCI endpoint
[    8.575623][    T1] pci 0000:00:01.3: quirk: [io  0x0600-0x063f] claimed by PIIX4 ACPI
[    8.576009][    T1] pci 0000:00:01.3: quirk: [io  0x0700-0x070f] claimed by PIIX4 SMB
[    8.583180][    T1] pci 0000:00:02.0: [1234:1111] type 00 class 0x030000 conventional PCI endpoint
[    8.584293][    T1] pci 0000:00:02.0: BAR 0 [mem 0xfd000000-0xfdffffff pref]
[    8.584759][    T1] pci 0000:00:02.0: BAR 2 [mem 0xfebb0000-0xfebb0fff]
[    8.585061][    T1] pci 0000:00:02.0: ROM [mem 0xfeba0000-0xfebaffff pref]
[    8.587045][    T1] pci 0000:00:02.0: Video device with shadowed ROM at [mem 0x000c0000-0x000dffff]
[    8.935732][    T1] pci 0000:00:03.0: [8086:100e] type 00 class 0x020000 conventional PCI endpoint
[    8.937107][    T1] pci 0000:00:03.0: BAR 0 [mem 0xfeb80000-0xfeb9ffff]
[    8.937576][    T1] pci 0000:00:03.0: BAR 1 [io  0xc000-0xc03f]
[    8.937927][    T1] pci 0000:00:03.0: ROM [mem 0xfeb00000-0xfeb7ffff pref]
[    9.391808][    T1] ACPI: PCI: Interrupt link LNKA configured for IRQ 10
[    9.426399][    T1] ACPI: PCI: Interrupt link LNKB configured for IRQ 10
[    9.462992][    T1] ACPI: PCI: Interrupt link LNKC configured for IRQ 11
[    9.501725][    T1] ACPI: PCI: Interrupt link LNKD configured for IRQ 11
[    9.515686][    T1] ACPI: PCI: Interrupt link LNKS configured for IRQ 9
[    9.606828][    T1] iommu: Default domain type: Translated
[    9.607304][    T1] iommu: DMA domain TLB invalidation policy: lazy mode
[    9.693390][    T1] SCSI subsystem initialized
[    9.734571][    T1] ACPI: bus type USB registered
[    9.753346][    T1] usbcore: registered new interface driver usbfs
[    9.762569][    T1] usbcore: registered new interface driver hub
[    9.764442][    T1] usbcore: registered new device driver usb
[    9.778566][    T1] mc: Linux media interface: v0.10
[    9.780271][    T1] videodev: Linux video capture interface: v2.00
[    9.793025][    T1] pps_core: LinuxPPS API ver. 1 registered
[    9.793459][    T1] pps_core: Software ver. 5.3.6 - Copyright 2005-2007 Rodolfo Giometti <giometti@linux.it>
[    9.794435][    T1] PTP clock support registered
[    9.823067][    T1] EDAC MC: Ver: 3.0.0
[    9.906934][    T1] Advanced Linux Sound Architecture Driver Initialized.
[   10.014357][    T1] Bluetooth: Core ver 2.22
[   10.023279][    T1] NET: Registered PF_BLUETOOTH protocol family
[   10.023597][    T1] Bluetooth: HCI device and connection manager initialized
[   10.024349][    T1] Bluetooth: HCI socket layer initialized
[   10.024759][    T1] Bluetooth: L2CAP socket layer initialized
[   10.032117][    T1] Bluetooth: SCO socket layer initialized
[   10.033018][    T1] NET: Registered PF_ATMPVC protocol family
[   10.033314][    T1] NET: Registered PF_ATMSVC protocol family
[   10.043049][    T1] NetLabel: Initializing
[   10.043318][    T1] NetLabel:  domain hash size = 128
[   10.043542][    T1] NetLabel:  protocols = UNLABELED CIPSOv4 CALIPSO
[   10.053717][    T1] NetLabel:  unlabeled traffic allowed by default
[   10.095516][    T1] nfc: nfc_init: NFC Core ver 0.1
[   10.103675][    T1] NET: Registered PF_NFC protocol family
[   10.112641][    T1] mctp: management component transport protocol core
[   10.113012][    T1] NET: Registered PF_MCTP protocol family
[   10.132612][    T1] PCI: Using ACPI for IRQ routing
[   10.193734][    T1] pci 0000:00:02.0: vgaarb: setting as boot VGA device
[   10.194348][    T1] pci 0000:00:02.0: vgaarb: bridge control possible
[   10.194749][    T1] pci 0000:00:02.0: vgaarb: VGA device added: decodes=io+mem,owns=io+mem,locks=none
[   10.195123][    T1] vgaarb: loaded
[   10.317808][    T1] hpet: 3 channels of 0 reserved for per-cpu timers
[   10.342097][    T1] hpet0: at MMIO 0xfed00000, IRQs 2, 8, 0
[   10.342843][    T1] hpet0: 3 comparators, 64-bit 100.000000 MHz counter
[   10.364969][    T1] clocksource: Switched to clocksource tsc-early
[   10.390719][    T1] VFS: Disk quotas dquot_6.6.0
[   10.391642][    T1] VFS: Dquot-cache hash table entries: 512 (order 0, 4096 bytes)
[   10.441169][    T1] netfs: FS-Cache loaded
[   10.460712][    T1] CacheFiles: Loaded
[   10.465236][    T1] TOMOYO: 2.6.0
[   10.465646][    T1] Mandatory Access Control activated.
[   10.498531][    T1] AppArmor: AppArmor Filesystem Enabled
[   10.502039][    T1] pnp: PnP ACPI init
[   10.620165][    T1] pnp: PnP ACPI: found 6 devices
[   11.298184][    T1] clocksource: acpi_pm: mask: 0xffffff max_cycles: 0xffffff, max_idle_ns: 2085701024 ns
[   11.305913][    T1] NET: Registered PF_INET protocol family
[   11.323457][    T1] IP idents hash table entries: 16384 (order: 5, 131072 bytes, vmalloc)
[   11.364187][    T1] tcp_listen_portaddr_hash hash table entries: 512 (order: 3, 36864 bytes, vmalloc)
[   11.381748][    T1] Table-perturb hash table entries: 65536 (order: 6, 262144 bytes, vmalloc)
[   11.384477][    T1] TCP established hash table entries: 8192 (order: 4, 65536 bytes, vmalloc)
[   11.438388][    T1] TCP bind hash table entries: 8192 (order: 8, 1179648 bytes, vmalloc)
[   11.441683][    T1] TCP: Hash tables configured (established 8192 bind 8192)
[   11.464822][    T1] MPTCP token hash table entries: 1024 (order: 4, 90112 bytes, vmalloc)
[   11.472185][    T1] UDP hash table entries: 512 (order: 5, 131072 bytes, vmalloc)
[   11.475830][    T1] UDP-Lite hash table entries: 512 (order: 5, 131072 bytes, vmalloc)
[   11.484911][    T1] NET: Registered PF_UNIX/PF_LOCAL protocol family
[   11.539892][    T1] RPC: Registered named UNIX socket transport module.
[   11.540702][    T1] RPC: Registered udp transport module.
[   11.541078][    T1] RPC: Registered tcp transport module.
[   11.541469][    T1] RPC: Registered tcp-with-tls transport module.
[   11.541737][    T1] RPC: Registered tcp NFSv4.1 backchannel transport module.
[   11.594137][    T1] NET: Registered PF_XDP protocol family
[   11.596317][    T1] pci_bus 0000:00: resource 4 [io  0x0000-0x0cf7 window]
[   11.598175][    T1] pci_bus 0000:00: resource 5 [io  0x0d00-0xffff window]
[   11.598608][    T1] pci_bus 0000:00: resource 6 [mem 0x000a0000-0x000bffff window]
[   11.599138][    T1] pci_bus 0000:00: resource 7 [mem 0x40000000-0xfebfffff window]
[   11.599499][    T1] pci_bus 0000:00: resource 8 [mem 0x100000000-0x17fffffff window]
[   11.605654][    T1] pci 0000:00:01.0: PIIX3: Enabling Passive Release
[   11.606168][    T1] pci 0000:00:00.0: Limiting direct PCI/PCI transfers
[   11.618257][    T1] PCI: CLS 0 bytes, default 64
[   11.668275][    T1] ACPI: bus type thunderbolt registered
[   11.744345][   T62] kworker/u8:2 (62) used greatest stack depth: 27992 bytes left
[   11.810596][    T1] kvm_intel: VMX not supported by CPU 0
[   11.815601][    T1] kvm_amd: Nested Virtualization enabled
[   11.816309][    T1] kvm_amd: Nested Paging disabled
[   11.829017][    T1] kvm_amd: PMU virtualization is disabled
[   25.969439][    T1] CPU feature 'AVX registers' is not supported.
[   25.974440][    T1] CPU feature 'AVX registers' is not supported.
[   25.974776][    T1] AVX2 instructions are not detected.
[   25.975220][    T1] AVX or AES-NI instructions are not detected.
[   25.975504][    T1] AVX2 or AES-NI instructions are not detected.
[   25.975858][    T1] CPU feature 'AVX registers' is not supported.
[   25.976135][    T1] CPU feature 'AVX registers' is not supported.
[   26.008566][    T1] sm3_avx_x86_64: AVX instruction are not detected.
[   26.009073][    T1] AVX or AES-NI instructions are not detected.
[   26.009361][    T1] AVX2 or AES-NI instructions are not detected.
[   26.009622][    T1] AVX or AES-NI instructions are not detected.
[   26.109079][   T78] kworker/u8:2 (78) used greatest stack depth: 27432 bytes left
[   26.808331][   T11] tsc: Refined TSC clocksource calibration: 1000.000 MHz
[   26.811414][   T11] clocksource: tsc: mask: 0xffffffffffffffff max_cycles: 0x1cd42e4dffb, max_idle_ns: 881590591483 ns
[   26.829775][   T11] clocksource: Switched to clocksource tsc
[   36.565932][    T1] Initialise system trusted keyrings
[   36.594056][    T1] workingset: timestamp_bits=40 max_order=17 bucket_order=0
[   36.680838][    T1] DLM installed
[   36.702651][    T1] squashfs: version 4.0 (2009/01/31) Phillip Lougher
[   36.753986][    T1] NFS: Registering the id_resolver key type
[   36.754912][    T1] Key type id_resolver registered
[   36.755290][    T1] Key type id_legacy registered
[   36.756470][    T1] nfs4filelayout_init: NFSv4 File Layout Driver Registering...
[   36.759552][    T1] nfs4flexfilelayout_init: NFSv4 Flexfile Layout Driver Registering...
[   36.825563][    T1] Key type cifs.spnego registered
[   36.829286][    T1] Key type cifs.idmap registered
[   36.845820][    T1] ntfs3: Enabled Linux POSIX ACLs support
[   36.846170][    T1] ntfs3: Read-only LZX/Xpress compression included
[   36.847762][    T1] efs: 1.0a - http://aeschi.ch.eu.org/efs/
[   36.848382][    T1] jffs2: version 2.2. (NAND) (SUMMARY)  Â© 2001-2006 Red Hat, Inc.
[   36.860358][    T1] romfs: ROMFS MTD (C) 2007 Red Hat, Inc.
[   36.861321][    T1] QNX4 filesystem 0.2.3 registered.
[   36.861902][    T1] qnx6: QNX6 filesystem 1.0.0 registered.
[   36.867190][    T1] fuse: init (API version 7.45)
[   36.896028][    T1] orangefs_debugfs_init: called with debug mask: :none: :0:
[   36.910478][    T1] orangefs_init: module version upstream loaded
[   36.913965][    T1] JFS: nTxBlock = 3098, nTxLock = 24787
[   36.972891][    T1] SGI XFS with ACLs, security attributes, realtime, quota, no debug enabled
[   36.998640][    T1] 9p: Installing v9fs 9p2000 file system support
[   37.001377][    T1] NILFS version 2 loaded
[   37.001666][    T1] befs: version: 0.9.3
[   37.004818][    T1] ocfs2: Registered cluster interface o2cb
[   37.009223][    T1] ocfs2: Registered cluster interface user
[   37.015322][    T1] OCFS2 User DLM kernel interface loaded
[   37.093196][    T1] gfs2: GFS2 installed
[   37.146717][    T1] ceph: loaded (mds proto 32)
[   37.205528][    T1] cryptd: max_cpu_qlen set to 1000
[   37.342679][    T1] NET: Registered PF_ALG protocol family
[   37.344826][    T1] xor: measuring software checksum speed
[   37.349857][    T1]    prefetch64-sse  :   704 MB/sec
[   37.352436][    T1]    generic_sse     :  1480 MB/sec
[   37.352740][    T1] xor: using function: generic_sse (1480 MB/sec)
[   37.353679][    T1] async_tx: api initialized (async)
[   37.354124][    T1] Key type asymmetric registered
[   37.354536][    T1] Asymmetric key parser 'x509' registered
[   37.354900][    T1] Asymmetric key parser 'pkcs8' registered
[   37.355125][    T1] Key type pkcs7_test registered
[   37.362788][    T1] Block layer SCSI generic (bsg) driver version 0.4 loaded (major 239)
[   37.371700][    T1] io scheduler mq-deadline registered
[   37.372101][    T1] io scheduler kyber registered
[   37.374059][    T1] io scheduler bfq registered
[   37.493275][    T1] input: Power Button as /devices/LNXSYSTM:00/LNXPWRBN:00/input/input0
[   37.525262][    T1] ACPI: button: Power Button [PWRF]
[   37.601122][    T1] ioatdma: Intel(R) QuickData Technology Driver 5.00
[   38.221002][  T254] kworker/u8:2 (254) used greatest stack depth: 27384 bytes left
[   41.265597][    T1] N_HDLC line discipline registered with maxframe=4096
[   41.270415][    T1] Serial: 8250/16550 driver, 4 ports, IRQ sharing enabled
[   41.311774][    T1] 00:04: ttyS0 at I/O 0x3f8 (irq = 4, base_baud = 115200) is a 16550A
[   41.592091][    T1] Non-volatile memory driver v1.3
[   41.593253][    T1] Linux agpgart interface v0.103
[   41.644621][    T1] usbcore: registered new interface driver xillyusb
[   41.683402][    T1] ACPI: bus type drm_connector registered
[   41.751681][    T1] [drm] Initialized vgem 1.0.0 for vgem on minor 0
[   41.835739][    T1] [drm] Initialized vkms 1.0.0 for vkms on minor 1
[   42.154547][    T1] Console: switching to colour frame buffer device 128x48
[   42.243498][    T1] faux_driver vkms: [drm] fb0: vkmsdrmfb frame buffer device
[   42.248108][    T1] usbcore: registered new interface driver udl
[   42.255216][    T1] bochs-drm 0000:00:02.0: vgaarb: deactivate vga console
[   42.322837][    T1] [drm] Found bochs VGA, ID 0xb0c5.
[   42.323764][    T1] [drm] Framebuffer size 16384 kB @ 0xfd000000, mmio @ 0xfebb0000.
[   42.352266][    T1] [drm] Initialized bochs-drm 1.0.0 for 0000:00:02.0 on minor 2
[   42.502353][    T1] fbcon: bochs-drmdrmfb (fb1) is primary device
[   42.502761][    T1] fbcon: Remapping primary device, fb1, to tty 1-63
[   46.273423][    T1] bochs-drm 0000:00:02.0: [drm] fb1: bochs-drmdrmfb frame buffer device
[   46.285589][    T1] usbcore: registered new interface driver gm12u320
[   46.297524][    T1] usbcore: registered new interface driver gud
[   46.864010][    T1] brd: module loaded
[   48.169012][    T1] loop: module loaded
[   49.083407][    T1] zram: Added device: zram0
[   49.173630][    T1] null_blk: disk nullb0 created
[   49.174134][    T1] null_blk: module loaded
[   49.184107][    T1] Guest personality initialized and is inactive
[   49.202279][    T1] VMCI host device registered (name=vmci, major=10, minor=266)
[   49.202682][    T1] Initialized host personality
[   49.204613][    T1] usbcore: registered new interface driver rtsx_usb
[   49.222730][    T1] usbcore: registered new interface driver viperboard
[   49.225287][    T1] usbcore: registered new interface driver dln2
[   49.241438][    T1] usbcore: registered new interface driver pn533_usb
[   49.303044][    T1] nfcsim 0.2 initialized
[   49.305258][    T1] usbcore: registered new interface driver port100
[   49.314431][    T1] usbcore: registered new interface driver nfcmrvl
[   49.375596][    T1] Loading iSCSI transport class v2.0-870.
[   49.420692][  T968] kworker/u8:4 (968) used greatest stack depth: 27144 bytes left
[   49.494134][    T1] st: Version 20160209, fixed bufsize 32768, s/g segs 256
[   49.772167][    T1] scsi host0: ata_piix
[   49.808110][    T1] scsi host1: ata_piix
[   49.815624][    T1] ata1: PATA max MWDMA2 cmd 0x1f0 ctl 0x3f6 bmdma 0xc040 irq 14 lpm-pol 0
[   49.816049][    T1] ata2: PATA max MWDMA2 cmd 0x170 ctl 0x376 bmdma 0xc048 irq 15 lpm-pol 0
[   49.895265][    T1] Rounding down aligned max_sectors from 4294967295 to 4294967288
[   49.901665][    T1] db_root: cannot open: /etc/target
[   49.919000][    T1] slram: not enough parameters.
[   49.966698][    T1] ftl_cs: FTL header not found.
[   50.038207][ T1041] ata2: found unknown device (class 0)
[   50.054723][ T1035] ata1: found unknown device (class 0)
[   50.080118][ T1041] ata2.00: ATAPI: QEMU DVD-ROM, 2.5+, max UDMA/100
[   50.285728][    T1] wireguard: WireGuard 1.0.0 loaded. See www.wireguard.com for information.
[   50.286256][    T1] wireguard: Copyright (C) 2015-2019 Jason A. Donenfeld <Jason@zx2c4.com>. All Rights Reserved.
[   50.324247][ T1035] ata1.00: ATA-7: QEMU HARDDISK, 2.5+, max UDMA/100
[   50.324910][ T1035] ata1.00: 6291456 sectors, multi 16: LBA48 
[   50.367332][    T1] eql: Equalizer2002: Simon Janes (simon@ncm.com) and David S. Miller (davem@redhat.com)
[   50.470680][   T36] scsi 0:0:0:0: Direct-Access     ATA      QEMU HARDDISK    2.5+ PQ: 0 ANSI: 5
[   50.595714][   T14] sd 0:0:0:0: [sda] 6291456 512-byte logical blocks: (3.22 GB/3.00 GiB)
[   50.597321][    T1] MACsec IEEE 802.1AE
[   50.609912][   T36] sd 0:0:0:0: Attached scsi generic sg0 type 0
[   50.641805][   T14] sd 0:0:0:0: [sda] Write Protect is off
[   50.645642][   T14] sd 0:0:0:0: [sda] Write cache: enabled, read cache: enabled, doesn't support DPO or FUA
[   50.671861][   T14] sd 0:0:0:0: [sda] Preferred minimum I/O size 512 bytes
[   50.680698][   T61] scsi 1:0:0:0: CD-ROM            QEMU     QEMU DVD-ROM     2.5+ PQ: 0 ANSI: 5
[   50.712795][ T1124] kworker/u8:3 (1124) used greatest stack depth: 26544 bytes left
[   50.892736][    T1] usbcore: registered new interface driver mvusb_mdio
[   50.895150][    T1] tun: Universal TUN/TAP device driver, 1.6
[   50.953057][    T1] vcan: Virtual CAN interface driver
[   50.953859][    T1] vxcan: Virtual CAN Tunnel driver
[   50.954326][    T1] slcan: serial line CAN interface driver
[   50.955238][    T1] CAN device driver interface
[   50.960877][    T1] usbcore: registered new interface driver usb_8dev
[   50.966356][    T1] usbcore: registered new interface driver ems_usb
[   50.974367][    T1] usbcore: registered new interface driver esd_usb
[   51.012324][    T1] usbcore: registered new interface driver etas_es58x
[   51.014479][    T1] usbcore: registered new interface driver f81604
[   51.016356][    T1] usbcore: registered new interface driver gs_usb
[   51.041602][    T1] usbcore: registered new interface driver kvaser_usb
[   51.043613][    T1] usbcore: registered new interface driver mcba_usb
[   51.045578][    T1] usbcore: registered new interface driver peak_usb
[   51.062246][    T1] usbcore: registered new interface driver ucan
[   51.070290][    T1] e100: Intel(R) PRO/100 Network Driver
[   51.070612][    T1] e100: Copyright(c) 1999-2006 Intel Corporation
[   51.074773][    T1] e1000: Intel(R) PRO/1000 Network Driver
[   51.075062][    T1] e1000: Copyright (c) 1999-2006 Intel Corporation.
[   51.303555][   T14]  sda: sda1 sda15
[   51.324042][   T14] sd 0:0:0:0: [sda] Attached SCSI disk
[   51.393857][   T61] sr 1:0:0:0: [sr0] scsi3-mmc drive: 4x/4x cd/rw xa/form2 tray
[   51.394846][   T61] cdrom: Uniform CD-ROM driver Revision: 3.20
[   51.655040][   T61] sr 1:0:0:0: Attached scsi generic sg1 type 5
[   69.505956][    T1] ACPI: \_SB_.LNKC: Enabled at IRQ 11
[   69.868365][    T1] e1000 0000:00:03.0 eth0: (PCI:33MHz:32-bit) 52:54:00:12:34:56
[   69.869724][    T1] e1000 0000:00:03.0 eth0: Intel(R) PRO/1000 Network Connection
[   69.874638][    T1] e1000e: Intel(R) PRO/1000 Network Driver
[   69.874947][    T1] e1000e: Copyright(c) 1999 - 2015 Intel Corporation.
[   69.886620][    T1] mkiss: AX.25 Multikiss, Hans Albas PE1AYX
[   69.893153][    T1] AX.25: bpqether driver version 004
[   69.893447][    T1] PPP generic driver version 2.4.2
[   69.911323][    T1] PPP BSD Compression module registered
[   69.911829][    T1] PPP Deflate Compression module registered
[   69.912133][    T1] PPP MPPE Compression module registered
[   69.912403][    T1] NET: Registered PF_PPPOX protocol family
[   69.913245][    T1] PPTP driver version 0.8.5
[   69.922912][    T1] SLIP: version 0.8.4-NET3.019-NEWTTY (dynamic channels, max=256) (6 bit encapsulation enabled).
[   69.923305][    T1] CSLIP: code copyright 1989 Regents of the University of California.
[   69.923577][    T1] SLIP linefill/keepalive option.
[   69.923863][    T1] hdlc: HDLC support module revision 1.22
[   69.924470][    T1] LAPB Ethernet driver version 0.02
[   69.935909][    T1] usbcore: registered new interface driver ath9k_htc
[   69.943892][    T1] usbcore: registered new interface driver carl9170
[   69.945998][    T1] usbcore: registered new interface driver ath6kl_usb
[   69.954443][    T1] usbcore: registered new interface driver ar5523
[   69.964233][    T1] usbcore: registered new interface driver ath10k_usb
[   69.966521][    T1] usbcore: registered new interface driver plfxlc
[   69.974831][    T1] mac80211_hwsim: initializing netlink
[   70.224950][    T1] usbcore: registered new interface driver atusb
[   70.345563][    T1] mac802154_hwsim mac802154_hwsim: Added 2 mac802154 hwsim hardware radios
[   70.385801][    T1] VMware vmxnet3 virtual NIC driver - version 1.9.0.0-k-NAPI
[   70.395791][    T1] usbcore: registered new interface driver catc
[   70.410636][    T1] usbcore: registered new interface driver kaweth
[   70.411027][    T1] pegasus: Pegasus/Pegasus II USB Ethernet driver
[   70.413146][    T1] usbcore: registered new interface driver pegasus
[   70.428347][    T1] usbcore: registered new interface driver rtl8150
[   70.429737][    T1] usbcore: registered new device driver r8152-cfgselector
[   70.431863][    T1] usbcore: registered new interface driver r8152
[   70.434506][    T1] usbcore: registered new interface driver hso
[   70.449724][    T1] usbcore: registered new interface driver lan78xx
[   70.451722][    T1] usbcore: registered new interface driver asix
[   70.453499][    T1] usbcore: registered new interface driver ax88179_178a
[   70.455326][    T1] usbcore: registered new interface driver cdc_ether
[   70.473104][    T1] usbcore: registered new interface driver cdc_eem
[   70.475165][    T1] usbcore: registered new interface driver dm9601
[   70.475553][    T1] usbcore: registered new interface driver sr9700
[   70.490171][    T1] usbcore: registered new interface driver CoreChips
[   70.492116][    T1] usbcore: registered new interface driver smsc75xx
[   70.493986][    T1] usbcore: registered new interface driver smsc95xx
[   70.495046][    T1] usbcore: registered new interface driver gl620a
[   70.508454][    T1] usbcore: registered new interface driver net1080
[   70.510424][    T1] usbcore: registered new interface driver plusb
[   70.512280][    T1] usbcore: registered new interface driver rndis_host
[   70.514167][    T1] usbcore: registered new interface driver cdc_subset
[   70.516015][    T1] usbcore: registered new interface driver zaurus
[   70.533695][    T1] usbcore: registered new interface driver MOSCHIP usb-ethernet driver
[   70.535820][    T1] usbcore: registered new interface driver int51x1
[   70.550426][    T1] usbcore: registered new interface driver cdc_phonet
[   70.552421][    T1] usbcore: registered new interface driver kalmia
[   70.554338][    T1] usbcore: registered new interface driver ipheth
[   70.555932][    T1] usbcore: registered new interface driver sierra_net
[   70.575477][    T1] usbcore: registered new interface driver cx82310_eth
[   70.578948][    T1] usbcore: registered new interface driver cdc_ncm
[   70.580954][    T1] usbcore: registered new interface driver huawei_cdc_ncm
[   70.582897][    T1] usbcore: registered new interface driver lg-vl600
[   70.584748][    T1] usbcore: registered new interface driver qmi_wwan
[   70.586503][    T1] usbcore: registered new interface driver cdc_mbim
[   70.603751][    T1] usbcore: registered new interface driver ch9200
[   70.605698][    T1] usbcore: registered new interface driver aqc111
[   70.622711][    T1] usbcore: registered new interface driver r8153_ecm
[   70.670059][    T1] VFIO - User Level meta-driver version: 0.3
[   70.736156][    T1] aoe: AoE v85 initialised.
[   70.964214][    T1] usbcore: registered new interface driver cdc_acm
[   70.964687][    T1] cdc_acm: USB Abstract Control Model driver for USB modems and ISDN adapters
[   70.974299][    T1] usbcore: registered new interface driver usblp
[   70.983084][    T1] usbcore: registered new interface driver cdc_wdm
[   70.985086][    T1] usbcore: registered new interface driver usbtmc
[   71.004502][    T1] usbcore: registered new interface driver uas
[   71.011268][    T1] usbcore: registered new interface driver usb-storage
[   71.013045][    T1] usbcore: registered new interface driver ums-alauda
[   71.014752][    T1] usbcore: registered new interface driver ums-cypress
[   71.031991][    T1] usbcore: registered new interface driver ums-datafab
[   71.033731][    T1] usbcore: registered new interface driver ums_eneub6250
[   71.035448][    T1] usbcore: registered new interface driver ums-freecom
[   71.044793][    T1] usbcore: registered new interface driver ums-isd200
[   71.046762][    T1] usbcore: registered new interface driver ums-jumpshot
[   71.055158][    T1] usbcore: registered new interface driver ums-karma
[   71.063702][    T1] usbcore: registered new interface driver ums-onetouch
[   71.065667][    T1] usbcore: registered new interface driver ums-realtek
[   71.067254][    T1] usbcore: registered new interface driver ums-sddr09
[   71.081455][    T1] usbcore: registered new interface driver ums-sddr55
[   71.083090][    T1] usbcore: registered new interface driver ums-usbat
[   71.093377][    T1] usbcore: registered new interface driver mdc800
[   71.093744][    T1] mdc800: v0.7.5 (30/10/2000):USB Driver for Mustek MDC800 Digital Camera
[   71.095642][    T1] usbcore: registered new interface driver microtekX6
[   71.105478][    T1] usbcore: registered new interface driver usbserial_generic
[   71.111895][    T1] usbserial: USB Serial support registered for generic
[   71.113498][    T1] usbcore: registered new interface driver aircable
[   71.114413][    T1] usbserial: USB Serial support registered for aircable
[   71.115748][    T1] usbcore: registered new interface driver ark3116
[   71.116812][    T1] usbserial: USB Serial support registered for ark3116
[   71.130545][    T1] usbcore: registered new interface driver belkin_sa
[   71.131504][    T1] usbserial: USB Serial support registered for Belkin / Peracom / GoHubs USB Serial Adapter
[   71.132993][    T1] usbcore: registered new interface driver ch341
[   71.134160][    T1] usbserial: USB Serial support registered for ch341-uart
[   71.136421][    T1] usbcore: registered new interface driver cp210x
[   71.137371][    T1] usbserial: USB Serial support registered for cp210x
[   71.138790][    T1] usbcore: registered new interface driver cyberjack
[   71.139755][    T1] usbserial: USB Serial support registered for Reiner SCT Cyberjack USB card reader
[   71.141125][    T1] usbcore: registered new interface driver cypress_m8
[   71.141975][    T1] usbserial: USB Serial support registered for DeLorme Earthmate USB
[   71.142830][    T1] usbserial: USB Serial support registered for HID->COM RS232 Adapter
[   71.143857][    T1] usbserial: USB Serial support registered for Nokia CA-42 V2 Adapter
[   71.145194][    T1] usbcore: registered new interface driver usb_debug
[   71.145978][    T1] usbserial: USB Serial support registered for debug
[   71.145978][    T1] usbserial: USB Serial support registered for xhci_dbc
[   71.159872][    T1] usbcore: registered new interface driver digi_acceleport
[   71.160832][    T1] usbserial: USB Serial support registered for Digi 2 port USB adapter
[   71.161816][    T1] usbserial: USB Serial support registered for Digi 4 port USB adapter
[   71.163165][    T1] usbcore: registered new interface driver io_edgeport
[   71.164202][    T1] usbserial: USB Serial support registered for Edgeport 2 port adapter
[   71.165176][    T1] usbserial: USB Serial support registered for Edgeport 4 port adapter
[   71.166045][    T1] usbserial: USB Serial support registered for Edgeport 8 port adapter
[   71.181346][    T1] usbserial: USB Serial support registered for EPiC device
[   71.182932][    T1] usbcore: registered new interface driver io_ti
[   71.183906][    T1] usbserial: USB Serial support registered for Edgeport TI 1 port adapter
[   71.184798][    T1] usbserial: USB Serial support registered for Edgeport TI 2 port adapter
[   71.197093][    T1] usbcore: registered new interface driver empeg
[   71.213439][    T1] usbserial: USB Serial support registered for empeg
[   71.215900][    T1] usbcore: registered new interface driver f81534a_ctrl
[   71.251231][    T1] usbcore: registered new interface driver f81232
[   71.254988][    T1] usbserial: USB Serial support registered for f81232
[   71.267321][    T1] usbserial: USB Serial support registered for f81534a
[   71.271354][    T1] usbcore: registered new interface driver f81534
[   71.274858][    T1] usbserial: USB Serial support registered for Fintek F81532/F81534
[   71.284792][    T1] usbcore: registered new interface driver ftdi_sio
[   71.357637][    T1] usbserial: USB Serial support registered for FTDI USB Serial Device
[   71.359646][    T1] usbcore: registered new interface driver garmin_gps
[   71.360592][    T1] usbserial: USB Serial support registered for Garmin GPS usb/tty
[   71.362053][    T1] usbcore: registered new interface driver ipaq
[   71.363060][    T1] usbserial: USB Serial support registered for PocketPC PDA
[   71.364413][    T1] usbcore: registered new interface driver ipw
[   71.365268][    T1] usbserial: USB Serial support registered for IPWireless converter
[   71.366710][    T1] usbcore: registered new interface driver ir_usb
[   71.389787][    T1] usbserial: USB Serial support registered for IR Dongle
[   71.391489][    T1] usbcore: registered new interface driver iuu_phoenix
[   71.392482][    T1] usbserial: USB Serial support registered for iuu_phoenix
[   71.394151][    T1] usbcore: registered new interface driver keyspan
[   71.395201][    T1] usbserial: USB Serial support registered for Keyspan - (without firmware)
[   71.395618][    T1] usbserial: USB Serial support registered for Keyspan 1 port adapter
[   71.395618][    T1] usbserial: USB Serial support registered for Keyspan 2 port adapter
[   71.430436][    T1] usbserial: USB Serial support registered for Keyspan 4 port adapter
[   71.433126][    T1] usbcore: registered new interface driver keyspan_pda
[   71.434306][    T1] usbserial: USB Serial support registered for Keyspan PDA
[   71.435222][    T1] usbserial: USB Serial support registered for Keyspan PDA - (prerenumeration)
[   71.436627][    T1] usbcore: registered new interface driver kl5kusb105
[   71.451044][    T1] usbserial: USB Serial support registered for KL5KUSB105D / PalmConnect
[   71.452687][    T1] usbcore: registered new interface driver kobil_sct
[   71.453595][    T1] usbserial: USB Serial support registered for KOBIL USB smart card terminal
[   71.455053][    T1] usbcore: registered new interface driver mct_u232
[   71.455213][    T1] usbserial: USB Serial support registered for MCT U232
[   71.455213][    T1] usbcore: registered new interface driver metro_usb
[   71.473255][    T1] usbserial: USB Serial support registered for Metrologic USB to Serial
[   71.474896][    T1] usbcore: registered new interface driver mos7720
[   71.475920][    T1] usbserial: USB Serial support registered for Moschip 2 port adapter
[   71.501957][    T1] usbcore: registered new interface driver mos7840
[   71.503294][    T1] usbserial: USB Serial support registered for Moschip 7840/7820 USB Serial Driver
[   71.505046][    T1] usbcore: registered new interface driver mxuport
[   71.506090][    T1] usbserial: USB Serial support registered for MOXA UPort
[   71.537889][    T1] usbcore: registered new interface driver navman
[   71.539001][    T1] usbserial: USB Serial support registered for navman
[   71.540530][    T1] usbcore: registered new interface driver omninet
[   71.541565][    T1] usbserial: USB Serial support registered for ZyXEL - omni.net usb
[   71.543080][    T1] usbcore: registered new interface driver opticon
[   71.544074][    T1] usbserial: USB Serial support registered for opticon
[   71.545603][    T1] usbcore: registered new interface driver option
[   71.546609][    T1] usbserial: USB Serial support registered for GSM modem (1-port)
[   71.571742][    T1] usbcore: registered new interface driver oti6858
[   71.572935][    T1] usbserial: USB Serial support registered for oti6858
[   71.574499][    T1] usbcore: registered new interface driver pl2303
[   71.575587][    T1] usbserial: USB Serial support registered for pl2303
[   71.592527][    T1] usbcore: registered new interface driver qcaux
[   71.594450][    T1] usbserial: USB Serial support registered for qcaux
[   71.610642][    T1] usbcore: registered new interface driver qcserial
[   71.611842][    T1] usbserial: USB Serial support registered for Qualcomm USB modem
[   71.613635][    T1] usbcore: registered new interface driver quatech2
[   71.614546][    T1] usbserial: USB Serial support registered for Quatech 2nd gen USB to Serial Driver
[   71.615976][    T1] usbcore: registered new interface driver safe_serial
[   71.616881][    T1] usbserial: USB Serial support registered for safe_serial
[   71.645144][    T1] usbcore: registered new interface driver sierra
[   71.660629][    T1] usbserial: USB Serial support registered for Sierra USB modem
[   71.662292][    T1] usbcore: registered new interface driver usb_serial_simple
[   71.663353][    T1] usbserial: USB Serial support registered for carelink
[   71.664385][    T1] usbserial: USB Serial support registered for flashloader
[   71.665290][    T1] usbserial: USB Serial support registered for funsoft
[   71.665590][    T1] usbserial: USB Serial support registered for google
[   71.684248][    T1] usbserial: USB Serial support registered for hp4x
[   71.685300][    T1] usbserial: USB Serial support registered for kaufmann
[   71.686185][    T1] usbserial: USB Serial support registered for libtransistor
[   71.702133][    T1] usbserial: USB Serial support registered for moto_modem
[   71.705439][    T1] usbserial: USB Serial support registered for motorola_tetra
[   71.714394][    T1] usbserial: USB Serial support registered for nokia
[   71.721851][    T1] usbserial: USB Serial support registered for novatel_gps
[   71.723021][    T1] usbserial: USB Serial support registered for owon
[   71.724133][    T1] usbserial: USB Serial support registered for siemens_mpi
[   71.725070][    T1] usbserial: USB Serial support registered for suunto
[   71.744795][    T1] usbserial: USB Serial support registered for vivopay
[   71.750757][    T1] usbserial: USB Serial support registered for zio
[   71.752726][    T1] usbcore: registered new interface driver spcp8x5
[   71.753799][    T1] usbserial: USB Serial support registered for SPCP8x5
[   71.755466][    T1] usbcore: registered new interface driver ssu100
[   71.770669][    T1] usbserial: USB Serial support registered for Quatech SSU-100 USB to Serial Driver
[   71.772639][    T1] usbcore: registered new interface driver symbolserial
[   71.773608][    T1] usbserial: USB Serial support registered for symbol
[   71.775072][    T1] usbcore: registered new interface driver ti_usb_3410_5052
[   71.775974][    T1] usbserial: USB Serial support registered for TI USB 3410 1 port adapter
[   71.792241][    T1] usbserial: USB Serial support registered for TI USB 5052 2 port adapter
[   71.793861][    T1] usbcore: registered new interface driver upd78f0730
[   71.794979][    T1] usbserial: USB Serial support registered for upd78f0730
[   71.807650][    T1] usbcore: registered new interface driver visor
[   71.808822][    T1] usbserial: USB Serial support registered for Handspring Visor / Palm OS
[   71.809769][    T1] usbserial: USB Serial support registered for Sony Clie 5.0
[   71.810681][    T1] usbserial: USB Serial support registered for Sony Clie 3.5
[   71.812199][    T1] usbcore: registered new interface driver wishbone_serial
[   71.813224][    T1] usbserial: USB Serial support registered for wishbone_serial
[   71.814761][    T1] usbcore: registered new interface driver whiteheat
[   71.815318][    T1] usbserial: USB Serial support registered for Connect Tech - WhiteHEAT - (prerenumeration)
[   71.815318][    T1] usbserial: USB Serial support registered for Connect Tech - WhiteHEAT
[   71.831878][    T1] usbcore: registered new interface driver xr_serial
[   71.832915][    T1] usbserial: USB Serial support registered for xr_serial
[   71.834403][    T1] usbcore: registered new interface driver xsens_mt
[   71.835303][    T1] usbserial: USB Serial support registered for xsens_mt
[   71.840365][    T1] usbcore: registered new interface driver adutux
[   71.842315][    T1] usbcore: registered new interface driver appledisplay
[   71.844174][    T1] usbcore: registered new interface driver cypress_cy7c63
[   71.845971][    T1] usbcore: registered new interface driver cytherm
[   71.864666][    T1] usbcore: registered new interface driver emi26 - firmware loader
[   71.893970][    T1] usbcore: registered new interface driver emi62 - firmware loader
[   71.895293][    T1] usbcore: registered new device driver apple-mfi-fastcharge
[   71.903287][    T1] usbcore: registered new interface driver ljca
[   71.913176][    T1] usbcore: registered new interface driver idmouse
[   71.923782][    T1] usbcore: registered new interface driver iowarrior
[   71.936900][    T1] usbcore: registered new interface driver isight_firmware
[   71.940185][    T1] usbcore: registered new interface driver usblcd
[   71.942239][    T1] usbcore: registered new interface driver ldusb
[   71.944037][    T1] usbcore: registered new interface driver legousbtower
[   71.945052][    T1] usbcore: registered new interface driver usbtest
[   71.985809][    T1] usbcore: registered new interface driver usb_ehset_test
[   71.988842][    T1] usbcore: registered new interface driver trancevibrator
[   71.990957][    T1] usbcore: registered new interface driver uss720
[   71.991249][    T1] uss720: USB Parport Cable driver for Cables using the Lucent Technologies USS720 Chip
[   71.991527][    T1] uss720: NOTE: this is a special purpose driver to allow nonstandard
[   71.991773][    T1] uss720: protocols (eg. bitbang) over USS720 usb to parallel cables
[   71.992014][    T1] uss720: If you just want to connect to a printer, use usblp instead
[   71.993971][    T1] usbcore: registered new interface driver usbsevseg
[   71.995780][    T1] usbcore: registered new interface driver yurex
[   72.050077][    T1] usbcore: registered new interface driver chaoskey
[   72.052193][    T1] usbcore: registered new interface driver sisusb
[   72.053989][    T1] usbcore: registered new interface driver lvs
[   72.055909][    T1] usbcore: registered new interface driver cxacru
[   72.070657][    T1] usbcore: registered new interface driver speedtch
[   72.072597][    T1] usbcore: registered new interface driver ueagle-atm
[   72.072960][    T1] xusbatm: malformed module parameters
[   72.132696][    T1] dummy_hcd dummy_hcd.0: USB Host+Gadget Emulator, driver 02 May 2005
[   72.134607][    T1] dummy_hcd dummy_hcd.0: Dummy host controller
[   72.166977][    T1] dummy_hcd dummy_hcd.0: new USB bus registered, assigned bus number 1
[   72.190112][    T1] usb usb1: New USB device found, idVendor=1d6b, idProduct=0002, bcdDevice= 6.18
[   72.190722][    T1] usb usb1: New USB device strings: Mfr=3, Product=2, SerialNumber=1
[   72.191047][    T1] usb usb1: Product: Dummy host controller
[   72.191295][    T1] usb usb1: Manufacturer: Linux 6.18.0-rc1-next-20251014 dummy_hcd
[   72.191573][    T1] usb usb1: SerialNumber: dummy_hcd.0
[   72.236094][    T1] hub 1-0:1.0: USB hub found
[   72.239248][    T1] hub 1-0:1.0: 1 port detected
[   72.285859][    T1] dummy_hcd dummy_hcd.1: USB Host+Gadget Emulator, driver 02 May 2005
[   72.292605][    T1] dummy_hcd dummy_hcd.1: Dummy host controller
[   72.305150][    T1] dummy_hcd dummy_hcd.1: new USB bus registered, assigned bus number 2
[   72.316000][    T1] usb usb2: New USB device found, idVendor=1d6b, idProduct=0002, bcdDevice= 6.18
[   72.318494][    T1] usb usb2: New USB device strings: Mfr=3, Product=2, SerialNumber=1
[   72.318850][    T1] usb usb2: Product: Dummy host controller
[   72.319093][    T1] usb usb2: Manufacturer: Linux 6.18.0-rc1-next-20251014 dummy_hcd
[   72.319354][    T1] usb usb2: SerialNumber: dummy_hcd.1
[   72.349566][    T1] hub 2-0:1.0: USB hub found
[   72.351379][    T1] hub 2-0:1.0: 1 port detected
[   72.381155][    T1] dummy_hcd dummy_hcd.2: USB Host+Gadget Emulator, driver 02 May 2005
[   72.381741][    T1] dummy_hcd dummy_hcd.2: Dummy host controller
[   72.386782][    T1] dummy_hcd dummy_hcd.2: new USB bus registered, assigned bus number 3
[   72.403312][    T1] usb usb3: New USB device found, idVendor=1d6b, idProduct=0002, bcdDevice= 6.18
[   72.403734][    T1] usb usb3: New USB device strings: Mfr=3, Product=2, SerialNumber=1
[   72.404028][    T1] usb usb3: Product: Dummy host controller
[   72.404255][    T1] usb usb3: Manufacturer: Linux 6.18.0-rc1-next-20251014 dummy_hcd
[   72.404507][    T1] usb usb3: SerialNumber: dummy_hcd.2
[   72.425874][    T1] hub 3-0:1.0: USB hub found
[   72.431935][    T1] hub 3-0:1.0: 1 port detected
[   72.465630][    T1] dummy_hcd dummy_hcd.3: USB Host+Gadget Emulator, driver 02 May 2005
[   72.466240][    T1] dummy_hcd dummy_hcd.3: Dummy host controller
[   72.481210][    T1] dummy_hcd dummy_hcd.3: new USB bus registered, assigned bus number 4
[   72.493268][    T1] usb usb4: New USB device found, idVendor=1d6b, idProduct=0002, bcdDevice= 6.18
[   72.493724][    T1] usb usb4: New USB device strings: Mfr=3, Product=2, SerialNumber=1
[   72.494026][    T1] usb usb4: Product: Dummy host controller
[   72.494255][    T1] usb usb4: Manufacturer: Linux 6.18.0-rc1-next-20251014 dummy_hcd
[   72.494509][    T1] usb usb4: SerialNumber: dummy_hcd.3
[   72.514481][    T1] hub 4-0:1.0: USB hub found
[   72.516136][    T1] hub 4-0:1.0: 1 port detected
[   72.545329][    T1] dummy_hcd dummy_hcd.4: USB Host+Gadget Emulator, driver 02 May 2005
[   72.555347][    T1] dummy_hcd dummy_hcd.4: Dummy host controller
[   72.564472][    T1] dummy_hcd dummy_hcd.4: new USB bus registered, assigned bus number 5
[   72.572735][    T1] usb usb5: New USB device found, idVendor=1d6b, idProduct=0002, bcdDevice= 6.18
[   72.573139][    T1] usb usb5: New USB device strings: Mfr=3, Product=2, SerialNumber=1
[   72.573436][    T1] usb usb5: Product: Dummy host controller
[   72.573678][    T1] usb usb5: Manufacturer: Linux 6.18.0-rc1-next-20251014 dummy_hcd
[   72.573942][    T1] usb usb5: SerialNumber: dummy_hcd.4
[   72.601792][    T1] hub 5-0:1.0: USB hub found
[   72.604173][    T1] hub 5-0:1.0: 1 port detected
[   72.645419][    T1] dummy_hcd dummy_hcd.5: USB Host+Gadget Emulator, driver 02 May 2005
[   72.646004][    T1] dummy_hcd dummy_hcd.5: Dummy host controller
[   72.659837][    T1] dummy_hcd dummy_hcd.5: new USB bus registered, assigned bus number 6
[   72.665854][    T1] usb usb6: New USB device found, idVendor=1d6b, idProduct=0002, bcdDevice= 6.18
[   72.666233][    T1] usb usb6: New USB device strings: Mfr=3, Product=2, SerialNumber=1
[   72.666527][    T1] usb usb6: Product: Dummy host controller
[   72.666781][    T1] usb usb6: Manufacturer: Linux 6.18.0-rc1-next-20251014 dummy_hcd
[   72.667049][    T1] usb usb6: SerialNumber: dummy_hcd.5
[   72.690774][    T1] hub 6-0:1.0: USB hub found
[   72.692258][    T1] hub 6-0:1.0: 1 port detected
[   72.716181][    T1] dummy_hcd dummy_hcd.6: USB Host+Gadget Emulator, driver 02 May 2005
[   72.726701][    T1] dummy_hcd dummy_hcd.6: Dummy host controller
[   72.733340][    T1] dummy_hcd dummy_hcd.6: new USB bus registered, assigned bus number 7
[   72.742482][    T1] usb usb7: New USB device found, idVendor=1d6b, idProduct=0002, bcdDevice= 6.18
[   72.742901][    T1] usb usb7: New USB device strings: Mfr=3, Product=2, SerialNumber=1
[   72.743189][    T1] usb usb7: Product: Dummy host controller
[   72.743412][    T1] usb usb7: Manufacturer: Linux 6.18.0-rc1-next-20251014 dummy_hcd
[   72.743680][    T1] usb usb7: SerialNumber: dummy_hcd.6
[   72.763546][    T1] hub 7-0:1.0: USB hub found
[   72.764998][    T1] hub 7-0:1.0: 1 port detected
[   72.806050][    T1] dummy_hcd dummy_hcd.7: USB Host+Gadget Emulator, driver 02 May 2005
[   72.815021][    T1] dummy_hcd dummy_hcd.7: Dummy host controller
[   72.822564][    T1] dummy_hcd dummy_hcd.7: new USB bus registered, assigned bus number 8
[   72.833677][    T1] usb usb8: New USB device found, idVendor=1d6b, idProduct=0002, bcdDevice= 6.18
[   72.834090][    T1] usb usb8: New USB device strings: Mfr=3, Product=2, SerialNumber=1
[   72.834405][    T1] usb usb8: Product: Dummy host controller
[   72.834647][    T1] usb usb8: Manufacturer: Linux 6.18.0-rc1-next-20251014 dummy_hcd
[   72.834928][    T1] usb usb8: SerialNumber: dummy_hcd.7
[   72.858833][    T1] hub 8-0:1.0: USB hub found
[   72.860302][    T1] hub 8-0:1.0: 1 port detected
[   72.889908][    T1] dummy_hcd dummy_hcd.8: USB Host+Gadget Emulator, driver 02 May 2005
[   72.890459][    T1] dummy_hcd dummy_hcd.8: Dummy host controller
[   72.899635][    T1] dummy_hcd dummy_hcd.8: new USB bus registered, assigned bus number 9
[   72.905787][    T1] usb usb9: New USB device found, idVendor=1d6b, idProduct=0002, bcdDevice= 6.18
[   72.906166][    T1] usb usb9: New USB device strings: Mfr=3, Product=2, SerialNumber=1
[   72.906450][    T1] usb usb9: Product: Dummy host controller
[   72.906701][    T1] usb usb9: Manufacturer: Linux 6.18.0-rc1-next-20251014 dummy_hcd
[   72.910139][    T1] usb usb9: SerialNumber: dummy_hcd.8
[   72.934979][    T1] hub 9-0:1.0: USB hub found
[   72.942298][    T1] hub 9-0:1.0: 1 port detected
[   72.972733][    T1] dummy_hcd dummy_hcd.9: USB Host+Gadget Emulator, driver 02 May 2005
[   72.973283][    T1] dummy_hcd dummy_hcd.9: Dummy host controller
[   72.990938][    T1] dummy_hcd dummy_hcd.9: new USB bus registered, assigned bus number 10
[   73.002506][    T1] usb usb10: New USB device found, idVendor=1d6b, idProduct=0002, bcdDevice= 6.18
[   73.002938][    T1] usb usb10: New USB device strings: Mfr=3, Product=2, SerialNumber=1
[   73.003235][    T1] usb usb10: Product: Dummy host controller
[   73.003461][    T1] usb usb10: Manufacturer: Linux 6.18.0-rc1-next-20251014 dummy_hcd
[   73.003723][    T1] usb usb10: SerialNumber: dummy_hcd.9
[   73.024792][    T1] hub 10-0:1.0: USB hub found
[   73.033109][    T1] hub 10-0:1.0: 1 port detected
[   73.062212][    T1] dummy_hcd dummy_hcd.10: USB Host+Gadget Emulator, driver 02 May 2005
[   73.062774][    T1] dummy_hcd dummy_hcd.10: Dummy host controller
[   73.072341][    T1] dummy_hcd dummy_hcd.10: new USB bus registered, assigned bus number 11
[   73.082016][    T1] usb usb11: New USB device found, idVendor=1d6b, idProduct=0002, bcdDevice= 6.18
[   73.082417][    T1] usb usb11: New USB device strings: Mfr=3, Product=2, SerialNumber=1
[   73.082724][    T1] usb usb11: Product: Dummy host controller
[   73.082954][    T1] usb usb11: Manufacturer: Linux 6.18.0-rc1-next-20251014 dummy_hcd
[   73.083209][    T1] usb usb11: SerialNumber: dummy_hcd.10
[   73.104635][    T1] hub 11-0:1.0: USB hub found
[   73.115401][    T1] hub 11-0:1.0: 1 port detected
[   73.167181][    T1] dummy_hcd dummy_hcd.11: USB Host+Gadget Emulator, driver 02 May 2005
[   73.167962][    T1] dummy_hcd dummy_hcd.11: Dummy host controller
[   73.174833][    T1] dummy_hcd dummy_hcd.11: new USB bus registered, assigned bus number 12
[   73.186304][    T1] usb usb12: New USB device found, idVendor=1d6b, idProduct=0002, bcdDevice= 6.18
[   73.186728][    T1] usb usb12: New USB device strings: Mfr=3, Product=2, SerialNumber=1
[   73.187024][    T1] usb usb12: Product: Dummy host controller
[   73.187251][    T1] usb usb12: Manufacturer: Linux 6.18.0-rc1-next-20251014 dummy_hcd
[   73.188428][    T1] usb usb12: SerialNumber: dummy_hcd.11
[   73.206238][    T1] hub 12-0:1.0: USB hub found
[   73.213509][    T1] hub 12-0:1.0: 1 port detected
[   73.243105][    T1] dummy_hcd dummy_hcd.12: USB Host+Gadget Emulator, driver 02 May 2005
[   73.244508][    T1] dummy_hcd dummy_hcd.12: Dummy host controller
[   73.253207][    T1] dummy_hcd dummy_hcd.12: new USB bus registered, assigned bus number 13
[   73.261994][    T1] usb usb13: New USB device found, idVendor=1d6b, idProduct=0002, bcdDevice= 6.18
[   73.262384][    T1] usb usb13: New USB device strings: Mfr=3, Product=2, SerialNumber=1
[   73.262683][    T1] usb usb13: Product: Dummy host controller
[   73.262911][    T1] usb usb13: Manufacturer: Linux 6.18.0-rc1-next-20251014 dummy_hcd
[   73.263163][    T1] usb usb13: SerialNumber: dummy_hcd.12
[   73.290491][    T1] hub 13-0:1.0: USB hub found
[   73.292016][    T1] hub 13-0:1.0: 1 port detected
[   73.324837][    T1] dummy_hcd dummy_hcd.13: USB Host+Gadget Emulator, driver 02 May 2005
[   73.325536][    T1] dummy_hcd dummy_hcd.13: Dummy host controller
[   73.340220][    T1] dummy_hcd dummy_hcd.13: new USB bus registered, assigned bus number 14
[   73.353076][    T1] usb usb14: New USB device found, idVendor=1d6b, idProduct=0002, bcdDevice= 6.18
[   73.353488][    T1] usb usb14: New USB device strings: Mfr=3, Product=2, SerialNumber=1
[   73.353790][    T1] usb usb14: Product: Dummy host controller
[   73.354016][    T1] usb usb14: Manufacturer: Linux 6.18.0-rc1-next-20251014 dummy_hcd
[   73.354272][    T1] usb usb14: SerialNumber: dummy_hcd.13
[   73.374702][    T1] hub 14-0:1.0: USB hub found
[   73.376159][    T1] hub 14-0:1.0: 1 port detected
[   73.408275][    T1] dummy_hcd dummy_hcd.14: USB Host+Gadget Emulator, driver 02 May 2005
[   73.408930][    T1] dummy_hcd dummy_hcd.14: Dummy host controller
[   73.414012][    T1] dummy_hcd dummy_hcd.14: new USB bus registered, assigned bus number 15
[   73.426649][    T1] usb usb15: New USB device found, idVendor=1d6b, idProduct=0002, bcdDevice= 6.18
[   73.427144][    T1] usb usb15: New USB device strings: Mfr=3, Product=2, SerialNumber=1
[   73.427459][    T1] usb usb15: Product: Dummy host controller
[   73.427712][    T1] usb usb15: Manufacturer: Linux 6.18.0-rc1-next-20251014 dummy_hcd
[   73.427978][    T1] usb usb15: SerialNumber: dummy_hcd.14
[   73.454733][    T1] hub 15-0:1.0: USB hub found
[   73.464593][    T1] hub 15-0:1.0: 1 port detected
[   73.500372][    T1] dummy_hcd dummy_hcd.15: USB Host+Gadget Emulator, driver 02 May 2005
[   73.501172][    T1] dummy_hcd dummy_hcd.15: Dummy host controller
[   73.506332][    T1] dummy_hcd dummy_hcd.15: new USB bus registered, assigned bus number 16
[   73.524449][    T1] usb usb16: New USB device found, idVendor=1d6b, idProduct=0002, bcdDevice= 6.18
[   73.524890][    T1] usb usb16: New USB device strings: Mfr=3, Product=2, SerialNumber=1
[   73.525189][    T1] usb usb16: Product: Dummy host controller
[   73.525417][    T1] usb usb16: Manufacturer: Linux 6.18.0-rc1-next-20251014 dummy_hcd
[   73.525681][    T1] usb usb16: SerialNumber: dummy_hcd.15
[   73.551974][    T1] hub 16-0:1.0: USB hub found
[   73.553671][    T1] hub 16-0:1.0: 1 port detected
[   73.582822][    T1] dummy_hcd dummy_hcd.16: USB Host+Gadget Emulator, driver 02 May 2005
[   73.583548][    T1] dummy_hcd dummy_hcd.16: Dummy host controller
[   73.593022][    T1] dummy_hcd dummy_hcd.16: new USB bus registered, assigned bus number 17
[   73.602662][    T1] usb usb17: New USB device found, idVendor=1d6b, idProduct=0002, bcdDevice= 6.18
[   73.603050][    T1] usb usb17: New USB device strings: Mfr=3, Product=2, SerialNumber=1
[   73.603340][    T1] usb usb17: Product: Dummy host controller
[   73.603574][    T1] usb usb17: Manufacturer: Linux 6.18.0-rc1-next-20251014 dummy_hcd
[   73.603826][    T1] usb usb17: SerialNumber: dummy_hcd.16
[   73.623858][    T1] hub 17-0:1.0: USB hub found
[   73.626746][    T1] hub 17-0:1.0: 1 port detected
[   73.665344][    T1] dummy_hcd dummy_hcd.17: USB Host+Gadget Emulator, driver 02 May 2005
[   73.666664][    T1] dummy_hcd dummy_hcd.17: Dummy host controller
[   73.684709][    T1] dummy_hcd dummy_hcd.17: new USB bus registered, assigned bus number 18
[   73.695465][    T1] usb usb18: New USB device found, idVendor=1d6b, idProduct=0002, bcdDevice= 6.18
[   73.695894][    T1] usb usb18: New USB device strings: Mfr=3, Product=2, SerialNumber=1
[   73.696192][    T1] usb usb18: Product: Dummy host controller
[   73.696421][    T1] usb usb18: Manufacturer: Linux 6.18.0-rc1-next-20251014 dummy_hcd
[   73.696694][    T1] usb usb18: SerialNumber: dummy_hcd.17
[   73.725895][    T1] hub 18-0:1.0: USB hub found
[   73.728316][    T1] hub 18-0:1.0: 1 port detected
[   73.754624][    T1] dummy_hcd dummy_hcd.18: USB Host+Gadget Emulator, driver 02 May 2005
[   73.755288][    T1] dummy_hcd dummy_hcd.18: Dummy host controller
[   73.763645][    T1] dummy_hcd dummy_hcd.18: new USB bus registered, assigned bus number 19
[   73.773735][    T1] usb usb19: New USB device found, idVendor=1d6b, idProduct=0002, bcdDevice= 6.18
[   73.774153][    T1] usb usb19: New USB device strings: Mfr=3, Product=2, SerialNumber=1
[   73.774464][    T1] usb usb19: Product: Dummy host controller
[   73.774698][    T1] usb usb19: Manufacturer: Linux 6.18.0-rc1-next-20251014 dummy_hcd
[   73.774950][    T1] usb usb19: SerialNumber: dummy_hcd.18
[   73.795337][    T1] hub 19-0:1.0: USB hub found
[   73.796859][    T1] hub 19-0:1.0: 1 port detected
[   73.833264][    T1] dummy_hcd dummy_hcd.19: USB Host+Gadget Emulator, driver 02 May 2005
[   73.833992][    T1] dummy_hcd dummy_hcd.19: Dummy host controller
[   73.853014][    T1] dummy_hcd dummy_hcd.19: new USB bus registered, assigned bus number 20
[   73.864574][    T1] usb usb20: New USB device found, idVendor=1d6b, idProduct=0002, bcdDevice= 6.18
[   73.865007][    T1] usb usb20: New USB device strings: Mfr=3, Product=2, SerialNumber=1
[   73.865309][    T1] usb usb20: Product: Dummy host controller
[   73.865548][    T1] usb usb20: Manufacturer: Linux 6.18.0-rc1-next-20251014 dummy_hcd
[   73.865814][    T1] usb usb20: SerialNumber: dummy_hcd.19
[   73.884245][    T1] hub 20-0:1.0: USB hub found
[   73.885710][    T1] hub 20-0:1.0: 1 port detected
[   73.921506][    T1] dummy_hcd dummy_hcd.20: USB Host+Gadget Emulator, driver 02 May 2005
[   73.922257][    T1] dummy_hcd dummy_hcd.20: Dummy host controller
[   73.931726][    T1] dummy_hcd dummy_hcd.20: new USB bus registered, assigned bus number 21
[   73.944007][    T1] usb usb21: New USB device found, idVendor=1d6b, idProduct=0002, bcdDevice= 6.18
[   73.944422][    T1] usb usb21: New USB device strings: Mfr=3, Product=2, SerialNumber=1
[   73.944729][    T1] usb usb21: Product: Dummy host controller
[   73.944959][    T1] usb usb21: Manufacturer: Linux 6.18.0-rc1-next-20251014 dummy_hcd
[   73.945233][    T1] usb usb21: SerialNumber: dummy_hcd.20
[   73.968300][    T1] hub 21-0:1.0: USB hub found
[   73.970079][    T1] hub 21-0:1.0: 1 port detected
[   73.992999][    T1] dummy_hcd dummy_hcd.21: USB Host+Gadget Emulator, driver 02 May 2005
[   73.993567][    T1] dummy_hcd dummy_hcd.21: Dummy host controller
[   74.005220][    T1] dummy_hcd dummy_hcd.21: new USB bus registered, assigned bus number 22
[   74.026180][    T1] usb usb22: New USB device found, idVendor=1d6b, idProduct=0002, bcdDevice= 6.18
[   74.026645][    T1] usb usb22: New USB device strings: Mfr=3, Product=2, SerialNumber=1
[   74.029926][    T1] usb usb22: Product: Dummy host controller
[   74.030223][    T1] usb usb22: Manufacturer: Linux 6.18.0-rc1-next-20251014 dummy_hcd
[   74.030495][    T1] usb usb22: SerialNumber: dummy_hcd.21
[   74.056109][    T1] hub 22-0:1.0: USB hub found
[   74.065370][    T1] hub 22-0:1.0: 1 port detected
[   74.096407][    T1] dummy_hcd dummy_hcd.22: USB Host+Gadget Emulator, driver 02 May 2005
[   74.105079][    T1] dummy_hcd dummy_hcd.22: Dummy host controller
[   74.120205][    T1] dummy_hcd dummy_hcd.22: new USB bus registered, assigned bus number 23
[   74.130805][    T1] usb usb23: New USB device found, idVendor=1d6b, idProduct=0002, bcdDevice= 6.18
[   74.131250][    T1] usb usb23: New USB device strings: Mfr=3, Product=2, SerialNumber=1
[   74.131574][    T1] usb usb23: Product: Dummy host controller
[   74.131805][    T1] usb usb23: Manufacturer: Linux 6.18.0-rc1-next-20251014 dummy_hcd
[   74.132086][    T1] usb usb23: SerialNumber: dummy_hcd.22
[   74.158684][    T1] hub 23-0:1.0: USB hub found
[   74.160311][    T1] hub 23-0:1.0: 1 port detected
[   74.181725][    T1] dummy_hcd dummy_hcd.23: USB Host+Gadget Emulator, driver 02 May 2005
[   74.182348][    T1] dummy_hcd dummy_hcd.23: Dummy host controller
[   74.194863][    T1] dummy_hcd dummy_hcd.23: new USB bus registered, assigned bus number 24
[   74.214782][    T1] usb usb24: New USB device found, idVendor=1d6b, idProduct=0002, bcdDevice= 6.18
[   74.215214][    T1] usb usb24: New USB device strings: Mfr=3, Product=2, SerialNumber=1
[   74.215511][    T1] usb usb24: Product: Dummy host controller
[   74.215753][    T1] usb usb24: Manufacturer: Linux 6.18.0-rc1-next-20251014 dummy_hcd
[   74.216008][    T1] usb usb24: SerialNumber: dummy_hcd.23
[   74.244096][    T1] hub 24-0:1.0: USB hub found
[   74.245862][    T1] hub 24-0:1.0: 1 port detected
[   74.285173][    T1] dummy_hcd dummy_hcd.24: USB Host+Gadget Emulator, driver 02 May 2005
[   74.285757][    T1] dummy_hcd dummy_hcd.24: Dummy host controller
[   74.301432][    T1] dummy_hcd dummy_hcd.24: new USB bus registered, assigned bus number 25
[   74.311377][    T1] usb usb25: New USB device found, idVendor=1d6b, idProduct=0002, bcdDevice= 6.18
[   74.311782][    T1] usb usb25: New USB device strings: Mfr=3, Product=2, SerialNumber=1
[   74.312082][    T1] usb usb25: Product: Dummy host controller
[   74.312323][    T1] usb usb25: Manufacturer: Linux 6.18.0-rc1-next-20251014 dummy_hcd
[   74.312590][    T1] usb usb25: SerialNumber: dummy_hcd.24
[   74.334478][    T1] hub 25-0:1.0: USB hub found
[   74.336092][    T1] hub 25-0:1.0: 1 port detected
[   74.359786][    T1] dummy_hcd dummy_hcd.25: USB Host+Gadget Emulator, driver 02 May 2005
[   74.360344][    T1] dummy_hcd dummy_hcd.25: Dummy host controller
[   74.365377][    T1] dummy_hcd dummy_hcd.25: new USB bus registered, assigned bus number 26
[   74.385457][    T1] usb usb26: New USB device found, idVendor=1d6b, idProduct=0002, bcdDevice= 6.18
[   74.385914][    T1] usb usb26: New USB device strings: Mfr=3, Product=2, SerialNumber=1
[   74.391295][    T1] usb usb26: Product: Dummy host controller
[   74.391568][    T1] usb usb26: Manufacturer: Linux 6.18.0-rc1-next-20251014 dummy_hcd
[   74.391826][    T1] usb usb26: SerialNumber: dummy_hcd.25
[   74.410065][    T1] hub 26-0:1.0: USB hub found
[   74.412826][    T1] hub 26-0:1.0: 1 port detected
[   74.454019][    T1] dummy_hcd dummy_hcd.26: USB Host+Gadget Emulator, driver 02 May 2005
[   74.454615][    T1] dummy_hcd dummy_hcd.26: Dummy host controller
[   74.470184][    T1] dummy_hcd dummy_hcd.26: new USB bus registered, assigned bus number 27
[   74.476576][    T1] usb usb27: New USB device found, idVendor=1d6b, idProduct=0002, bcdDevice= 6.18
[   74.476957][    T1] usb usb27: New USB device strings: Mfr=3, Product=2, SerialNumber=1
[   74.480415][    T1] usb usb27: Product: Dummy host controller
[   74.480715][    T1] usb usb27: Manufacturer: Linux 6.18.0-rc1-next-20251014 dummy_hcd
[   74.480995][    T1] usb usb27: SerialNumber: dummy_hcd.26
[   74.504732][    T1] hub 27-0:1.0: USB hub found
[   74.506227][    T1] hub 27-0:1.0: 1 port detected
[   74.542183][    T1] dummy_hcd dummy_hcd.27: USB Host+Gadget Emulator, driver 02 May 2005
[   74.542843][    T1] dummy_hcd dummy_hcd.27: Dummy host controller
[   74.551963][    T1] dummy_hcd dummy_hcd.27: new USB bus registered, assigned bus number 28
[   74.563790][    T1] usb usb28: New USB device found, idVendor=1d6b, idProduct=0002, bcdDevice= 6.18
[   74.564219][    T1] usb usb28: New USB device strings: Mfr=3, Product=2, SerialNumber=1
[   74.564527][    T1] usb usb28: Product: Dummy host controller
[   74.564760][    T1] usb usb28: Manufacturer: Linux 6.18.0-rc1-next-20251014 dummy_hcd
[   74.565018][    T1] usb usb28: SerialNumber: dummy_hcd.27
[   74.586305][    T1] hub 28-0:1.0: USB hub found
[   74.597926][    T1] hub 28-0:1.0: 1 port detected
[   74.634407][    T1] dummy_hcd dummy_hcd.28: USB Host+Gadget Emulator, driver 02 May 2005
[   74.635018][    T1] dummy_hcd dummy_hcd.28: Dummy host controller
[   74.641626][    T1] dummy_hcd dummy_hcd.28: new USB bus registered, assigned bus number 29
[   74.651795][    T1] usb usb29: New USB device found, idVendor=1d6b, idProduct=0002, bcdDevice= 6.18
[   74.652238][    T1] usb usb29: New USB device strings: Mfr=3, Product=2, SerialNumber=1
[   74.652555][    T1] usb usb29: Product: Dummy host controller
[   74.652793][    T1] usb usb29: Manufacturer: Linux 6.18.0-rc1-next-20251014 dummy_hcd
[   74.653058][    T1] usb usb29: SerialNumber: dummy_hcd.28
[   74.675699][    T1] hub 29-0:1.0: USB hub found
[   74.681172][    T1] hub 29-0:1.0: 1 port detected
[   74.707222][    T1] dummy_hcd dummy_hcd.29: USB Host+Gadget Emulator, driver 02 May 2005
[   74.714603][    T1] dummy_hcd dummy_hcd.29: Dummy host controller
[   74.723365][    T1] dummy_hcd dummy_hcd.29: new USB bus registered, assigned bus number 30
[   74.735763][    T1] usb usb30: New USB device found, idVendor=1d6b, idProduct=0002, bcdDevice= 6.18
[   74.737581][    T1] usb usb30: New USB device strings: Mfr=3, Product=2, SerialNumber=1
[   74.737923][    T1] usb usb30: Product: Dummy host controller
[   74.738163][    T1] usb usb30: Manufacturer: Linux 6.18.0-rc1-next-20251014 dummy_hcd
[   74.738425][    T1] usb usb30: SerialNumber: dummy_hcd.29
[   74.763702][    T1] hub 30-0:1.0: USB hub found
[   74.768773][    T1] hub 30-0:1.0: 1 port detected
[   74.801289][    T1] dummy_hcd dummy_hcd.30: USB Host+Gadget Emulator, driver 02 May 2005
[   74.802444][    T1] dummy_hcd dummy_hcd.30: Dummy host controller
[   74.812665][    T1] dummy_hcd dummy_hcd.30: new USB bus registered, assigned bus number 31
[   74.822357][    T1] usb usb31: New USB device found, idVendor=1d6b, idProduct=0002, bcdDevice= 6.18
[   74.822796][    T1] usb usb31: New USB device strings: Mfr=3, Product=2, SerialNumber=1
[   74.823093][    T1] usb usb31: Product: Dummy host controller
[   74.823321][    T1] usb usb31: Manufacturer: Linux 6.18.0-rc1-next-20251014 dummy_hcd
[   74.823584][    T1] usb usb31: SerialNumber: dummy_hcd.30
[   74.845906][    T1] hub 31-0:1.0: USB hub found
[   74.850663][    T1] hub 31-0:1.0: 1 port detected
[   74.883687][    T1] dummy_hcd dummy_hcd.31: USB Host+Gadget Emulator, driver 02 May 2005
[   74.884249][    T1] dummy_hcd dummy_hcd.31: Dummy host controller
[   74.889944][    T1] dummy_hcd dummy_hcd.31: new USB bus registered, assigned bus number 32
[   74.900028][    T1] usb usb32: New USB device found, idVendor=1d6b, idProduct=0002, bcdDevice= 6.18
[   74.900444][    T1] usb usb32: New USB device strings: Mfr=3, Product=2, SerialNumber=1
[   74.900748][    T1] usb usb32: Product: Dummy host controller
[   74.900975][    T1] usb usb32: Manufacturer: Linux 6.18.0-rc1-next-20251014 dummy_hcd
[   74.901265][    T1] usb usb32: SerialNumber: dummy_hcd.31
[   74.928222][    T1] hub 32-0:1.0: USB hub found
[   74.930911][    T1] hub 32-0:1.0: 1 port detected
[   75.818579][    T1] SPI driver max3420-udc has no spi_device_id for maxim,max3421-udc
[   75.824438][    T1] gadgetfs: USB Gadget filesystem, version 24 Aug 2004
[   75.870480][    T1] vhci_hcd vhci_hcd.0: USB/IP Virtual Host Controller
[   75.875585][    T1] vhci_hcd vhci_hcd.0: new USB bus registered, assigned bus number 33
[   75.892474][    T1] vhci_hcd vhci_hcd.0: created sysfs vhci_hcd.0
[   75.899682][    T1] usb usb33: New USB device found, idVendor=1d6b, idProduct=0002, bcdDevice= 6.18
[   75.900076][    T1] usb usb33: New USB device strings: Mfr=3, Product=2, SerialNumber=1
[   75.900372][    T1] usb usb33: Product: USB/IP Virtual Host Controller
[   75.900622][    T1] usb usb33: Manufacturer: Linux 6.18.0-rc1-next-20251014 vhci_hcd
[   75.900873][    T1] usb usb33: SerialNumber: vhci_hcd.0
[   75.926529][    T1] hub 33-0:1.0: USB hub found
[   75.934090][    T1] hub 33-0:1.0: 8 ports detected
[   75.996046][    T1] vhci_hcd vhci_hcd.0: USB/IP Virtual Host Controller
[   76.009365][    T1] vhci_hcd vhci_hcd.0: new USB bus registered, assigned bus number 34
[   76.014028][    T1] usb usb34: We don't know the algorithms for LPM for this host, disabling LPM.
[   76.020955][    T1] usb usb34: New USB device found, idVendor=1d6b, idProduct=0003, bcdDevice= 6.18
[   76.021339][    T1] usb usb34: New USB device strings: Mfr=3, Product=2, SerialNumber=1
[   76.021645][    T1] usb usb34: Product: USB/IP Virtual Host Controller
[   76.021893][    T1] usb usb34: Manufacturer: Linux 6.18.0-rc1-next-20251014 vhci_hcd
[   76.022161][    T1] usb usb34: SerialNumber: vhci_hcd.0
[   76.043123][    T1] hub 34-0:1.0: USB hub found
[   76.045110][    T1] hub 34-0:1.0: 8 ports detected
[   76.133526][    T1] vhci_hcd vhci_hcd.1: USB/IP Virtual Host Controller
[   76.146079][    T1] vhci_hcd vhci_hcd.1: new USB bus registered, assigned bus number 35
[   76.159055][    T1] usb usb35: New USB device found, idVendor=1d6b, idProduct=0002, bcdDevice= 6.18
[   76.159475][    T1] usb usb35: New USB device strings: Mfr=3, Product=2, SerialNumber=1
[   76.159794][    T1] usb usb35: Product: USB/IP Virtual Host Controller
[   76.160037][    T1] usb usb35: Manufacturer: Linux 6.18.0-rc1-next-20251014 vhci_hcd
[   76.160299][    T1] usb usb35: SerialNumber: vhci_hcd.1
[   76.182143][    T1] hub 35-0:1.0: USB hub found
[   76.183672][    T1] hub 35-0:1.0: 8 ports detected
[   76.245684][    T1] vhci_hcd vhci_hcd.1: USB/IP Virtual Host Controller
[   76.252539][    T1] vhci_hcd vhci_hcd.1: new USB bus registered, assigned bus number 36
[   76.255260][    T1] usb usb36: We don't know the algorithms for LPM for this host, disabling LPM.
[   76.264466][    T1] usb usb36: New USB device found, idVendor=1d6b, idProduct=0003, bcdDevice= 6.18
[   76.264921][    T1] usb usb36: New USB device strings: Mfr=3, Product=2, SerialNumber=1
[   76.265225][    T1] usb usb36: Product: USB/IP Virtual Host Controller
[   76.265465][    T1] usb usb36: Manufacturer: Linux 6.18.0-rc1-next-20251014 vhci_hcd
[   76.265740][    T1] usb usb36: SerialNumber: vhci_hcd.1
[   76.292181][    T1] hub 36-0:1.0: USB hub found
[   76.293732][    T1] hub 36-0:1.0: 8 ports detected
[   76.374140][    T1] vhci_hcd vhci_hcd.2: USB/IP Virtual Host Controller
[   76.385027][    T1] vhci_hcd vhci_hcd.2: new USB bus registered, assigned bus number 37
[   76.396160][    T1] usb usb37: New USB device found, idVendor=1d6b, idProduct=0002, bcdDevice= 6.18
[   76.396626][    T1] usb usb37: New USB device strings: Mfr=3, Product=2, SerialNumber=1
[   76.399349][    T1] usb usb37: Product: USB/IP Virtual Host Controller
[   76.399675][    T1] usb usb37: Manufacturer: Linux 6.18.0-rc1-next-20251014 vhci_hcd
[   76.399948][    T1] usb usb37: SerialNumber: vhci_hcd.2
[   76.421129][    T1] hub 37-0:1.0: USB hub found
[   76.422675][    T1] hub 37-0:1.0: 8 ports detected
[   76.484295][    T1] vhci_hcd vhci_hcd.2: USB/IP Virtual Host Controller
[   76.496595][    T1] vhci_hcd vhci_hcd.2: new USB bus registered, assigned bus number 38
[   76.504061][    T1] usb usb38: We don't know the algorithms for LPM for this host, disabling LPM.
[   76.512386][    T1] usb usb38: New USB device found, idVendor=1d6b, idProduct=0003, bcdDevice= 6.18
[   76.512776][    T1] usb usb38: New USB device strings: Mfr=3, Product=2, SerialNumber=1
[   76.513068][    T1] usb usb38: Product: USB/IP Virtual Host Controller
[   76.513306][    T1] usb usb38: Manufacturer: Linux 6.18.0-rc1-next-20251014 vhci_hcd
[   76.513568][    T1] usb usb38: SerialNumber: vhci_hcd.2
[   76.540642][    T1] hub 38-0:1.0: USB hub found
[   76.542222][    T1] hub 38-0:1.0: 8 ports detected
[   76.621731][    T1] vhci_hcd vhci_hcd.3: USB/IP Virtual Host Controller
[   76.630723][    T1] vhci_hcd vhci_hcd.3: new USB bus registered, assigned bus number 39
[   76.641991][    T1] usb usb39: New USB device found, idVendor=1d6b, idProduct=0002, bcdDevice= 6.18
[   76.642405][    T1] usb usb39: New USB device strings: Mfr=3, Product=2, SerialNumber=1
[   76.642710][    T1] usb usb39: Product: USB/IP Virtual Host Controller
[   76.642950][    T1] usb usb39: Manufacturer: Linux 6.18.0-rc1-next-20251014 vhci_hcd
[   76.643207][    T1] usb usb39: SerialNumber: vhci_hcd.3
[   76.671646][    T1] hub 39-0:1.0: USB hub found
[   76.673224][    T1] hub 39-0:1.0: 8 ports detected
[   76.730596][    T1] vhci_hcd vhci_hcd.3: USB/IP Virtual Host Controller
[   76.750278][    T1] vhci_hcd vhci_hcd.3: new USB bus registered, assigned bus number 40
[   76.754647][    T1] usb usb40: We don't know the algorithms for LPM for this host, disabling LPM.
[   76.764682][    T1] usb usb40: New USB device found, idVendor=1d6b, idProduct=0003, bcdDevice= 6.18
[   76.765184][    T1] usb usb40: New USB device strings: Mfr=3, Product=2, SerialNumber=1
[   76.766151][    T1] usb usb40: Product: USB/IP Virtual Host Controller
[   76.766421][    T1] usb usb40: Manufacturer: Linux 6.18.0-rc1-next-20251014 vhci_hcd
[   76.766696][    T1] usb usb40: SerialNumber: vhci_hcd.3
[   76.790622][    T1] hub 40-0:1.0: USB hub found
[   76.793417][    T1] hub 40-0:1.0: 8 ports detected
[   76.880026][    T1] vhci_hcd vhci_hcd.4: USB/IP Virtual Host Controller
[   76.892244][    T1] vhci_hcd vhci_hcd.4: new USB bus registered, assigned bus number 41
[   76.909028][    T1] usb usb41: New USB device found, idVendor=1d6b, idProduct=0002, bcdDevice= 6.18
[   76.909465][    T1] usb usb41: New USB device strings: Mfr=3, Product=2, SerialNumber=1
[   76.909781][    T1] usb usb41: Product: USB/IP Virtual Host Controller
[   76.910023][    T1] usb usb41: Manufacturer: Linux 6.18.0-rc1-next-20251014 vhci_hcd
[   76.910277][    T1] usb usb41: SerialNumber: vhci_hcd.4
[   76.936949][    T1] hub 41-0:1.0: USB hub found
[   76.939652][    T1] hub 41-0:1.0: 8 ports detected
[   77.014256][    T1] vhci_hcd vhci_hcd.4: USB/IP Virtual Host Controller
[   77.021761][    T1] vhci_hcd vhci_hcd.4: new USB bus registered, assigned bus number 42
[   77.024523][    T1] usb usb42: We don't know the algorithms for LPM for this host, disabling LPM.
[   77.034332][    T1] usb usb42: New USB device found, idVendor=1d6b, idProduct=0003, bcdDevice= 6.18
[   77.034744][    T1] usb usb42: New USB device strings: Mfr=3, Product=2, SerialNumber=1
[   77.035047][    T1] usb usb42: Product: USB/IP Virtual Host Controller
[   77.035289][    T1] usb usb42: Manufacturer: Linux 6.18.0-rc1-next-20251014 vhci_hcd
[   77.035551][    T1] usb usb42: SerialNumber: vhci_hcd.4
[   77.060692][    T1] hub 42-0:1.0: USB hub found
[   77.064225][    T1] hub 42-0:1.0: 8 ports detected
[   77.142026][    T1] vhci_hcd vhci_hcd.5: USB/IP Virtual Host Controller
[   77.152208][    T1] vhci_hcd vhci_hcd.5: new USB bus registered, assigned bus number 43
[   77.164660][    T1] usb usb43: New USB device found, idVendor=1d6b, idProduct=0002, bcdDevice= 6.18
[   77.165075][    T1] usb usb43: New USB device strings: Mfr=3, Product=2, SerialNumber=1
[   77.165368][    T1] usb usb43: Product: USB/IP Virtual Host Controller
[   77.165616][    T1] usb usb43: Manufacturer: Linux 6.18.0-rc1-next-20251014 vhci_hcd
[   77.165868][    T1] usb usb43: SerialNumber: vhci_hcd.5
[   77.184807][    T1] hub 43-0:1.0: USB hub found
[   77.195364][    T1] hub 43-0:1.0: 8 ports detected
[   77.258109][    T1] vhci_hcd vhci_hcd.5: USB/IP Virtual Host Controller
[   77.262887][    T1] vhci_hcd vhci_hcd.5: new USB bus registered, assigned bus number 44
[   77.265445][    T1] usb usb44: We don't know the algorithms for LPM for this host, disabling LPM.
[   77.273773][    T1] usb usb44: New USB device found, idVendor=1d6b, idProduct=0003, bcdDevice= 6.18
[   77.274189][    T1] usb usb44: New USB device strings: Mfr=3, Product=2, SerialNumber=1
[   77.274484][    T1] usb usb44: Product: USB/IP Virtual Host Controller
[   77.274735][    T1] usb usb44: Manufacturer: Linux 6.18.0-rc1-next-20251014 vhci_hcd
[   77.274991][    T1] usb usb44: SerialNumber: vhci_hcd.5
[   77.301221][    T1] hub 44-0:1.0: USB hub found
[   77.302771][    T1] hub 44-0:1.0: 8 ports detected
[   77.385320][    T1] vhci_hcd vhci_hcd.6: USB/IP Virtual Host Controller
[   77.400982][    T1] vhci_hcd vhci_hcd.6: new USB bus registered, assigned bus number 45
[   77.413086][    T1] usb usb45: New USB device found, idVendor=1d6b, idProduct=0002, bcdDevice= 6.18
[   77.413497][    T1] usb usb45: New USB device strings: Mfr=3, Product=2, SerialNumber=1
[   77.413804][    T1] usb usb45: Product: USB/IP Virtual Host Controller
[   77.414050][    T1] usb usb45: Manufacturer: Linux 6.18.0-rc1-next-20251014 vhci_hcd
[   77.414304][    T1] usb usb45: SerialNumber: vhci_hcd.6
[   77.434781][    T1] hub 45-0:1.0: USB hub found
[   77.436248][    T1] hub 45-0:1.0: 8 ports detected
[   77.489963][    T1] vhci_hcd vhci_hcd.6: USB/IP Virtual Host Controller
[   77.513289][    T1] vhci_hcd vhci_hcd.6: new USB bus registered, assigned bus number 46
[   77.518854][    T1] usb usb46: We don't know the algorithms for LPM for this host, disabling LPM.
[   77.528148][    T1] usb usb46: New USB device found, idVendor=1d6b, idProduct=0003, bcdDevice= 6.18
[   77.528735][    T1] usb usb46: New USB device strings: Mfr=3, Product=2, SerialNumber=1
[   77.529071][    T1] usb usb46: Product: USB/IP Virtual Host Controller
[   77.529336][    T1] usb usb46: Manufacturer: Linux 6.18.0-rc1-next-20251014 vhci_hcd
[   77.529747][    T1] usb usb46: SerialNumber: vhci_hcd.6
[   77.564148][    T1] hub 46-0:1.0: USB hub found
[   77.570109][    T1] hub 46-0:1.0: 8 ports detected
[   77.650700][    T1] vhci_hcd vhci_hcd.7: USB/IP Virtual Host Controller
[   77.656083][    T1] vhci_hcd vhci_hcd.7: new USB bus registered, assigned bus number 47
[   77.671795][    T1] usb usb47: New USB device found, idVendor=1d6b, idProduct=0002, bcdDevice= 6.18
[   77.672277][    T1] usb usb47: New USB device strings: Mfr=3, Product=2, SerialNumber=1
[   77.672589][    T1] usb usb47: Product: USB/IP Virtual Host Controller
[   77.672824][    T1] usb usb47: Manufacturer: Linux 6.18.0-rc1-next-20251014 vhci_hcd
[   77.673069][    T1] usb usb47: SerialNumber: vhci_hcd.7
[   77.696308][    T1] hub 47-0:1.0: USB hub found
[   77.709311][    T1] hub 47-0:1.0: 8 ports detected
[   77.771040][    T1] vhci_hcd vhci_hcd.7: USB/IP Virtual Host Controller
[   77.775603][    T1] vhci_hcd vhci_hcd.7: new USB bus registered, assigned bus number 48
[   77.788096][    T1] usb usb48: We don't know the algorithms for LPM for this host, disabling LPM.
[   77.793062][    T1] usb usb48: New USB device found, idVendor=1d6b, idProduct=0003, bcdDevice= 6.18
[   77.793439][    T1] usb usb48: New USB device strings: Mfr=3, Product=2, SerialNumber=1
[   77.793744][    T1] usb usb48: Product: USB/IP Virtual Host Controller
[   77.793989][    T1] usb usb48: Manufacturer: Linux 6.18.0-rc1-next-20251014 vhci_hcd
[   77.794244][    T1] usb usb48: SerialNumber: vhci_hcd.7
[   77.812866][    T1] hub 48-0:1.0: USB hub found
[   77.814384][    T1] hub 48-0:1.0: 8 ports detected
[   77.903091][    T1] vhci_hcd vhci_hcd.8: USB/IP Virtual Host Controller
[   77.919621][    T1] vhci_hcd vhci_hcd.8: new USB bus registered, assigned bus number 49
[   77.925846][    T1] usb usb49: New USB device found, idVendor=1d6b, idProduct=0002, bcdDevice= 6.18
[   77.926235][    T1] usb usb49: New USB device strings: Mfr=3, Product=2, SerialNumber=1
[   77.926546][    T1] usb usb49: Product: USB/IP Virtual Host Controller
[   77.926791][    T1] usb usb49: Manufacturer: Linux 6.18.0-rc1-next-20251014 vhci_hcd
[   77.927048][    T1] usb usb49: SerialNumber: vhci_hcd.8
[   77.953080][    T1] hub 49-0:1.0: USB hub found
[   77.957217][    T1] hub 49-0:1.0: 8 ports detected
[   78.013879][    T1] vhci_hcd vhci_hcd.8: USB/IP Virtual Host Controller
[   78.023240][    T1] vhci_hcd vhci_hcd.8: new USB bus registered, assigned bus number 50
[   78.028329][    T1] usb usb50: We don't know the algorithms for LPM for this host, disabling LPM.
[   78.033777][    T1] usb usb50: New USB device found, idVendor=1d6b, idProduct=0003, bcdDevice= 6.18
[   78.034158][    T1] usb usb50: New USB device strings: Mfr=3, Product=2, SerialNumber=1
[   78.034457][    T1] usb usb50: Product: USB/IP Virtual Host Controller
[   78.034704][    T1] usb usb50: Manufacturer: Linux 6.18.0-rc1-next-20251014 vhci_hcd
[   78.034955][    T1] usb usb50: SerialNumber: vhci_hcd.8
[   78.064818][    T1] hub 50-0:1.0: USB hub found
[   78.069953][    T1] hub 50-0:1.0: 8 ports detected
[   78.140498][    T1] vhci_hcd vhci_hcd.9: USB/IP Virtual Host Controller
[   78.145673][    T1] vhci_hcd vhci_hcd.9: new USB bus registered, assigned bus number 51
[   78.164736][    T1] usb usb51: New USB device found, idVendor=1d6b, idProduct=0002, bcdDevice= 6.18
[   78.165168][    T1] usb usb51: New USB device strings: Mfr=3, Product=2, SerialNumber=1
[   78.165468][    T1] usb usb51: Product: USB/IP Virtual Host Controller
[   78.165731][    T1] usb usb51: Manufacturer: Linux 6.18.0-rc1-next-20251014 vhci_hcd
[   78.165997][    T1] usb usb51: SerialNumber: vhci_hcd.9
[   78.195362][    T1] hub 51-0:1.0: USB hub found
[   78.202420][    T1] hub 51-0:1.0: 8 ports detected
[   78.263444][    T1] vhci_hcd vhci_hcd.9: USB/IP Virtual Host Controller
[   78.275190][    T1] vhci_hcd vhci_hcd.9: new USB bus registered, assigned bus number 52
[   78.282215][    T1] usb usb52: We don't know the algorithms for LPM for this host, disabling LPM.
[   78.288029][    T1] usb usb52: New USB device found, idVendor=1d6b, idProduct=0003, bcdDevice= 6.18
[   78.288416][    T1] usb usb52: New USB device strings: Mfr=3, Product=2, SerialNumber=1
[   78.288722][    T1] usb usb52: Product: USB/IP Virtual Host Controller
[   78.288966][    T1] usb usb52: Manufacturer: Linux 6.18.0-rc1-next-20251014 vhci_hcd
[   78.289242][    T1] usb usb52: SerialNumber: vhci_hcd.9
[   78.315011][    T1] hub 52-0:1.0: USB hub found
[   78.320150][    T1] hub 52-0:1.0: 8 ports detected
[   78.405783][    T1] vhci_hcd vhci_hcd.10: USB/IP Virtual Host Controller
