c[?7l[2J[0mSeaBIOS (version 1.15.0-1)


iPXE (https://ipxe.org) 00:03.0 CA00 PCI2.10 PnP PMM+3FF8B340+3FECB340 CA00
Press Ctrl-B to configure iPXE (PCI 00:03.0)...                                                                               


Booting from ROM..c[?7l[2Jearly console in extract_kernel
input_data: 0x00000000152a02a3
input_len: 0x000000000614696d
output: 0x0000000001000000
output_len: 0x0000000012a2de08
kernel_total_size: 0x000000001a428000
needed_size: 0x000000001a600000
trampoline_32bit: 0x0000000000000000

Decompressing Linux... Parsing ELF... done.
Booting the kernel (entry_offset: 0x0000000010dc8250).
[    0.000000][    T0] Linux version 6.18.0-rc1-next-20251014 (dev@237e1f3c52b1) (x86_64-linux-gnu-gcc (Ubuntu 11.4.0-1ubuntu1~22.04) 11.4.0, Ubuntu LLD 15.0.7) #1 SMP PREEMPT_DYNAMIC Wed Dec 31 07:57:03 UTC 2025
[    0.000000][    T0] Command line: "console=ttyS0 earlyprintk=serial,ttyS0 root=/dev/sda1 rw net.ifnames=0"
[    0.000000][    T0] KERNEL supported cpus:
[    0.000000][    T0]   Intel GenuineIntel
[    0.000000][    T0]   AMD AuthenticAMD
[    0.000000][    T0] BIOS-provided physical RAM map:
[    0.000000][    T0] BIOS-e820: [mem 0x0000000000000000-0x000000000009fbff] usable
[    0.000000][    T0] BIOS-e820: [mem 0x000000000009fc00-0x000000000009ffff] reserved
[    0.000000][    T0] BIOS-e820: [mem 0x00000000000f0000-0x00000000000fffff] reserved
[    0.000000][    T0] BIOS-e820: [mem 0x0000000000100000-0x000000003ffdffff] usable
[    0.000000][    T0] BIOS-e820: [mem 0x000000003ffe0000-0x000000003fffffff] reserved
[    0.000000][    T0] BIOS-e820: [mem 0x00000000fffc0000-0x00000000ffffffff] reserved
[    0.000000][    T0] printk: legacy bootconsole [earlyser0] enabled
[    0.000000][    T0] ERROR: earlyprintk= earlyser already used
[    0.000000][    T0] ERROR: earlyprintk= earlyser already used
[    0.000000][    T0] ERROR: earlyprintk= earlyser already used
[    0.000000][    T0] Hash pointers mode set to never.
[    0.000000][    T0] Malformed early option 'vsyscall'
[    0.000000][    T0] NX (Execute Disable) protection: active
[    0.000000][    T0] APIC: Static calls initialized
[    0.000000][    T0] SMBIOS 2.8 present.
[    0.000000][    T0] DMI: QEMU Standard PC (i440FX + PIIX, 1996), BIOS 1.15.0-1 04/01/2014
[    0.000000][    T0] DMI: Memory slots populated: 1/1
[    0.000000][    T0] tsc: Fast TSC calibration using PIT
[    0.000000][    T0] tsc: Detected 999.991 MHz processor
[    0.072607][    T0] last_pfn = 0x3ffe0 max_arch_pfn = 0x400000000
[    0.073830][    T0] MTRR map: 4 entries (3 fixed + 1 variable; max 19), built from 8 variable MTRRs
[    0.074322][    T0] x86/PAT: Configuration [0-7]: WB  WC  UC- UC  WB  WP  UC- WT  
[    0.097711][    T0] found SMP MP-table at [mem 0x000f5ba0-0x000f5baf]
[    0.114739][    T0] ACPI: Early table checksum verification disabled
[    0.115517][    T0] ACPI: RSDP 0x00000000000F59E0 000014 (v00 BOCHS )
[    0.116287][    T0] ACPI: RSDT 0x000000003FFE1960 000034 (v01 BOCHS  BXPC     00000001 BXPC 00000001)
[    0.118455][    T0] ACPI: FACP 0x000000003FFE180C 000074 (v01 BOCHS  BXPC     00000001 BXPC 00000001)
[    0.120129][    T0] ACPI: DSDT 0x000000003FFE0040 0017CC (v01 BOCHS  BXPC     00000001 BXPC 00000001)
[    0.120728][    T0] ACPI: FACS 0x000000003FFE0000 000040
[    0.121149][    T0] ACPI: APIC 0x000000003FFE1880 000080 (v01 BOCHS  BXPC     00000001 BXPC 00000001)
[    0.121617][    T0] ACPI: HPET 0x000000003FFE1900 000038 (v01 BOCHS  BXPC     00000001 BXPC 00000001)
[    0.122058][    T0] ACPI: WAET 0x000000003FFE1938 000028 (v01 BOCHS  BXPC     00000001 BXPC 00000001)
[    0.122553][    T0] ACPI: Reserving FACP table memory at [mem 0x3ffe180c-0x3ffe187f]
[    0.122840][    T0] ACPI: Reserving DSDT table memory at [mem 0x3ffe0040-0x3ffe180b]
[    0.123085][    T0] ACPI: Reserving FACS table memory at [mem 0x3ffe0000-0x3ffe003f]
[    0.123321][    T0] ACPI: Reserving APIC table memory at [mem 0x3ffe1880-0x3ffe18ff]
[    0.123559][    T0] ACPI: Reserving HPET table memory at [mem 0x3ffe1900-0x3ffe1937]
[    0.123791][    T0] ACPI: Reserving WAET table memory at [mem 0x3ffe1938-0x3ffe195f]
[    0.133754][    T0] No NUMA configuration found
[    0.133999][    T0] Faking a node at [mem 0x0000000000000000-0x000000003ffdffff]
[    0.135130][    T0] Faking node 0 at [mem 0x0000000000001000-0x0000000020000fff] (512MB)
[    0.135526][    T0] Faking node 1 at [mem 0x0000000020001000-0x000000003ffdffff] (511MB)
[    0.140579][    T0] NODE_DATA(0) allocated [mem 0x1fffb400-0x20000fff]
[    0.141193][    T0] NODE_DATA(1) allocated [mem 0x3ffd9400-0x3ffdefff]
[    0.146309][    T0] Zone ranges:
[    0.146543][    T0]   DMA      [mem 0x0000000000001000-0x0000000000ffffff]
[    0.146924][    T0]   DMA32    [mem 0x0000000001000000-0x000000003ffdffff]
[    0.147196][    T0]   Normal   empty
[    0.147401][    T0]   Device   empty
[    0.147609][    T0] Movable zone start for each node
[    0.147810][    T0] Early memory node ranges
[    0.147987][    T0]   node   0: [mem 0x0000000000001000-0x000000000009efff]
[    0.148351][    T0]   node   0: [mem 0x0000000000100000-0x0000000020000fff]
[    0.148615][    T0]   node   1: [mem 0x0000000020001000-0x000000003ffdffff]
[    0.149015][    T0] Initmem setup node 0 [mem 0x0000000000001000-0x0000000020000fff]
[    0.150161][    T0] Initmem setup node 1 [mem 0x0000000020001000-0x000000003ffdffff]
[    0.151512][    T0] On node 0, zone DMA: 1 pages in unavailable ranges
[    0.153458][    T0] On node 0, zone DMA: 97 pages in unavailable ranges
[    0.248179][    T0] On node 1, zone DMA32: 32 pages in unavailable ranges
[    0.288477][    T0] KernelAddressSanitizer initialized (generic)
[    0.289406][    T0] ACPI: PM-Timer IO Port: 0x608
[    0.290485][    T0] ACPI: LAPIC_NMI (acpi_id[0xff] dfl dfl lint[0x1])
[    0.291458][    T0] IOAPIC[0]: apic_id 0, version 32, address 0xfec00000, GSI 0-23
[    0.291996][    T0] ACPI: INT_SRC_OVR (bus 0 bus_irq 0 global_irq 2 dfl dfl)
[    0.292672][    T0] ACPI: INT_SRC_OVR (bus 0 bus_irq 5 global_irq 5 high level)
[    0.292980][    T0] ACPI: INT_SRC_OVR (bus 0 bus_irq 9 global_irq 9 high level)
[    0.293341][    T0] ACPI: INT_SRC_OVR (bus 0 bus_irq 10 global_irq 10 high level)
[    0.293606][    T0] ACPI: INT_SRC_OVR (bus 0 bus_irq 11 global_irq 11 high level)
[    0.294274][    T0] ACPI: Using ACPI (MADT) for SMP configuration information
[    0.294654][    T0] ACPI: HPET id: 0x8086a201 base: 0xfed00000
[    0.295391][    T0] CPU topo: Max. logical packages:   1
[    0.295616][    T0] CPU topo: Max. logical dies:       1
[    0.295814][    T0] CPU topo: Max. dies per package:   1
[    0.296076][    T0] CPU topo: Max. threads per core:   1
[    0.296459][    T0] CPU topo: Num. cores per package:     2
[    0.296669][    T0] CPU topo: Num. threads per package:   2
[    0.296854][    T0] CPU topo: Allowing 2 present CPUs plus 0 hotplug CPUs
[    0.299293][    T0] PM: hibernation: Registered nosave memory: [mem 0x00000000-0x00000fff]
[    0.299668][    T0] PM: hibernation: Registered nosave memory: [mem 0x0009f000-0x000fffff]
[    0.300093][    T0] [mem 0x40000000-0xfffbffff] available for PCI devices
[    0.300366][    T0] Booting paravirtualized kernel on bare hardware
[    0.301236][    T0] clocksource: refined-jiffies: mask: 0xffffffff max_cycles: 0xffffffff, max_idle_ns: 19112604462750000 ns
[    0.422414][    T0] setup_percpu: NR_CPUS:8 nr_cpumask_bits:2 nr_cpu_ids:2 nr_node_ids:2
[    0.425443][    T0] percpu: Embedded 70 pages/cpu s247752 r8192 d30776 u2097152
[    0.431052][    T0] Kernel command line: earlyprintk=serial net.ifnames=0 sysctl.kernel.hung_task_all_cpu_backtrace=1 ima_policy=tcb nf-conntrack-ftp.ports=20000 nf-conntrack-tftp.ports=20000 nf-conntrack-sip.ports=20000 nf-conntrack-irc.ports=20000 nf-conntrack-sane.ports=20000 binder.debug_mask=0 rcupdate.rcu_expedited=1 rcupdate.rcu_cpu_stall_cputime=1 no_hash_pointers page_owner=on sysctl.vm.nr_hugepages=4 sysctl.vm.nr_overcommit_hugepages=4 secretmem.enable=1 sysctl.max_rcu_stall_to_panic=1 msr.allow_writes=off coredump_filter=0xffff root=/dev/sda console=ttyS0 vsyscall=native numa=fake=2 kvm-intel.nested=1 spec_store_bypass_disable=prctl nopcid vivid.n_devs=64 vivid.multiplanar=1,2,1,2,1,2,1,2,1,2,1,2,1,2,1,2,1,2,1,2,1,2,1,2,1,2,1,2,1,2,1,2,1,2,1,2,1,2,1,2,1,2,1,2,1,2,1,2,1,2,1,2,1,2,1,2,1,2,1,2,1,2,1,2 netrom.nr_ndevs=32 rose.rose_ndevs=32 smp.csd_lock_timeout=100000 watchdog_thresh=55 workqueue.watchdog_thresh=140 sysctl.net.core.netdev_unregister_timeout_secs=140 dummy_hcd.num=32 max_loop=32 nbds_max=32 comedi.comedi
[    0.464687][    T0] Unknown kernel command line parameters "nbds_max=32", will be passed to user space.
[    0.466751][    T0] printk: log buffer data + meta data: 262144 + 917504 = 1179648 bytes
[    0.473022][    T0] Fallback order for Node 0: 0 1 
[    0.473573][    T0] Fallback order for Node 1: 1 0 
[    0.473974][    T0] Built 2 zonelists, mobility grouping on.  Total pages: 262014
[    0.474531][    T0] Policy zone: DMA32
[    0.479256][    T0] mem auto-init: stack:off, heap alloc:on, heap free:off
[    0.479547][    T0] stackdepot: allocating hash table via alloc_large_system_hash
[    0.479980][    T0] stackdepot hash table entries: 1048576 (order: 12, 16777216 bytes, linear)
[    0.485325][    T0] stackdepot: allocating space for 8192 stack pools via memblock
[    0.721239][    T0] **********************************************************
[    0.721664][    T0] **   NOTICE NOTICE NOTICE NOTICE NOTICE NOTICE NOTICE   **
[    0.721916][    T0] **                                                      **
[    0.722142][    T0] ** This system shows unhashed kernel memory addresses   **
[    0.722368][    T0] ** via the console, logs, and other interfaces. This    **
[    0.722595][    T0] ** might reduce the security of your system.            **
[    0.722810][    T0] **                                                      **
[    0.723022][    T0] ** If you see this message and you are not debugging    **
[    0.723233][    T0] ** the kernel, report this immediately to your system   **
[    0.723445][    T0] ** administrator!                                       **
[    0.723663][    T0] **                                                      **
[    0.723877][    T0] ** Use hash_pointers=always to force this mode off      **
[    0.724083][    T0] **                                                      **
[    0.724289][    T0] **   NOTICE NOTICE NOTICE NOTICE NOTICE NOTICE NOTICE   **
[    0.724502][    T0] **********************************************************
[    0.736593][    T0] SLUB: HWalign=64, Order=0-3, MinObjects=0, CPUs=2, Nodes=2
[    0.787363][    T0] allocated 20971520 bytes of page_ext
[    0.797852][    T0] Node 0, zone      DMA: page owner found early allocated 1920 pages
[    0.839064][    T0] Node 0, zone    DMA32: page owner found early allocated 102 pages
[    0.865954][    T0] Node 1, zone    DMA32: page owner found early allocated 3203 pages
[    0.884761][    T0] Dynamic Preempt: full
[    0.895842][    T0] Running RCU self tests
[    0.896067][    T0] Running RCU synchronous self tests
[    0.896465][    T0] rcu: Preemptible hierarchical RCU implementation.
[    0.896686][    T0] rcu: 	RCU lockdep checking is enabled.
[    0.896885][    T0] rcu: 	RCU restricting CPUs from NR_CPUS=8 to nr_cpu_ids=2.
[    0.897133][    T0] rcu: 	RCU callback double-/use-after-free debug is enabled.
[    0.897379][    T0] rcu: 	RCU debug extended QS entry/exit.
[    0.897592][    T0] 	All grace periods are expedited (rcu_expedited).
[    0.897799][    T0] 	Trampoline variant of Tasks RCU enabled.
[    0.897978][    T0] 	Tracing variant of Tasks RCU enabled.
[    0.898222][    T0] rcu: RCU calculated value of scheduler-enlistment delay is 10 jiffies.
[    0.898468][    T0] rcu: Adjusting geometry for rcu_fanout_leaf=16, nr_cpu_ids=2
[    0.902147][    T0] Running RCU synchronous self tests
[    0.902845][    T0] RCU Tasks: Setting shift to 1 and lim to 1 rcu_task_cb_adjust=1 rcu_task_cpu_ids=2.
[    0.903190][    T0] RCU Tasks Trace: Setting shift to 1 and lim to 1 rcu_task_cb_adjust=1 rcu_task_cpu_ids=2.
[    1.826514][    T0] NR_IRQS: 4352, nr_irqs: 440, preallocated irqs: 16
[    1.850103][    T0] rcu: srcu_init: Setting srcu_struct sizes based on contention.
[    1.859013][    T0] kfence: initialized - using 2097152 bytes for 255 objects at 0xffff888037e00000-0xffff888038000000
[    1.870002][    T0] Console: colour VGA+ 80x25
[    1.873829][    T0] printk: legacy console [ttyS0] enabled
[    1.873829][    T0] printk: legacy console [ttyS0] enabled
[    1.875043][    T0] printk: legacy bootconsole [earlyser0] disabled
[    1.875043][    T0] printk: legacy bootconsole [earlyser0] disabled
[    1.876245][    T0] Lock dependency validator: Copyright (c) 2006 Red Hat, Inc., Ingo Molnar
[    1.876576][    T0] ... MAX_LOCKDEP_SUBCLASSES:  8
[    1.876809][    T0] ... MAX_LOCK_DEPTH:          48
[    1.877031][    T0] ... MAX_LOCKDEP_KEYS:        8192
[    1.877251][    T0] ... CLASSHASH_SIZE:          4096
[    1.877470][    T0] ... MAX_LOCKDEP_ENTRIES:     1048576
[    1.877699][    T0] ... MAX_LOCKDEP_CHAINS:      1048576
[    1.877917][    T0] ... CHAINHASH_SIZE:          524288
[    1.878132][    T0]  memory used by lock dependency info: 106625 kB
[    1.878367][    T0]  memory used for stack traces: 8320 kB
[    1.878599][    T0]  per task-struct memory footprint: 1920 bytes
[    1.881913][    T0] mempolicy: Enabling automatic NUMA balancing. Configure with numa_balancing= or the kernel.numa_balancing sysctl
[    1.882709][    T0] ACPI: Core revision 20250807
[    1.895601][    T0] clocksource: hpet: mask: 0xffffffff max_cycles: 0xffffffff, max_idle_ns: 19112604467 ns
[    1.905614][    T0] APIC: Switch to symmetric I/O mode setup
[    1.917319][    T0] ..TIMER: vector=0x30 apic1=0 pin1=2 apic2=-1 pin2=-1
[    1.961789][    T0] clocksource: tsc-early: mask: 0xffffffffffffffff max_cycles: 0x1cd41d42c15, max_idle_ns: 881590431911 ns
[    1.963277][    T0] Calibrating delay loop (skipped), value calculated using timer frequency.. 1999.98 BogoMIPS (lpj=9999910)
[    1.969714][    T0] Last level iTLB entries: 4KB 512, 2MB 255, 4MB 127
[    1.970008][    T0] Last level dTLB entries: 4KB 512, 2MB 255, 4MB 127, 1GB 0
[    1.970684][    T0] mitigations: Enabled attack vectors: user_kernel, user_user, guest_host, guest_guest, SMT mitigations: auto
[    1.973522][    T0] Spectre V2 : Mitigation: Retpolines
[    1.973985][    T0] Spectre V1 : Mitigation: usercopy/swapgs barriers and __user pointer sanitization
[    1.974401][    T0] Spectre V2 : Spectre v2 / SpectreRSB: Filling RSB on context switch and VMEXIT
[    1.976792][    T0] x86/fpu: x87 FPU will use FXSAVE
[    3.243043][    T0] Freeing SMP alternatives memory: 132K
[    3.244347][    T0] pid_max: default: 32768 minimum: 301
[    3.260017][    T0] LSM: initializing lsm=lockdown,capability,landlock,yama,safesetid,tomoyo,apparmor,bpf,ima,evm
[    3.267747][    T0] landlock: Up and running.
[    3.267997][    T0] Yama: becoming mindful.
[    3.270427][    T0] TOMOYO Linux initialized
[    3.281528][    T0] AppArmor: AppArmor initialized
[    3.291548][    T0] LSM support for eBPF active
[    3.317172][    T0] Dentry cache hash table entries: 131072 (order: 8, 1048576 bytes, vmalloc)
[    3.324804][    T0] Inode-cache hash table entries: 65536 (order: 7, 524288 bytes, vmalloc)
[    3.326402][    T0] Mount-cache hash table entries: 2048 (order: 2, 16384 bytes, vmalloc)
[    3.327284][    T0] Mountpoint-cache hash table entries: 2048 (order: 2, 16384 bytes, vmalloc)
[    3.385748][    T0] Running RCU synchronous self tests
[    3.386236][    T0] Running RCU synchronous self tests
[    3.540453][    T1] smpboot: CPU0: AMD QEMU Virtual CPU version 2.5+ (family: 0xf, model: 0x6b, stepping: 0x1)
[    3.576047][    T1] Performance Events: PMU not available due to virtualization, using software events only.
[    3.578610][    T1] signal: max sigframe size: 1440
[    3.600319][    T1] rcu: Hierarchical SRCU implementation.
[    3.600722][    T1] rcu: 	Max phase no-delay instances is 1000.
[    3.610916][    T1] Timer migration: 1 hierarchy levels; 8 children per group; 0 crossnode level
[    3.651651][    T1] NMI watchdog: Perf NMI watchdog permanently disabled
[    3.674317][    T1] smp: Bringing up secondary CPUs ...
[    3.698569][    T1] smpboot: x86: Booting SMP configuration:
[    3.699000][    T1] .... node  #1, CPUs:      #1
[    0.050678][    T0] calibrate_delay_direct() dropping min bogoMips estimate 2 = 8651833
[    0.050678][    T0] calibrate_delay_direct() dropping max bogoMips estimate 3 = 11474833
[    3.894542][    T1] smp: Brought up 2 nodes, 2 CPUs
[    3.895395][    T1] smpboot: Total of 2 processors activated (4052.05 BogoMIPS)
[    3.923613][    T1] Memory: 368680K/1048056K available (168277K kernel code, 41225K rwdata, 39496K rodata, 27048K init, 126796K bss, 651456K reserved, 0K cma-reserved)
[    3.955383][    T1] devtmpfs: initialized
[    3.971850][    T1] x86/mm: Memory block size: 128MB
[    4.200646][    T1] Running RCU synchronous self tests
[    4.202920][    T1] Running RCU synchronous self tests
[    4.213286][    T1] Running RCU Tasks wait API self tests
[    4.213598][    T1] Running RCU Tasks Trace wait API self tests
[    4.263119][    T1] clocksource: jiffies: mask: 0xffffffff max_cycles: 0xffffffff, max_idle_ns: 19112604462750000 ns
[    4.266088][    T1] posixtimers hash table entries: 1024 (order: 4, 73728 bytes, vmalloc)
[    4.267496][    T1] futex hash table entries: 256 (32768 bytes on 2 NUMA nodes, total 64 KiB, linear).
[    4.304901][    T1] PM: RTC time: 07:58:06, date: 2025-12-31
[    4.372935][   T29] Callback from call_rcu_tasks_trace() invoked.
[    4.439219][    T1] NET: Registered PF_NETLINK/PF_ROUTE protocol family
[    4.497551][    T1] audit: initializing netlink subsys (disabled)
[    4.510818][   T30] audit: type=2000 audit(1767167886.610:1): state=initialized audit_enabled=0 res=1
[    4.532595][    T1] thermal_sys: Registered thermal governor 'step_wise'
[    4.542765][    T1] cpuidle: using governor menu
[    4.546575][    T1] NET: Registered PF_QIPCRTR protocol family
[    4.593023][   T28] Callback from call_rcu_tasks() invoked.
[    4.599264][    T1] dca service started, version 1.12.1
[    4.602972][    T1] PCI: Using configuration type 1 for base access
[    4.631091][    T1] mtrr: your CPUs had inconsistent fixed MTRR settings
[    4.631453][    T1] mtrr: your CPUs had inconsistent variable MTRR settings
[    4.632644][    T1] mtrr: your CPUs had inconsistent MTRRdefType settings
[    4.632909][    T1] mtrr: probably your BIOS does not setup all CPUs.
[    4.633141][    T1] mtrr: corrected configuration.
[    4.703797][    T1] HugeTLB: registered 2.00 MiB page size, pre-allocated 0 pages
[    4.704234][    T1] HugeTLB: 28 KiB vmemmap can be freed for a 2.00 MiB page
[    4.764837][    T1] raid6: skipped pq benchmark and selected sse2x4
[    4.765461][    T1] raid6: using intx1 recovery algorithm
[    4.780979][    T1] ACPI: Added _OSI(Module Device)
[    4.781306][    T1] ACPI: Added _OSI(Processor Device)
[    4.781533][    T1] ACPI: Added _OSI(Processor Aggregator Device)
[    5.380548][    T1] ACPI: 1 ACPI AML tables successfully acquired and loaded
[    5.645275][    T1] ACPI: Interpreter enabled
[    5.649560][    T1] ACPI: PM: (supports S0 S3 S4 S5)
[    5.649983][    T1] ACPI: Using IOAPIC for interrupt routing
[    5.654047][    T1] PCI: Using host bridge windows from ACPI; if necessary, use "pci=nocrs" and report a bug
[    5.654423][    T1] PCI: Using E820 reservations for host bridge windows
[    5.681837][    T1] ACPI: Enabled 2 GPEs in block 00 to 0F
[    6.910763][    T1] ACPI: PCI Root Bridge [PCI0] (domain 0000 [bus 00-ff])
[    6.912787][    T1] acpi PNP0A03:00: _OSC: OS supports [ASPM ClockPM Segments MSI HPX-Type3]
[    6.913406][    T1] acpi PNP0A03:00: _OSC: not requesting OS control; OS requires [ExtendedConfig ASPM ClockPM MSI]
[    6.918304][    T1] acpi PNP0A03:00: fail to add MMCONFIG information, can't access extended configuration space under this bridge
[    6.940034][    T1] PCI host bridge to bus 0000:00
[    6.940423][    T1] pci_bus 0000:00: Unknown NUMA node; performance will be reduced
[    6.942369][    T1] pci_bus 0000:00: root bus resource [io  0x0000-0x0cf7 window]
[    6.942769][    T1] pci_bus 0000:00: root bus resource [io  0x0d00-0xffff window]
[    6.943160][    T1] pci_bus 0000:00: root bus resource [mem 0x000a0000-0x000bffff window]
[    6.943581][    T1] pci_bus 0000:00: root bus resource [mem 0x40000000-0xfebfffff window]
[    6.943941][    T1] pci_bus 0000:00: root bus resource [mem 0x100000000-0x17fffffff window]
[    6.944533][    T1] pci_bus 0000:00: root bus resource [bus 00-ff]
[    6.948069][    T1] pci 0000:00:00.0: [8086:1237] type 00 class 0x060000 conventional PCI endpoint
[    7.249057][    T1] pci 0000:00:01.0: [8086:7000] type 00 class 0x060100 conventional PCI endpoint
[    7.271833][    T1] pci 0000:00:01.1: [8086:7010] type 00 class 0x010180 conventional PCI endpoint
[    7.273349][    T1] pci 0000:00:01.1: BAR 4 [io  0xc040-0xc04f]
[    7.273816][    T1] pci 0000:00:01.1: BAR 0 [io  0x01f0-0x01f7]: legacy IDE quirk
[    7.274172][    T1] pci 0000:00:01.1: BAR 1 [io  0x03f6]: legacy IDE quirk
[    7.274502][    T1] pci 0000:00:01.1: BAR 2 [io  0x0170-0x0177]: legacy IDE quirk
[    7.274811][    T1] pci 0000:00:01.1: BAR 3 [io  0x0376]: legacy IDE quirk
[    7.283908][    T1] pci 0000:00:01.3: [8086:7113] type 00 class 0x068000 conventional PCI endpoint
[    7.285534][    T1] pci 0000:00:01.3: quirk: [io  0x0600-0x063f] claimed by PIIX4 ACPI
[    7.285914][    T1] pci 0000:00:01.3: quirk: [io  0x0700-0x070f] claimed by PIIX4 SMB
[    7.295654][    T1] pci 0000:00:02.0: [1234:1111] type 00 class 0x030000 conventional PCI endpoint
[    7.296782][    T1] pci 0000:00:02.0: BAR 0 [mem 0xfd000000-0xfdffffff pref]
[    7.297225][    T1] pci 0000:00:02.0: BAR 2 [mem 0xfebb0000-0xfebb0fff]
[    7.297542][    T1] pci 0000:00:02.0: ROM [mem 0xfeba0000-0xfebaffff pref]
[    7.298926][    T1] pci 0000:00:02.0: Video device with shadowed ROM at [mem 0x000c0000-0x000dffff]
[    7.666814][    T1] pci 0000:00:03.0: [8086:100e] type 00 class 0x020000 conventional PCI endpoint
[    7.668116][    T1] pci 0000:00:03.0: BAR 0 [mem 0xfeb80000-0xfeb9ffff]
[    7.668521][    T1] pci 0000:00:03.0: BAR 1 [io  0xc000-0xc03f]
[    7.668844][    T1] pci 0000:00:03.0: ROM [mem 0xfeb00000-0xfeb7ffff pref]
[    8.210699][    T1] ACPI: PCI: Interrupt link LNKA configured for IRQ 10
[    8.263721][    T1] ACPI: PCI: Interrupt link LNKB configured for IRQ 10
[    8.292169][    T1] ACPI: PCI: Interrupt link LNKC configured for IRQ 11
[    8.316928][    T1] ACPI: PCI: Interrupt link LNKD configured for IRQ 11
[    8.327093][    T1] ACPI: PCI: Interrupt link LNKS configured for IRQ 9
[    8.410251][    T1] iommu: Default domain type: Translated
[    8.410713][    T1] iommu: DMA domain TLB invalidation policy: lazy mode
[    8.480647][    T1] SCSI subsystem initialized
[    8.496020][    T1] ACPI: bus type USB registered
[    8.500200][    T1] usbcore: registered new interface driver usbfs
[    8.502787][    T1] usbcore: registered new interface driver hub
[    8.504393][    T1] usbcore: registered new device driver usb
[    8.515357][    T1] mc: Linux media interface: v0.10
[    8.517355][    T1] videodev: Linux video capture interface: v2.00
[    8.522707][    T1] pps_core: LinuxPPS API ver. 1 registered
[    8.523064][    T1] pps_core: Software ver. 5.3.6 - Copyright 2005-2007 Rodolfo Giometti <giometti@linux.it>
[    8.524073][    T1] PTP clock support registered
[    8.558448][    T1] EDAC MC: Ver: 3.0.0
[    8.656982][    T1] Advanced Linux Sound Architecture Driver Initialized.
[    8.708303][    T1] Bluetooth: Core ver 2.22
[    8.709640][    T1] NET: Registered PF_BLUETOOTH protocol family
[    8.709925][    T1] Bluetooth: HCI device and connection manager initialized
[    8.710508][    T1] Bluetooth: HCI socket layer initialized
[    8.710891][    T1] Bluetooth: L2CAP socket layer initialized
[    8.711787][    T1] Bluetooth: SCO socket layer initialized
[    8.712668][    T1] NET: Registered PF_ATMPVC protocol family
[    8.712964][    T1] NET: Registered PF_ATMSVC protocol family
[    8.715233][    T1] NetLabel: Initializing
[    8.715454][    T1] NetLabel:  domain hash size = 128
[    8.715656][    T1] NetLabel:  protocols = UNLABELED CIPSOv4 CALIPSO
[    8.718810][    T1] NetLabel:  unlabeled traffic allowed by default
[    8.764930][    T1] nfc: nfc_init: NFC Core ver 0.1
[    8.767913][    T1] NET: Registered PF_NFC protocol family
[    8.768801][    T1] mctp: management component transport protocol core
[    8.769057][    T1] NET: Registered PF_MCTP protocol family
[    8.783978][    T1] PCI: Using ACPI for IRQ routing
[    8.804587][    T1] pci 0000:00:02.0: vgaarb: setting as boot VGA device
[    8.805110][    T1] pci 0000:00:02.0: vgaarb: bridge control possible
[    8.805443][    T1] pci 0000:00:02.0: vgaarb: VGA device added: decodes=io+mem,owns=io+mem,locks=none
[    8.805779][    T1] vgaarb: loaded
[    8.867061][    T1] hpet: 3 channels of 0 reserved for per-cpu timers
[    8.867761][    T1] hpet0: at MMIO 0xfed00000, IRQs 2, 8, 0
[    8.868317][    T1] hpet0: 3 comparators, 64-bit 100.000000 MHz counter
[    8.965741][    T1] clocksource: Switched to clocksource tsc-early
[    9.022343][    T1] VFS: Disk quotas dquot_6.6.0
[    9.035521][    T1] VFS: Dquot-cache hash table entries: 512 (order 0, 4096 bytes)
[    9.103592][    T1] netfs: FS-Cache loaded
[    9.111339][    T1] CacheFiles: Loaded
[    9.127705][    T1] TOMOYO: 2.6.0
[    9.128356][    T1] Mandatory Access Control activated.
[    9.167647][    T1] AppArmor: AppArmor Filesystem Enabled
[    9.171285][    T1] pnp: PnP ACPI init
[    9.294597][    T1] pnp: PnP ACPI: found 6 devices
[    9.835803][    T1] clocksource: acpi_pm: mask: 0xffffff max_cycles: 0xffffff, max_idle_ns: 2085701024 ns
[    9.843092][    T1] NET: Registered PF_INET protocol family
[    9.850727][    T1] IP idents hash table entries: 16384 (order: 5, 131072 bytes, vmalloc)
[    9.888737][    T1] tcp_listen_portaddr_hash hash table entries: 512 (order: 3, 36864 bytes, vmalloc)
[    9.893926][    T1] Table-perturb hash table entries: 65536 (order: 6, 262144 bytes, vmalloc)
[    9.906865][    T1] TCP established hash table entries: 8192 (order: 4, 65536 bytes, vmalloc)
[    9.941442][    T1] TCP bind hash table entries: 8192 (order: 8, 1179648 bytes, vmalloc)
[    9.955072][    T1] TCP: Hash tables configured (established 8192 bind 8192)
[    9.975487][    T1] MPTCP token hash table entries: 1024 (order: 4, 90112 bytes, vmalloc)
[    9.979690][    T1] UDP hash table entries: 512 (order: 5, 131072 bytes, vmalloc)
[    9.983085][    T1] UDP-Lite hash table entries: 512 (order: 5, 131072 bytes, vmalloc)
[   10.000823][    T1] NET: Registered PF_UNIX/PF_LOCAL protocol family
[   10.020586][    T1] RPC: Registered named UNIX socket transport module.
[   10.021074][    T1] RPC: Registered udp transport module.
[   10.021300][    T1] RPC: Registered tcp transport module.
[   10.021506][    T1] RPC: Registered tcp-with-tls transport module.
[   10.021720][    T1] RPC: Registered tcp NFSv4.1 backchannel transport module.
[   10.044117][    T1] NET: Registered PF_XDP protocol family
[   10.046107][    T1] pci_bus 0000:00: resource 4 [io  0x0000-0x0cf7 window]
[   10.046478][    T1] pci_bus 0000:00: resource 5 [io  0x0d00-0xffff window]
[   10.046769][    T1] pci_bus 0000:00: resource 6 [mem 0x000a0000-0x000bffff window]
[   10.047070][    T1] pci_bus 0000:00: resource 7 [mem 0x40000000-0xfebfffff window]
[   10.047355][    T1] pci_bus 0000:00: resource 8 [mem 0x100000000-0x17fffffff window]
[   10.053235][    T1] pci 0000:00:01.0: PIIX3: Enabling Passive Release
[   10.053235][    T1] pci 0000:00:00.0: Limiting direct PCI/PCI transfers
[   10.084545][    T1] pci 0000:00:00.0: quirk_natoma+0x0/0xd0 took 29537 usecs
[   10.086299][    T1] PCI: CLS 0 bytes, default 64
[   10.105227][    T1] ACPI: bus type thunderbolt registered
[   10.204078][    T1] kvm_intel: VMX not supported by CPU 0
[   10.207885][    T1] kvm_amd: Nested Virtualization enabled
[   10.209089][    T1] kvm_amd: Nested Paging disabled
[   10.210130][    T1] kvm_amd: PMU virtualization is disabled
[   10.251518][   T61] kworker/u8:3 (61) used greatest stack depth: 28808 bytes left
[   10.254665][   T62] kworker/u8:3 (62) used greatest stack depth: 27992 bytes left
[   23.197985][   T63] kworker/u8:4 (63) used greatest stack depth: 27432 bytes left
[   23.281397][    T1] CPU feature 'AVX registers' is not supported.
[   23.281921][    T1] CPU feature 'AVX registers' is not supported.
[   23.282227][    T1] AVX2 instructions are not detected.
[   23.282651][    T1] AVX or AES-NI instructions are not detected.
[   23.294950][    T1] AVX2 or AES-NI instructions are not detected.
[   23.295396][    T1] CPU feature 'AVX registers' is not supported.
[   23.295671][    T1] CPU feature 'AVX registers' is not supported.
[   23.296459][    T1] sm3_avx_x86_64: AVX instruction are not detected.
[   23.296743][    T1] AVX or AES-NI instructions are not detected.
[   23.297002][    T1] AVX2 or AES-NI instructions are not detected.
[   23.297263][    T1] AVX or AES-NI instructions are not detected.
[   24.145196][   T10] tsc: Refined TSC clocksource calibration: 1000.000 MHz
[   24.146627][   T10] clocksource: tsc: mask: 0xffffffffffffffff max_cycles: 0x1cd42e4dffb, max_idle_ns: 881590591483 ns
[   24.153784][   T10] clocksource: Switched to clocksource tsc
[   33.982430][    T1] Initialise system trusted keyrings
[   34.009257][    T1] workingset: timestamp_bits=40 max_order=17 bucket_order=0
[   34.106593][    T1] DLM installed
[   34.132689][    T1] squashfs: version 4.0 (2009/01/31) Phillip Lougher
[   34.177999][    T1] NFS: Registering the id_resolver key type
[   34.179240][    T1] Key type id_resolver registered
[   34.179640][    T1] Key type id_legacy registered
[   34.181003][    T1] nfs4filelayout_init: NFSv4 File Layout Driver Registering...
[   34.182401][    T1] nfs4flexfilelayout_init: NFSv4 Flexfile Layout Driver Registering...
[   34.265399][    T1] Key type cifs.spnego registered
[   34.268058][    T1] Key type cifs.idmap registered
[   34.281882][    T1] ntfs3: Enabled Linux POSIX ACLs support
[   34.282941][    T1] ntfs3: Read-only LZX/Xpress compression included
[   34.284475][    T1] efs: 1.0a - http://aeschi.ch.eu.org/efs/
[   34.285336][    T1] jffs2: version 2.2. (NAND) (SUMMARY)  Â© 2001-2006 Red Hat, Inc.
[   34.298996][    T1] romfs: ROMFS MTD (C) 2007 Red Hat, Inc.
[   34.300304][    T1] QNX4 filesystem 0.2.3 registered.
[   34.300936][    T1] qnx6: QNX6 filesystem 1.0.0 registered.
[   34.307507][    T1] fuse: init (API version 7.45)
[   34.332811][    T1] orangefs_debugfs_init: called with debug mask: :none: :0:
[   34.347823][    T1] orangefs_init: module version upstream loaded
[   34.351574][    T1] JFS: nTxBlock = 3098, nTxLock = 24787
[   34.416650][    T1] SGI XFS with ACLs, security attributes, realtime, quota, no debug enabled
[   34.442044][    T1] 9p: Installing v9fs 9p2000 file system support
[   34.446601][    T1] NILFS version 2 loaded
[   34.446902][    T1] befs: version: 0.9.3
[   34.450655][    T1] ocfs2: Registered cluster interface o2cb
[   34.455526][    T1] ocfs2: Registered cluster interface user
[   34.462022][    T1] OCFS2 User DLM kernel interface loaded
[   34.546441][    T1] gfs2: GFS2 installed
[   34.609747][    T1] ceph: loaded (mds proto 32)
[   34.675124][    T1] cryptd: max_cpu_qlen set to 1000
[   34.839661][    T1] NET: Registered PF_ALG protocol family
[   34.841702][    T1] xor: measuring software checksum speed
[   34.846358][    T1]    prefetch64-sse  :   767 MB/sec
[   34.848957][    T1]    generic_sse     :  1458 MB/sec
[   34.849240][    T1] xor: using function: generic_sse (1458 MB/sec)
[   34.850138][    T1] async_tx: api initialized (async)
[   34.850582][    T1] Key type asymmetric registered
[   34.850995][    T1] Asymmetric key parser 'x509' registered
[   34.851360][    T1] Asymmetric key parser 'pkcs8' registered
[   34.851589][    T1] Key type pkcs7_test registered
[   34.856442][    T1] Block layer SCSI generic (bsg) driver version 0.4 loaded (major 239)
[   34.862525][    T1] io scheduler mq-deadline registered
[   34.862885][    T1] io scheduler kyber registered
[   34.869039][    T1] io scheduler bfq registered
[   34.952367][    T1] input: Power Button as /devices/LNXSYSTM:00/LNXPWRBN:00/input/input0
[   35.022335][    T1] ACPI: button: Power Button [PWRF]
[   35.029548][  T144] kworker/u8:1 (144) used greatest stack depth: 27144 bytes left
[   35.091653][    T1] ioatdma: Intel(R) QuickData Technology Driver 5.00
[   38.979111][    T1] N_HDLC line discipline registered with maxframe=4096
[   38.980181][    T1] Serial: 8250/16550 driver, 4 ports, IRQ sharing enabled
[   39.030453][    T1] 00:04: ttyS0 at I/O 0x3f8 (irq = 4, base_baud = 115200) is a 16550A
[   39.312032][    T1] Non-volatile memory driver v1.3
[   39.313219][    T1] Linux agpgart interface v0.103
[   39.348440][    T1] usbcore: registered new interface driver xillyusb
[   39.413705][    T1] ACPI: bus type drm_connector registered
[   39.469659][    T1] [drm] Initialized vgem 1.0.0 for vgem on minor 0
[   39.550434][    T1] [drm] Initialized vkms 1.0.0 for vkms on minor 1
[   39.903467][    T1] Console: switching to colour frame buffer device 128x48
[   40.000458][    T1] faux_driver vkms: [drm] fb0: vkmsdrmfb frame buffer device
[   40.004829][    T1] usbcore: registered new interface driver udl
[   40.011772][    T1] bochs-drm 0000:00:02.0: vgaarb: deactivate vga console
[   40.087069][    T1] [drm] Found bochs VGA, ID 0xb0c5.
[   40.087506][    T1] [drm] Framebuffer size 16384 kB @ 0xfd000000, mmio @ 0xfebb0000.
[   40.114505][    T1] [drm] Initialized bochs-drm 1.0.0 for 0000:00:02.0 on minor 2
[   40.269341][    T1] fbcon: bochs-drmdrmfb (fb1) is primary device
[   40.269594][    T1] fbcon: Remapping primary device, fb1, to tty 1-63
[   44.082449][    T1] bochs-drm 0000:00:02.0: [drm] fb1: bochs-drmdrmfb frame buffer device
[   44.104873][    T1] usbcore: registered new interface driver gm12u320
[   44.107006][    T1] usbcore: registered new interface driver gud
[   44.704981][    T1] brd: module loaded
[   46.084016][    T1] loop: module loaded
[   47.086850][    T1] zram: Added device: zram0
[   47.182681][    T1] null_blk: disk nullb0 created
[   47.183182][    T1] null_blk: module loaded
[   47.203485][    T1] Guest personality initialized and is inactive
[   47.210818][    T1] VMCI host device registered (name=vmci, major=10, minor=266)
[   47.211191][    T1] Initialized host personality
[   47.217367][    T1] usbcore: registered new interface driver rtsx_usb
[   47.226991][    T1] usbcore: registered new interface driver viperboard
[   47.229824][    T1] usbcore: registered new interface driver dln2
[   47.233158][    T1] usbcore: registered new interface driver pn533_usb
[   47.314540][    T1] nfcsim 0.2 initialized
[   47.318042][    T1] usbcore: registered new interface driver port100
[   47.327066][    T1] usbcore: registered new interface driver nfcmrvl
[   47.399198][    T1] Loading iSCSI transport class v2.0-870.
[   47.511568][    T1] st: Version 20160209, fixed bufsize 32768, s/g segs 256
[   47.805750][    T1] scsi host0: ata_piix
[   47.850375][    T1] scsi host1: ata_piix
[   47.863806][    T1] ata1: PATA max MWDMA2 cmd 0x1f0 ctl 0x3f6 bmdma 0xc040 irq 14 lpm-pol 0
[   47.864318][    T1] ata2: PATA max MWDMA2 cmd 0x170 ctl 0x376 bmdma 0xc048 irq 15 lpm-pol 0
[   47.932004][    T1] Rounding down aligned max_sectors from 4294967295 to 4294967288
[   47.936902][    T1] db_root: cannot open: /etc/target
[   47.951388][    T1] slram: not enough parameters.
[   48.011965][    T1] ftl_cs: FTL header not found.
[   48.134929][ T1038] ata1: found unknown device (class 0)
[   48.341313][ T1043] ata2: found unknown device (class 0)
[   48.385932][    T1] wireguard: WireGuard 1.0.0 loaded. See www.wireguard.com for information.
[   48.386348][    T1] wireguard: Copyright (C) 2015-2019 Jason A. Donenfeld <Jason@zx2c4.com>. All Rights Reserved.
[   48.386678][    T1] eql: Equalizer2002: Simon Janes (simon@ncm.com) and David S. Miller (davem@redhat.com)
[   48.453861][ T1038] ata1.00: ATA-7: QEMU HARDDISK, 2.5+, max UDMA/100
[   48.465783][ T1038] ata1.00: 6291456 sectors, multi 16: LBA48 
[   48.487132][    T1] MACsec IEEE 802.1AE
[   48.602330][ T1043] ata2.00: ATAPI: QEMU DVD-ROM, 2.5+, max UDMA/100
[   48.712698][    T1] usbcore: registered new interface driver mvusb_mdio
[   48.723288][    T1] tun: Universal TUN/TAP device driver, 1.6
[   48.762112][    T1] vcan: Virtual CAN interface driver
[   48.762663][    T1] vxcan: Virtual CAN Tunnel driver
[   48.782832][    T1] slcan: serial line CAN interface driver
[   48.783458][    T1] CAN device driver interface
[   48.786878][    T1] usbcore: registered new interface driver usb_8dev
[   48.791402][    T1] usbcore: registered new interface driver ems_usb
[   48.798652][    T1] usbcore: registered new interface driver esd_usb
[   48.800923][    T1] usbcore: registered new interface driver etas_es58x
[   48.805145][  T150] scsi 0:0:0:0: Direct-Access     ATA      QEMU HARDDISK    2.5+ PQ: 0 ANSI: 5
[   48.817356][    T1] usbcore: registered new interface driver f81604
[   48.821833][    T1] usbcore: registered new interface driver gs_usb
[   48.834787][    T1] usbcore: registered new interface driver kvaser_usb
[   48.837195][    T1] usbcore: registered new interface driver mcba_usb
[   48.839643][    T1] usbcore: registered new interface driver peak_usb
[   48.841509][    T1] usbcore: registered new interface driver ucan
[   48.862914][    T1] e100: Intel(R) PRO/100 Network Driver
[   48.863245][    T1] e100: Copyright(c) 1999-2006 Intel Corporation
[   48.926518][    T1] e1000: Intel(R) PRO/1000 Network Driver
[   48.926923][    T1] e1000: Copyright (c) 1999-2006 Intel Corporation.
[   48.948547][  T150] sd 0:0:0:0: Attached scsi generic sg0 type 0
[   48.959529][   T64] sd 0:0:0:0: [sda] 6291456 512-byte logical blocks: (3.22 GB/3.00 GiB)
[   48.969370][   T64] sd 0:0:0:0: [sda] Write Protect is off
[   48.975527][   T64] sd 0:0:0:0: [sda] Write cache: enabled, read cache: enabled, doesn't support DPO or FUA
[   48.985532][   T64] sd 0:0:0:0: [sda] Preferred minimum I/O size 512 bytes
[   49.081433][   T14] scsi 1:0:0:0: CD-ROM            QEMU     QEMU DVD-ROM     2.5+ PQ: 0 ANSI: 5
[   49.480700][   T14] sr 1:0:0:0: [sr0] scsi3-mmc drive: 4x/4x cd/rw xa/form2 tray
[   49.481717][   T14] cdrom: Uniform CD-ROM driver Revision: 3.20
[   49.822047][   T64]  sda: sda1 sda15
[   49.842186][   T14] sr 1:0:0:0: Attached scsi generic sg1 type 5
[   49.898396][   T64] sd 0:0:0:0: [sda] Attached SCSI disk
[   70.727336][    T1] ACPI: \_SB_.LNKC: Enabled at IRQ 11
[   71.102825][    T1] e1000 0000:00:03.0 eth0: (PCI:33MHz:32-bit) 52:54:00:12:34:56
[   71.106905][    T1] e1000 0000:00:03.0 eth0: Intel(R) PRO/1000 Network Connection
[   71.109889][    T1] e1000e: Intel(R) PRO/1000 Network Driver
[   71.110163][    T1] e1000e: Copyright(c) 1999 - 2015 Intel Corporation.
[   71.128586][    T1] mkiss: AX.25 Multikiss, Hans Albas PE1AYX
[   71.129368][    T1] AX.25: bpqether driver version 004
[   71.129625][    T1] PPP generic driver version 2.4.2
[   71.148552][    T1] PPP BSD Compression module registered
[   71.149003][    T1] PPP Deflate Compression module registered
[   71.149290][    T1] PPP MPPE Compression module registered
[   71.149544][    T1] NET: Registered PF_PPPOX protocol family
[   71.150353][    T1] PPTP driver version 0.8.5
[   71.162590][    T1] SLIP: version 0.8.4-NET3.019-NEWTTY (dynamic channels, max=256) (6 bit encapsulation enabled).
[   71.163006][    T1] CSLIP: code copyright 1989 Regents of the University of California.
[   71.163253][    T1] SLIP linefill/keepalive option.
[   71.163520][    T1] hdlc: HDLC support module revision 1.22
[   71.164116][    T1] LAPB Ethernet driver version 0.02
[   71.169678][    T1] usbcore: registered new interface driver ath9k_htc
[   71.182250][    T1] usbcore: registered new interface driver carl9170
[   71.184377][    T1] usbcore: registered new interface driver ath6kl_usb
[   71.186479][    T1] usbcore: registered new interface driver ar5523
[   71.190199][    T1] usbcore: registered new interface driver ath10k_usb
[   71.206258][    T1] usbcore: registered new interface driver plfxlc
[   71.208362][    T1] mac80211_hwsim: initializing netlink
[   71.485860][    T1] usbcore: registered new interface driver atusb
[   71.636538][    T1] mac802154_hwsim mac802154_hwsim: Added 2 mac802154 hwsim hardware radios
[   71.640675][    T1] VMware vmxnet3 virtual NIC driver - version 1.9.0.0-k-NAPI
[   71.668751][    T1] usbcore: registered new interface driver catc
[   71.671022][    T1] usbcore: registered new interface driver kaweth
[   71.671335][    T1] pegasus: Pegasus/Pegasus II USB Ethernet driver
[   71.678904][    T1] usbcore: registered new interface driver pegasus
[   71.680957][    T1] usbcore: registered new interface driver rtl8150
[   71.682118][    T1] usbcore: registered new device driver r8152-cfgselector
[   71.725336][    T1] usbcore: registered new interface driver r8152
[   71.728300][    T1] usbcore: registered new interface driver hso
[   71.730231][    T1] usbcore: registered new interface driver lan78xx
[   71.732201][    T1] usbcore: registered new interface driver asix
[   71.745737][    T1] usbcore: registered new interface driver ax88179_178a
[   71.747837][    T1] usbcore: registered new interface driver cdc_ether
[   71.749907][    T1] usbcore: registered new interface driver cdc_eem
[   71.751780][    T1] usbcore: registered new interface driver dm9601
[   71.752820][    T1] usbcore: registered new interface driver sr9700
[   71.769570][    T1] usbcore: registered new interface driver CoreChips
[   71.771579][    T1] usbcore: registered new interface driver smsc75xx
[   71.773231][    T1] usbcore: registered new interface driver smsc95xx
[   71.788631][    T1] usbcore: registered new interface driver gl620a
[   71.792801][    T1] usbcore: registered new interface driver net1080
[   71.794991][    T1] usbcore: registered new interface driver plusb
[   71.796988][    T1] usbcore: registered new interface driver rndis_host
[   71.798894][    T1] usbcore: registered new interface driver cdc_subset
[   71.800825][    T1] usbcore: registered new interface driver zaurus
[   71.800825][    T1] usbcore: registered new interface driver MOSCHIP usb-ethernet driver
[   71.800825][    T1] usbcore: registered new interface driver int51x1
[   71.818818][    T1] usbcore: registered new interface driver cdc_phonet
[   71.820917][    T1] usbcore: registered new interface driver kalmia
[   71.847174][    T1] usbcore: registered new interface driver ipheth
[   71.857105][    T1] usbcore: registered new interface driver sierra_net
[   71.872673][    T1] usbcore: registered new interface driver cx82310_eth
[   71.890274][    T1] usbcore: registered new interface driver cdc_ncm
[   71.893645][    T1] usbcore: registered new interface driver huawei_cdc_ncm
[   71.901628][    T1] usbcore: registered new interface driver lg-vl600
[   71.908025][    T1] usbcore: registered new interface driver qmi_wwan
[   71.910519][    T1] usbcore: registered new interface driver cdc_mbim
[   71.912630][    T1] usbcore: registered new interface driver ch9200
[   71.929190][    T1] usbcore: registered new interface driver aqc111
[   71.936089][    T1] usbcore: registered new interface driver r8153_ecm
[   71.997554][    T1] VFIO - User Level meta-driver version: 0.3
[   72.068915][    T1] aoe: AoE v85 initialised.
[   72.319475][    T1] usbcore: registered new interface driver cdc_acm
[   72.319968][    T1] cdc_acm: USB Abstract Control Model driver for USB modems and ISDN adapters
[   72.325532][    T1] usbcore: registered new interface driver usblp
[   72.329531][    T1] usbcore: registered new interface driver cdc_wdm
[   72.333110][    T1] usbcore: registered new interface driver usbtmc
[   72.351203][    T1] usbcore: registered new interface driver uas
[   72.353599][    T1] usbcore: registered new interface driver usb-storage
[   72.361073][    T1] usbcore: registered new interface driver ums-alauda
[   72.362869][    T1] usbcore: registered new interface driver ums-cypress
[   72.372588][    T1] usbcore: registered new interface driver ums-datafab
[   72.377357][    T1] usbcore: registered new interface driver ums_eneub6250
[   72.379233][    T1] usbcore: registered new interface driver ums-freecom
[   72.380966][    T1] usbcore: registered new interface driver ums-isd200
[   72.381510][    T1] usbcore: registered new interface driver ums-jumpshot
[   72.397796][    T1] usbcore: registered new interface driver ums-karma
[   72.400145][    T1] usbcore: registered new interface driver ums-onetouch
[   72.402009][    T1] usbcore: registered new interface driver ums-realtek
[   72.403738][    T1] usbcore: registered new interface driver ums-sddr09
[   72.422203][    T1] usbcore: registered new interface driver ums-sddr55
[   72.431583][    T1] usbcore: registered new interface driver ums-usbat
[   72.439249][    T1] usbcore: registered new interface driver mdc800
[   72.439556][    T1] mdc800: v0.7.5 (30/10/2000):USB Driver for Mustek MDC800 Digital Camera
[   72.441507][    T1] usbcore: registered new interface driver microtekX6
[   72.461046][    T1] usbcore: registered new interface driver usbserial_generic
[   72.471517][    T1] usbserial: USB Serial support registered for generic
[   72.473311][    T1] usbcore: registered new interface driver aircable
[   72.474270][    T1] usbserial: USB Serial support registered for aircable
[   72.486790][    T1] usbcore: registered new interface driver ark3116
[   72.487931][    T1] usbserial: USB Serial support registered for ark3116
[   72.489368][    T1] usbcore: registered new interface driver belkin_sa
[   72.490394][    T1] usbserial: USB Serial support registered for Belkin / Peracom / GoHubs USB Serial Adapter
[   72.491954][    T1] usbcore: registered new interface driver ch341
[   72.492968][    T1] usbserial: USB Serial support registered for ch341-uart
[   72.494823][    T1] usbcore: registered new interface driver cp210x
[   72.495874][    T1] usbserial: USB Serial support registered for cp210x
[   72.497284][    T1] usbcore: registered new interface driver cyberjack
[   72.498296][    T1] usbserial: USB Serial support registered for Reiner SCT Cyberjack USB card reader
[   72.499735][    T1] usbcore: registered new interface driver cypress_m8
[   72.500724][    T1] usbserial: USB Serial support registered for DeLorme Earthmate USB
[   72.501620][    T1] usbserial: USB Serial support registered for HID->COM RS232 Adapter
[   72.502627][    T1] usbserial: USB Serial support registered for Nokia CA-42 V2 Adapter
[   72.522521][    T1] usbcore: registered new interface driver usb_debug
[   72.543570][    T1] usbserial: USB Serial support registered for debug
[   72.559050][    T1] usbserial: USB Serial support registered for xhci_dbc
[   72.563152][    T1] usbcore: registered new interface driver digi_acceleport
[   72.574645][    T1] usbserial: USB Serial support registered for Digi 2 port USB adapter
[   72.575875][    T1] usbserial: USB Serial support registered for Digi 4 port USB adapter
[   72.577635][    T1] usbcore: registered new interface driver io_edgeport
[   72.578565][    T1] usbserial: USB Serial support registered for Edgeport 2 port adapter
[   72.579703][    T1] usbserial: USB Serial support registered for Edgeport 4 port adapter
[   72.580627][    T1] usbserial: USB Serial support registered for Edgeport 8 port adapter
[   72.581535][    T1] usbserial: USB Serial support registered for EPiC device
[   72.583055][    T1] usbcore: registered new interface driver io_ti
[   72.583362][    T1] usbserial: USB Serial support registered for Edgeport TI 1 port adapter
[   72.630948][    T1] usbserial: USB Serial support registered for Edgeport TI 2 port adapter
[   72.637920][    T1] usbcore: registered new interface driver empeg
[   72.640361][    T1] usbserial: USB Serial support registered for empeg
[   72.643689][    T1] usbcore: registered new interface driver f81534a_ctrl
[   72.658466][    T1] usbcore: registered new interface driver f81232
[   72.661468][    T1] usbserial: USB Serial support registered for f81232
[   72.673587][    T1] usbserial: USB Serial support registered for f81534a
[   72.675624][    T1] usbcore: registered new interface driver f81534
[   72.676577][    T1] usbserial: USB Serial support registered for Fintek F81532/F81534
[   72.678050][    T1] usbcore: registered new interface driver ftdi_sio
[   72.678965][    T1] usbserial: USB Serial support registered for FTDI USB Serial Device
[   72.680587][    T1] usbcore: registered new interface driver garmin_gps
[   72.681502][    T1] usbserial: USB Serial support registered for Garmin GPS usb/tty
[   72.682931][    T1] usbcore: registered new interface driver ipaq
[   72.683299][    T1] usbserial: USB Serial support registered for PocketPC PDA
[   72.709473][    T1] usbcore: registered new interface driver ipw
[   72.710503][    T1] usbserial: USB Serial support registered for IPWireless converter
[   72.711994][    T1] usbcore: registered new interface driver ir_usb
[   72.713099][    T1] usbserial: USB Serial support registered for IR Dongle
[   72.740402][    T1] usbcore: registered new interface driver iuu_phoenix
[   72.758084][    T1] usbserial: USB Serial support registered for iuu_phoenix
[   72.759912][    T1] usbcore: registered new interface driver keyspan
[   72.760722][    T1] usbserial: USB Serial support registered for Keyspan - (without firmware)
[   72.760722][    T1] usbserial: USB Serial support registered for Keyspan 1 port adapter
[   72.760722][    T1] usbserial: USB Serial support registered for Keyspan 2 port adapter
[   72.760722][    T1] usbserial: USB Serial support registered for Keyspan 4 port adapter
[   72.773838][    T1] usbcore: registered new interface driver keyspan_pda
[   72.775128][    T1] usbserial: USB Serial support registered for Keyspan PDA
[   72.776092][    T1] usbserial: USB Serial support registered for Keyspan PDA - (prerenumeration)
[   72.777626][    T1] usbcore: registered new interface driver kl5kusb105
[   72.778574][    T1] usbserial: USB Serial support registered for KL5KUSB105D / PalmConnect
[   72.780254][    T1] usbcore: registered new interface driver kobil_sct
[   72.781194][    T1] usbserial: USB Serial support registered for KOBIL USB smart card terminal
[   72.781203][    T1] usbcore: registered new interface driver mct_u232
[   72.781203][    T1] usbserial: USB Serial support registered for MCT U232
[   72.781203][    T1] usbcore: registered new interface driver metro_usb
[   72.833338][    T1] usbserial: USB Serial support registered for Metrologic USB to Serial
[   72.859677][    T1] usbcore: registered new interface driver mos7720
[   72.860754][    T1] usbserial: USB Serial support registered for Moschip 2 port adapter
[   72.863576][    T1] usbcore: registered new interface driver mos7840
[   72.864535][    T1] usbserial: USB Serial support registered for Moschip 7840/7820 USB Serial Driver
[   72.866029][    T1] usbcore: registered new interface driver mxuport
[   72.866959][    T1] usbserial: USB Serial support registered for MOXA UPort
[   72.868592][    T1] usbcore: registered new interface driver navman
[   72.869522][    T1] usbserial: USB Serial support registered for navman
[   72.870955][    T1] usbcore: registered new interface driver omninet
[   72.871980][    T1] usbserial: USB Serial support registered for ZyXEL - omni.net usb
[   72.872657][    T1] usbcore: registered new interface driver opticon
[   72.872657][    T1] usbserial: USB Serial support registered for opticon
[   72.890670][    T1] usbcore: registered new interface driver option
[   72.891890][    T1] usbserial: USB Serial support registered for GSM modem (1-port)
[   72.893529][    T1] usbcore: registered new interface driver oti6858
[   72.897186][    T1] usbserial: USB Serial support registered for oti6858
[   72.898686][    T1] usbcore: registered new interface driver pl2303
[   72.899732][    T1] usbserial: USB Serial support registered for pl2303
[   72.901314][    T1] usbcore: registered new interface driver qcaux
[   72.902244][    T1] usbserial: USB Serial support registered for qcaux
[   72.951819][    T1] usbcore: registered new interface driver qcserial
[   72.965854][    T1] usbserial: USB Serial support registered for Qualcomm USB modem
[   72.967659][    T1] usbcore: registered new interface driver quatech2
[   72.968740][    T1] usbserial: USB Serial support registered for Quatech 2nd gen USB to Serial Driver
[   72.970251][    T1] usbcore: registered new interface driver safe_serial
[   72.971322][    T1] usbserial: USB Serial support registered for safe_serial
[   72.984542][    T1] usbcore: registered new interface driver sierra
[   72.985688][    T1] usbserial: USB Serial support registered for Sierra USB modem
[   72.987263][    T1] usbcore: registered new interface driver usb_serial_simple
[   72.988320][    T1] usbserial: USB Serial support registered for carelink
[   72.989331][    T1] usbserial: USB Serial support registered for flashloader
[   72.990238][    T1] usbserial: USB Serial support registered for funsoft
[   72.991241][    T1] usbserial: USB Serial support registered for google
[   72.992231][    T1] usbserial: USB Serial support registered for hp4x
[   72.992231][    T1] usbserial: USB Serial support registered for kaufmann
[   72.992231][    T1] usbserial: USB Serial support registered for libtransistor
[   73.048223][    T1] usbserial: USB Serial support registered for moto_modem
[   73.052018][    T1] usbserial: USB Serial support registered for motorola_tetra
[   73.064339][    T1] usbserial: USB Serial support registered for nokia
[   73.065518][    T1] usbserial: USB Serial support registered for novatel_gps
[   73.066474][    T1] usbserial: USB Serial support registered for owon
[   73.067512][    T1] usbserial: USB Serial support registered for siemens_mpi
[   73.068436][    T1] usbserial: USB Serial support registered for suunto
[   73.069437][    T1] usbserial: USB Serial support registered for vivopay
[   73.070341][    T1] usbserial: USB Serial support registered for zio
[   73.071986][    T1] usbcore: registered new interface driver spcp8x5
[   73.073002][    T1] usbserial: USB Serial support registered for SPCP8x5
[   73.108312][    T1] usbcore: registered new interface driver ssu100
[   73.111446][    T1] usbserial: USB Serial support registered for Quatech SSU-100 USB to Serial Driver
[   73.132056][    T1] usbcore: registered new interface driver symbolserial
[   73.133248][    T1] usbserial: USB Serial support registered for symbol
[   73.143508][    T1] usbcore: registered new interface driver ti_usb_3410_5052
[   73.147692][    T1] usbserial: USB Serial support registered for TI USB 3410 1 port adapter
[   73.148800][    T1] usbserial: USB Serial support registered for TI USB 5052 2 port adapter
[   73.150318][    T1] usbcore: registered new interface driver upd78f0730
[   73.151353][    T1] usbserial: USB Serial support registered for upd78f0730
[   73.152518][    T1] usbcore: registered new interface driver visor
[   73.152518][    T1] usbserial: USB Serial support registered for Handspring Visor / Palm OS
[   73.171894][    T1] usbserial: USB Serial support registered for Sony Clie 5.0
[   73.172904][    T1] usbserial: USB Serial support registered for Sony Clie 3.5
[   73.188414][    T1] usbcore: registered new interface driver wishbone_serial
[   73.189770][    T1] usbserial: USB Serial support registered for wishbone_serial
[   73.191519][    T1] usbcore: registered new interface driver whiteheat
[   73.192567][    T1] usbserial: USB Serial support registered for Connect Tech - WhiteHEAT - (prerenumeration)
[   73.220666][    T1] usbserial: USB Serial support registered for Connect Tech - WhiteHEAT
[   73.225536][    T1] usbcore: registered new interface driver xr_serial
[   73.226589][    T1] usbserial: USB Serial support registered for xr_serial
[   73.228165][    T1] usbcore: registered new interface driver xsens_mt
[   73.229098][    T1] usbserial: USB Serial support registered for xsens_mt
[   73.231169][    T1] usbcore: registered new interface driver adutux
[   73.233167][    T1] usbcore: registered new interface driver appledisplay
[   73.271295][    T1] usbcore: registered new interface driver cypress_cy7c63
[   73.276106][    T1] usbcore: registered new interface driver cytherm
[   73.278332][    T1] usbcore: registered new interface driver emi26 - firmware loader
[   73.280377][    T1] usbcore: registered new interface driver emi62 - firmware loader
[   73.281475][    T1] usbcore: registered new device driver apple-mfi-fastcharge
[   73.283481][    T1] usbcore: registered new interface driver ljca
[   73.303007][    T1] usbcore: registered new interface driver idmouse
[   73.315747][    T1] usbcore: registered new interface driver iowarrior
[   73.317824][    T1] usbcore: registered new interface driver isight_firmware
[   73.319868][    T1] usbcore: registered new interface driver usblcd
[   73.321982][    T1] usbcore: registered new interface driver ldusb
[   73.340218][    T1] usbcore: registered new interface driver legousbtower
[   73.349852][    T1] usbcore: registered new interface driver usbtest
[   73.352014][    T1] usbcore: registered new interface driver usb_ehset_test
[   73.367760][    T1] usbcore: registered new interface driver trancevibrator
[   73.370297][    T1] usbcore: registered new interface driver uss720
[   73.370584][    T1] uss720: USB Parport Cable driver for Cables using the Lucent Technologies USS720 Chip
[   73.370877][    T1] uss720: NOTE: this is a special purpose driver to allow nonstandard
[   73.371115][    T1] uss720: protocols (eg. bitbang) over USS720 usb to parallel cables
[   73.371343][    T1] uss720: If you just want to connect to a printer, use usblp instead
[   73.377001][    T1] usbcore: registered new interface driver usbsevseg
[   73.379002][    T1] usbcore: registered new interface driver yurex
[   73.408441][    T1] usbcore: registered new interface driver chaoskey
[   73.410628][    T1] usbcore: registered new interface driver sisusb
[   73.412544][    T1] usbcore: registered new interface driver lvs
[   73.424103][    T1] usbcore: registered new interface driver cxacru
[   73.437162][    T1] usbcore: registered new interface driver speedtch
[   73.439153][    T1] usbcore: registered new interface driver ueagle-atm
[   73.439494][    T1] xusbatm: malformed module parameters
[   73.513151][    T1] dummy_hcd dummy_hcd.0: USB Host+Gadget Emulator, driver 02 May 2005
[   73.528298][    T1] dummy_hcd dummy_hcd.0: Dummy host controller
[   73.537042][    T1] dummy_hcd dummy_hcd.0: new USB bus registered, assigned bus number 1
[   73.560816][    T1] usb usb1: New USB device found, idVendor=1d6b, idProduct=0002, bcdDevice= 6.18
[   73.561440][    T1] usb usb1: New USB device strings: Mfr=3, Product=2, SerialNumber=1
[   73.561761][    T1] usb usb1: Product: Dummy host controller
[   73.562021][    T1] usb usb1: Manufacturer: Linux 6.18.0-rc1-next-20251014 dummy_hcd
[   73.562296][    T1] usb usb1: SerialNumber: dummy_hcd.0
[   73.603574][    T1] hub 1-0:1.0: USB hub found
[   73.610150][    T1] hub 1-0:1.0: 1 port detected
[   73.670822][    T1] dummy_hcd dummy_hcd.1: USB Host+Gadget Emulator, driver 02 May 2005
[   73.671461][    T1] dummy_hcd dummy_hcd.1: Dummy host controller
[   73.685469][    T1] dummy_hcd dummy_hcd.1: new USB bus registered, assigned bus number 2
[   73.691193][    T1] usb usb2: New USB device found, idVendor=1d6b, idProduct=0002, bcdDevice= 6.18
[   73.691193][    T1] usb usb2: New USB device strings: Mfr=3, Product=2, SerialNumber=1
[   73.691193][    T1] usb usb2: Product: Dummy host controller
[   73.691193][    T1] usb usb2: Manufacturer: Linux 6.18.0-rc1-next-20251014 dummy_hcd
[   73.691193][    T1] usb usb2: SerialNumber: dummy_hcd.1
[   73.721293][    T1] hub 2-0:1.0: USB hub found
[   73.722879][    T1] hub 2-0:1.0: 1 port detected
[   73.762511][    T1] dummy_hcd dummy_hcd.2: USB Host+Gadget Emulator, driver 02 May 2005
[   73.763144][    T1] dummy_hcd dummy_hcd.2: Dummy host controller
[   73.768730][    T1] dummy_hcd dummy_hcd.2: new USB bus registered, assigned bus number 3
[   73.778542][    T1] usb usb3: New USB device found, idVendor=1d6b, idProduct=0002, bcdDevice= 6.18
[   73.778956][    T1] usb usb3: New USB device strings: Mfr=3, Product=2, SerialNumber=1
[   73.779255][    T1] usb usb3: Product: Dummy host controller
[   73.779487][    T1] usb usb3: Manufacturer: Linux 6.18.0-rc1-next-20251014 dummy_hcd
[   73.779746][    T1] usb usb3: SerialNumber: dummy_hcd.2
[   73.802135][    T1] hub 3-0:1.0: USB hub found
[   73.810223][    T1] hub 3-0:1.0: 1 port detected
[   73.854473][    T1] dummy_hcd dummy_hcd.3: USB Host+Gadget Emulator, driver 02 May 2005
[   73.855058][    T1] dummy_hcd dummy_hcd.3: Dummy host controller
[   73.860235][    T1] dummy_hcd dummy_hcd.3: new USB bus registered, assigned bus number 4
[   73.871789][    T1] usb usb4: New USB device found, idVendor=1d6b, idProduct=0002, bcdDevice= 6.18
[   73.872193][    T1] usb usb4: New USB device strings: Mfr=3, Product=2, SerialNumber=1
[   73.872486][    T1] usb usb4: Product: Dummy host controller
[   73.872714][    T1] usb usb4: Manufacturer: Linux 6.18.0-rc1-next-20251014 dummy_hcd
[   73.872979][    T1] usb usb4: SerialNumber: dummy_hcd.3
[   73.929535][    T1] hub 4-0:1.0: USB hub found
[   73.936501][    T1] hub 4-0:1.0: 1 port detected
[   73.968623][    T1] dummy_hcd dummy_hcd.4: USB Host+Gadget Emulator, driver 02 May 2005
[   73.969230][    T1] dummy_hcd dummy_hcd.4: Dummy host controller
[   73.985080][    T1] dummy_hcd dummy_hcd.4: new USB bus registered, assigned bus number 5
[   73.991716][    T1] usb usb5: New USB device found, idVendor=1d6b, idProduct=0002, bcdDevice= 6.18
[   73.992100][    T1] usb usb5: New USB device strings: Mfr=3, Product=2, SerialNumber=1
[   73.992398][    T1] usb usb5: Product: Dummy host controller
[   73.992632][    T1] usb usb5: Manufacturer: Linux 6.18.0-rc1-next-20251014 dummy_hcd
[   73.992901][    T1] usb usb5: SerialNumber: dummy_hcd.4
[   74.025409][    T1] hub 5-0:1.0: USB hub found
[   74.028506][    T1] hub 5-0:1.0: 1 port detected
[   74.067718][    T1] dummy_hcd dummy_hcd.5: USB Host+Gadget Emulator, driver 02 May 2005
[   74.068352][    T1] dummy_hcd dummy_hcd.5: Dummy host controller
[   74.079107][    T1] dummy_hcd dummy_hcd.5: new USB bus registered, assigned bus number 6
[   74.089348][    T1] usb usb6: New USB device found, idVendor=1d6b, idProduct=0002, bcdDevice= 6.18
[   74.089752][    T1] usb usb6: New USB device strings: Mfr=3, Product=2, SerialNumber=1
[   74.090056][    T1] usb usb6: Product: Dummy host controller
[   74.090287][    T1] usb usb6: Manufacturer: Linux 6.18.0-rc1-next-20251014 dummy_hcd
[   74.090544][    T1] usb usb6: SerialNumber: dummy_hcd.5
[   74.121131][    T1] hub 6-0:1.0: USB hub found
[   74.124801][    T1] hub 6-0:1.0: 1 port detected
[   74.156234][    T1] dummy_hcd dummy_hcd.6: USB Host+Gadget Emulator, driver 02 May 2005
[   74.156821][    T1] dummy_hcd dummy_hcd.6: Dummy host controller
[   74.169924][    T1] dummy_hcd dummy_hcd.6: new USB bus registered, assigned bus number 7
[   74.190218][    T1] usb usb7: New USB device found, idVendor=1d6b, idProduct=0002, bcdDevice= 6.18
[   74.190641][    T1] usb usb7: New USB device strings: Mfr=3, Product=2, SerialNumber=1
[   74.190943][    T1] usb usb7: Product: Dummy host controller
[   74.191174][    T1] usb usb7: Manufacturer: Linux 6.18.0-rc1-next-20251014 dummy_hcd
[   74.191432][    T1] usb usb7: SerialNumber: dummy_hcd.6
[   74.211594][    T1] hub 7-0:1.0: USB hub found
[   74.213181][    T1] hub 7-0:1.0: 1 port detected
[   74.250770][    T1] dummy_hcd dummy_hcd.7: USB Host+Gadget Emulator, driver 02 May 2005
[   74.250770][    T1] dummy_hcd dummy_hcd.7: Dummy host controller
[   74.264646][    T1] dummy_hcd dummy_hcd.7: new USB bus registered, assigned bus number 8
[   74.271332][    T1] usb usb8: New USB device found, idVendor=1d6b, idProduct=0002, bcdDevice= 6.18
[   74.271706][    T1] usb usb8: New USB device strings: Mfr=3, Product=2, SerialNumber=1
[   74.272009][    T1] usb usb8: Product: Dummy host controller
[   74.272238][    T1] usb usb8: Manufacturer: Linux 6.18.0-rc1-next-20251014 dummy_hcd
[   74.272494][    T1] usb usb8: SerialNumber: dummy_hcd.7
[   74.301339][    T1] hub 8-0:1.0: USB hub found
[   74.308047][    T1] hub 8-0:1.0: 1 port detected
[   74.344710][    T1] dummy_hcd dummy_hcd.8: USB Host+Gadget Emulator, driver 02 May 2005
[   74.356651][    T1] dummy_hcd dummy_hcd.8: Dummy host controller
[   74.365418][    T1] dummy_hcd dummy_hcd.8: new USB bus registered, assigned bus number 9
[   74.372442][    T1] usb usb9: New USB device found, idVendor=1d6b, idProduct=0002, bcdDevice= 6.18
[   74.372554][    T1] usb usb9: New USB device strings: Mfr=3, Product=2, SerialNumber=1
[   74.372554][    T1] usb usb9: Product: Dummy host controller
[   74.372554][    T1] usb usb9: Manufacturer: Linux 6.18.0-rc1-next-20251014 dummy_hcd
[   74.372554][    T1] usb usb9: SerialNumber: dummy_hcd.8
[   74.405475][    T1] hub 9-0:1.0: USB hub found
[   74.407065][    T1] hub 9-0:1.0: 1 port detected
[   74.441207][    T1] dummy_hcd dummy_hcd.9: USB Host+Gadget Emulator, driver 02 May 2005
[   74.441793][    T1] dummy_hcd dummy_hcd.9: Dummy host controller
[   74.455121][    T1] dummy_hcd dummy_hcd.9: new USB bus registered, assigned bus number 10
[   74.461617][    T1] usb usb10: New USB device found, idVendor=1d6b, idProduct=0002, bcdDevice= 6.18
[   74.461617][    T1] usb usb10: New USB device strings: Mfr=3, Product=2, SerialNumber=1
[   74.461617][    T1] usb usb10: Product: Dummy host controller
[   74.461617][    T1] usb usb10: Manufacturer: Linux 6.18.0-rc1-next-20251014 dummy_hcd
[   74.461617][    T1] usb usb10: SerialNumber: dummy_hcd.9
[   74.491748][    T1] hub 10-0:1.0: USB hub found
[   74.498546][    T1] hub 10-0:1.0: 1 port detected
[   74.539934][    T1] dummy_hcd dummy_hcd.10: USB Host+Gadget Emulator, driver 02 May 2005
[   74.540521][    T1] dummy_hcd dummy_hcd.10: Dummy host controller
[   74.557529][    T1] dummy_hcd dummy_hcd.10: new USB bus registered, assigned bus number 11
[   74.562181][    T1] usb usb11: New USB device found, idVendor=1d6b, idProduct=0002, bcdDevice= 6.18
[   74.562181][    T1] usb usb11: New USB device strings: Mfr=3, Product=2, SerialNumber=1
[   74.562181][    T1] usb usb11: Product: Dummy host controller
[   74.572162][    T1] usb usb11: Manufacturer: Linux 6.18.0-rc1-next-20251014 dummy_hcd
[   74.572503][    T1] usb usb11: SerialNumber: dummy_hcd.10
[   74.608338][    T1] hub 11-0:1.0: USB hub found
[   74.610017][    T1] hub 11-0:1.0: 1 port detected
[   74.632239][    T1] dummy_hcd dummy_hcd.11: USB Host+Gadget Emulator, driver 02 May 2005
[   74.645532][    T1] dummy_hcd dummy_hcd.11: Dummy host controller
[   74.651465][    T1] dummy_hcd dummy_hcd.11: new USB bus registered, assigned bus number 12
[   74.665882][    T1] usb usb12: New USB device found, idVendor=1d6b, idProduct=0002, bcdDevice= 6.18
[   74.666290][    T1] usb usb12: New USB device strings: Mfr=3, Product=2, SerialNumber=1
[   74.666587][    T1] usb usb12: Product: Dummy host controller
[   74.666827][    T1] usb usb12: Manufacturer: Linux 6.18.0-rc1-next-20251014 dummy_hcd
[   74.667101][    T1] usb usb12: SerialNumber: dummy_hcd.11
[   74.693894][    T1] hub 12-0:1.0: USB hub found
[   74.699908][    T1] hub 12-0:1.0: 1 port detected
[   74.738244][    T1] dummy_hcd dummy_hcd.12: USB Host+Gadget Emulator, driver 02 May 2005
[   74.738853][    T1] dummy_hcd dummy_hcd.12: Dummy host controller
[   74.747904][    T1] dummy_hcd dummy_hcd.12: new USB bus registered, assigned bus number 13
[   74.758880][    T1] usb usb13: New USB device found, idVendor=1d6b, idProduct=0002, bcdDevice= 6.18
[   74.759281][    T1] usb usb13: New USB device strings: Mfr=3, Product=2, SerialNumber=1
[   74.759574][    T1] usb usb13: Product: Dummy host controller
[   74.759804][    T1] usb usb13: Manufacturer: Linux 6.18.0-rc1-next-20251014 dummy_hcd
[   74.760073][    T1] usb usb13: SerialNumber: dummy_hcd.12
[   74.780817][    T1] hub 13-0:1.0: USB hub found
[   74.782385][    T1] hub 13-0:1.0: 1 port detected
[   74.819673][    T1] dummy_hcd dummy_hcd.13: USB Host+Gadget Emulator, driver 02 May 2005
[   74.820263][    T1] dummy_hcd dummy_hcd.13: Dummy host controller
[   74.831547][    T1] dummy_hcd dummy_hcd.13: new USB bus registered, assigned bus number 14
[   74.847417][    T1] usb usb14: New USB device found, idVendor=1d6b, idProduct=0002, bcdDevice= 6.18
[   74.847840][    T1] usb usb14: New USB device strings: Mfr=3, Product=2, SerialNumber=1
[   74.848155][    T1] usb usb14: Product: Dummy host controller
[   74.848387][    T1] usb usb14: Manufacturer: Linux 6.18.0-rc1-next-20251014 dummy_hcd
[   74.848647][    T1] usb usb14: SerialNumber: dummy_hcd.13
[   74.879970][    T1] hub 14-0:1.0: USB hub found
[   74.882625][    T1] hub 14-0:1.0: 1 port detected
[   74.911011][    T1] dummy_hcd dummy_hcd.14: USB Host+Gadget Emulator, driver 02 May 2005
[   74.911011][    T1] dummy_hcd dummy_hcd.14: Dummy host controller
[   74.927995][    T1] dummy_hcd dummy_hcd.14: new USB bus registered, assigned bus number 15
[   74.940686][    T1] usb usb15: New USB device found, idVendor=1d6b, idProduct=0002, bcdDevice= 6.18
[   74.941098][    T1] usb usb15: New USB device strings: Mfr=3, Product=2, SerialNumber=1
[   74.941396][    T1] usb usb15: Product: Dummy host controller
[   74.941628][    T1] usb usb15: Manufacturer: Linux 6.18.0-rc1-next-20251014 dummy_hcd
[   74.941896][    T1] usb usb15: SerialNumber: dummy_hcd.14
[   74.965450][    T1] hub 15-0:1.0: USB hub found
[   74.968339][    T1] hub 15-0:1.0: 1 port detected
[   74.992022][    T1] dummy_hcd dummy_hcd.15: USB Host+Gadget Emulator, driver 02 May 2005
[   74.992022][    T1] dummy_hcd dummy_hcd.15: Dummy host controller
[   75.018441][    T1] dummy_hcd dummy_hcd.15: new USB bus registered, assigned bus number 16
[   75.027597][    T1] usb usb16: New USB device found, idVendor=1d6b, idProduct=0002, bcdDevice= 6.18
[   75.028016][    T1] usb usb16: New USB device strings: Mfr=3, Product=2, SerialNumber=1
[   75.028339][    T1] usb usb16: Product: Dummy host controller
[   75.028571][    T1] usb usb16: Manufacturer: Linux 6.18.0-rc1-next-20251014 dummy_hcd
[   75.028831][    T1] usb usb16: SerialNumber: dummy_hcd.15
[   75.060445][    T1] hub 16-0:1.0: USB hub found
[   75.063088][    T1] hub 16-0:1.0: 1 port detected
[   75.101112][    T1] dummy_hcd dummy_hcd.16: USB Host+Gadget Emulator, driver 02 May 2005
[   75.101711][    T1] dummy_hcd dummy_hcd.16: Dummy host controller
[   75.112020][    T1] dummy_hcd dummy_hcd.16: new USB bus registered, assigned bus number 17
[   75.121782][    T1] usb usb17: New USB device found, idVendor=1d6b, idProduct=0002, bcdDevice= 6.18
[   75.122202][    T1] usb usb17: New USB device strings: Mfr=3, Product=2, SerialNumber=1
[   75.122509][    T1] usb usb17: Product: Dummy host controller
[   75.122742][    T1] usb usb17: Manufacturer: Linux 6.18.0-rc1-next-20251014 dummy_hcd
[   75.123009][    T1] usb usb17: SerialNumber: dummy_hcd.16
[   75.153700][    T1] hub 17-0:1.0: USB hub found
[   75.155843][    T1] hub 17-0:1.0: 1 port detected
[   75.183846][    T1] dummy_hcd dummy_hcd.17: USB Host+Gadget Emulator, driver 02 May 2005
[   75.188821][    T1] dummy_hcd dummy_hcd.17: Dummy host controller
[   75.198090][    T1] dummy_hcd dummy_hcd.17: new USB bus registered, assigned bus number 18
[   75.209558][    T1] usb usb18: New USB device found, idVendor=1d6b, idProduct=0002, bcdDevice= 6.18
[   75.209978][    T1] usb usb18: New USB device strings: Mfr=3, Product=2, SerialNumber=1
[   75.210274][    T1] usb usb18: Product: Dummy host controller
[   75.210504][    T1] usb usb18: Manufacturer: Linux 6.18.0-rc1-next-20251014 dummy_hcd
[   75.210761][    T1] usb usb18: SerialNumber: dummy_hcd.17
[   75.232886][    T1] hub 18-0:1.0: USB hub found
[   75.247845][    T1] hub 18-0:1.0: 1 port detected
[   75.277689][    T1] dummy_hcd dummy_hcd.18: USB Host+Gadget Emulator, driver 02 May 2005
[   75.278259][    T1] dummy_hcd dummy_hcd.18: Dummy host controller
[   75.292798][    T1] dummy_hcd dummy_hcd.18: new USB bus registered, assigned bus number 19
[   75.300293][    T1] usb usb19: New USB device found, idVendor=1d6b, idProduct=0002, bcdDevice= 6.18
[   75.300674][    T1] usb usb19: New USB device strings: Mfr=3, Product=2, SerialNumber=1
[   75.300942][    T1] usb usb19: Product: Dummy host controller
[   75.300942][    T1] usb usb19: Manufacturer: Linux 6.18.0-rc1-next-20251014 dummy_hcd
[   75.300942][    T1] usb usb19: SerialNumber: dummy_hcd.18
[   75.320049][    T1] hub 19-0:1.0: USB hub found
[   75.322273][    T1] hub 19-0:1.0: 1 port detected
[   75.358660][    T1] dummy_hcd dummy_hcd.19: USB Host+Gadget Emulator, driver 02 May 2005
[   75.359241][    T1] dummy_hcd dummy_hcd.19: Dummy host controller
[   75.368956][    T1] dummy_hcd dummy_hcd.19: new USB bus registered, assigned bus number 20
[   75.382235][    T1] usb usb20: New USB device found, idVendor=1d6b, idProduct=0002, bcdDevice= 6.18
[   75.382646][    T1] usb usb20: New USB device strings: Mfr=3, Product=2, SerialNumber=1
[   75.388008][    T1] usb usb20: Product: Dummy host controller
[   75.388304][    T1] usb usb20: Manufacturer: Linux 6.18.0-rc1-next-20251014 dummy_hcd
[   75.388586][    T1] usb usb20: SerialNumber: dummy_hcd.19
[   75.411246][    T1] hub 20-0:1.0: USB hub found
[   75.413497][    T1] hub 20-0:1.0: 1 port detected
[   75.456157][    T1] dummy_hcd dummy_hcd.20: USB Host+Gadget Emulator, driver 02 May 2005
[   75.456730][    T1] dummy_hcd dummy_hcd.20: Dummy host controller
[   75.461750][    T1] dummy_hcd dummy_hcd.20: new USB bus registered, assigned bus number 21
[   75.479780][    T1] usb usb21: New USB device found, idVendor=1d6b, idProduct=0002, bcdDevice= 6.18
[   75.480208][    T1] usb usb21: New USB device strings: Mfr=3, Product=2, SerialNumber=1
[   75.480503][    T1] usb usb21: Product: Dummy host controller
[   75.480733][    T1] usb usb21: Manufacturer: Linux 6.18.0-rc1-next-20251014 dummy_hcd
[   75.480999][    T1] usb usb21: SerialNumber: dummy_hcd.20
[   75.507387][    T1] hub 21-0:1.0: USB hub found
[   75.509001][    T1] hub 21-0:1.0: 1 port detected
[   75.538400][    T1] dummy_hcd dummy_hcd.21: USB Host+Gadget Emulator, driver 02 May 2005
[   75.538988][    T1] dummy_hcd dummy_hcd.21: Dummy host controller
[   75.554202][    T1] dummy_hcd dummy_hcd.21: new USB bus registered, assigned bus number 22
[   75.561415][    T1] usb usb22: New USB device found, idVendor=1d6b, idProduct=0002, bcdDevice= 6.18
[   75.561800][    T1] usb usb22: New USB device strings: Mfr=3, Product=2, SerialNumber=1
[   75.562104][    T1] usb usb22: Product: Dummy host controller
[   75.562334][    T1] usb usb22: Manufacturer: Linux 6.18.0-rc1-next-20251014 dummy_hcd
[   75.562589][    T1] usb usb22: SerialNumber: dummy_hcd.21
[   75.599076][    T1] hub 22-0:1.0: USB hub found
[   75.600649][    T1] hub 22-0:1.0: 1 port detected
[   75.636860][    T1] dummy_hcd dummy_hcd.22: USB Host+Gadget Emulator, driver 02 May 2005
[   75.637436][    T1] dummy_hcd dummy_hcd.22: Dummy host controller
[   75.642570][    T1] dummy_hcd dummy_hcd.22: new USB bus registered, assigned bus number 23
[   75.656721][    T1] usb usb23: New USB device found, idVendor=1d6b, idProduct=0002, bcdDevice= 6.18
[   75.657134][    T1] usb usb23: New USB device strings: Mfr=3, Product=2, SerialNumber=1
[   75.657429][    T1] usb usb23: Product: Dummy host controller
[   75.657660][    T1] usb usb23: Manufacturer: Linux 6.18.0-rc1-next-20251014 dummy_hcd
[   75.657925][    T1] usb usb23: SerialNumber: dummy_hcd.22
[   75.680200][    T1] hub 23-0:1.0: USB hub found
[   75.681805][    T1] hub 23-0:1.0: 1 port detected
[   75.712266][    T1] dummy_hcd dummy_hcd.23: USB Host+Gadget Emulator, driver 02 May 2005
[   75.713575][    T1] dummy_hcd dummy_hcd.23: Dummy host controller
[   75.731692][    T1] dummy_hcd dummy_hcd.23: new USB bus registered, assigned bus number 24
[   75.742142][    T1] usb usb24: New USB device found, idVendor=1d6b, idProduct=0002, bcdDevice= 6.18
[   75.742532][    T1] usb usb24: New USB device strings: Mfr=3, Product=2, SerialNumber=1
[   75.742826][    T1] usb usb24: Product: Dummy host controller
[   75.744360][    T1] usb usb24: Manufacturer: Linux 6.18.0-rc1-next-20251014 dummy_hcd
[   75.744660][    T1] usb usb24: SerialNumber: dummy_hcd.23
[   75.770672][    T1] hub 24-0:1.0: USB hub found
[   75.780141][    T1] hub 24-0:1.0: 1 port detected
[   75.810055][    T1] dummy_hcd dummy_hcd.24: USB Host+Gadget Emulator, driver 02 May 2005
[   75.810618][    T1] dummy_hcd dummy_hcd.24: Dummy host controller
[   75.823408][    T1] dummy_hcd dummy_hcd.24: new USB bus registered, assigned bus number 25
[   75.830195][    T1] usb usb25: New USB device found, idVendor=1d6b, idProduct=0002, bcdDevice= 6.18
[   75.830571][    T1] usb usb25: New USB device strings: Mfr=3, Product=2, SerialNumber=1
[   75.830873][    T1] usb usb25: Product: Dummy host controller
[   75.831108][    T1] usb usb25: Manufacturer: Linux 6.18.0-rc1-next-20251014 dummy_hcd
[   75.831368][    T1] usb usb25: SerialNumber: dummy_hcd.24
[   75.859647][    T1] hub 25-0:1.0: USB hub found
[   75.861291][    T1] hub 25-0:1.0: 1 port detected
[   75.891711][    T1] dummy_hcd dummy_hcd.25: USB Host+Gadget Emulator, driver 02 May 2005
[   75.892332][    T1] dummy_hcd dummy_hcd.25: Dummy host controller
[   75.911220][    T1] dummy_hcd dummy_hcd.25: new USB bus registered, assigned bus number 26
[   75.923538][    T1] usb usb26: New USB device found, idVendor=1d6b, idProduct=0002, bcdDevice= 6.18
[   75.923951][    T1] usb usb26: New USB device strings: Mfr=3, Product=2, SerialNumber=1
[   75.924245][    T1] usb usb26: Product: Dummy host controller
[   75.924477][    T1] usb usb26: Manufacturer: Linux 6.18.0-rc1-next-20251014 dummy_hcd
[   75.924736][    T1] usb usb26: SerialNumber: dummy_hcd.25
[   75.951767][    T1] hub 26-0:1.0: USB hub found
[   75.953369][    T1] hub 26-0:1.0: 1 port detected
[   75.983338][    T1] dummy_hcd dummy_hcd.26: USB Host+Gadget Emulator, driver 02 May 2005
[   75.993674][    T1] dummy_hcd dummy_hcd.26: Dummy host controller
[   75.999957][    T1] dummy_hcd dummy_hcd.26: new USB bus registered, assigned bus number 27
[   76.011295][    T1] usb usb27: New USB device found, idVendor=1d6b, idProduct=0002, bcdDevice= 6.18
[   76.011704][    T1] usb usb27: New USB device strings: Mfr=3, Product=2, SerialNumber=1
[   76.012008][    T1] usb usb27: Product: Dummy host controller
[   76.012238][    T1] usb usb27: Manufacturer: Linux 6.18.0-rc1-next-20251014 dummy_hcd
[   76.012496][    T1] usb usb27: SerialNumber: dummy_hcd.26
[   76.031584][    T1] hub 27-0:1.0: USB hub found
[   76.033173][    T1] hub 27-0:1.0: 1 port detected
[   76.071064][    T1] dummy_hcd dummy_hcd.27: USB Host+Gadget Emulator, driver 02 May 2005
[   76.071663][    T1] dummy_hcd dummy_hcd.27: Dummy host controller
[   76.088008][    T1] dummy_hcd dummy_hcd.27: new USB bus registered, assigned bus number 28
[   76.101019][    T1] usb usb28: New USB device found, idVendor=1d6b, idProduct=0002, bcdDevice= 6.18
[   76.101440][    T1] usb usb28: New USB device strings: Mfr=3, Product=2, SerialNumber=1
[   76.101736][    T1] usb usb28: Product: Dummy host controller
[   76.101975][    T1] usb usb28: Manufacturer: Linux 6.18.0-rc1-next-20251014 dummy_hcd
[   76.102237][    T1] usb usb28: SerialNumber: dummy_hcd.27
[   76.132479][    T1] hub 28-0:1.0: USB hub found
[   76.134123][    T1] hub 28-0:1.0: 1 port detected
[   76.166464][    T1] dummy_hcd dummy_hcd.28: USB Host+Gadget Emulator, driver 02 May 2005
[   76.167160][    T1] dummy_hcd dummy_hcd.28: Dummy host controller
[   76.175583][    T1] dummy_hcd dummy_hcd.28: new USB bus registered, assigned bus number 29
[   76.182225][    T1] usb usb29: New USB device found, idVendor=1d6b, idProduct=0002, bcdDevice= 6.18
[   76.182592][    T1] usb usb29: New USB device strings: Mfr=3, Product=2, SerialNumber=1
[   76.191531][    T1] usb usb29: Product: Dummy host controller
[   76.195771][    T1] usb usb29: Manufacturer: Linux 6.18.0-rc1-next-20251014 dummy_hcd
[   76.196071][    T1] usb usb29: SerialNumber: dummy_hcd.28
[   76.220452][    T1] hub 29-0:1.0: USB hub found
[   76.222172][    T1] hub 29-0:1.0: 1 port detected
[   76.260742][    T1] dummy_hcd dummy_hcd.29: USB Host+Gadget Emulator, driver 02 May 2005
[   76.261468][    T1] dummy_hcd dummy_hcd.29: Dummy host controller
[   76.278246][    T1] dummy_hcd dummy_hcd.29: new USB bus registered, assigned bus number 30
[   76.291585][    T1] usb usb30: New USB device found, idVendor=1d6b, idProduct=0002, bcdDevice= 6.18
[   76.292009][    T1] usb usb30: New USB device strings: Mfr=3, Product=2, SerialNumber=1
[   76.292306][    T1] usb usb30: Product: Dummy host controller
[   76.292537][    T1] usb usb30: Manufacturer: Linux 6.18.0-rc1-next-20251014 dummy_hcd
[   76.292795][    T1] usb usb30: SerialNumber: dummy_hcd.29
[   76.313189][    T1] hub 30-0:1.0: USB hub found
[   76.322140][    T1] hub 30-0:1.0: 1 port detected
[   76.358989][    T1] dummy_hcd dummy_hcd.30: USB Host+Gadget Emulator, driver 02 May 2005
[   76.359782][    T1] dummy_hcd dummy_hcd.30: Dummy host controller
[   76.366281][    T1] dummy_hcd dummy_hcd.30: new USB bus registered, assigned bus number 31
[   76.373703][    T1] usb usb31: New USB device found, idVendor=1d6b, idProduct=0002, bcdDevice= 6.18
[   76.378248][    T1] usb usb31: New USB device strings: Mfr=3, Product=2, SerialNumber=1
[   76.378576][    T1] usb usb31: Product: Dummy host controller
[   76.378822][    T1] usb usb31: Manufacturer: Linux 6.18.0-rc1-next-20251014 dummy_hcd
[   76.379359][    T1] usb usb31: SerialNumber: dummy_hcd.30
[   76.414612][    T1] hub 31-0:1.0: USB hub found
[   76.425577][    T1] hub 31-0:1.0: 1 port detected
[   76.450912][    T1] dummy_hcd dummy_hcd.31: USB Host+Gadget Emulator, driver 02 May 2005
[   76.451801][    T1] dummy_hcd dummy_hcd.31: Dummy host controller
[   76.466296][    T1] dummy_hcd dummy_hcd.31: new USB bus registered, assigned bus number 32
[   76.473547][    T1] usb usb32: New USB device found, idVendor=1d6b, idProduct=0002, bcdDevice= 6.18
[   76.473547][    T1] usb usb32: New USB device strings: Mfr=3, Product=2, SerialNumber=1
[   76.480686][    T1] usb usb32: Product: Dummy host controller
[   76.480982][    T1] usb usb32: Manufacturer: Linux 6.18.0-rc1-next-20251014 dummy_hcd
[   76.481258][    T1] usb usb32: SerialNumber: dummy_hcd.31
[   76.508162][    T1] hub 32-0:1.0: USB hub found
[   76.509773][    T1] hub 32-0:1.0: 1 port detected
[   77.460739][    T1] SPI driver max3420-udc has no spi_device_id for maxim,max3421-udc
[   77.469446][    T1] gadgetfs: USB Gadget filesystem, version 24 Aug 2004
[   77.509409][    T1] vhci_hcd vhci_hcd.0: USB/IP Virtual Host Controller
[   77.523558][    T1] vhci_hcd vhci_hcd.0: new USB bus registered, assigned bus number 33
[   77.536757][    T1] vhci_hcd vhci_hcd.0: created sysfs vhci_hcd.0
[   77.542929][    T1] usb usb33: New USB device found, idVendor=1d6b, idProduct=0002, bcdDevice= 6.18
[   77.542929][    T1] usb usb33: New USB device strings: Mfr=3, Product=2, SerialNumber=1
[   77.542929][    T1] usb usb33: Product: USB/IP Virtual Host Controller
[   77.546841][    T1] usb usb33: Manufacturer: Linux 6.18.0-rc1-next-20251014 vhci_hcd
[   77.547150][    T1] usb usb33: SerialNumber: vhci_hcd.0
[   77.571854][    T1] hub 33-0:1.0: USB hub found
[   77.580319][    T1] hub 33-0:1.0: 8 ports detected
[   77.651240][    T1] vhci_hcd vhci_hcd.0: USB/IP Virtual Host Controller
[   77.660494][    T1] vhci_hcd vhci_hcd.0: new USB bus registered, assigned bus number 34
[   77.670090][    T1] usb usb34: We don't know the algorithms for LPM for this host, disabling LPM.
[   77.678459][    T1] usb usb34: New USB device found, idVendor=1d6b, idProduct=0003, bcdDevice= 6.18
[   77.678846][    T1] usb usb34: New USB device strings: Mfr=3, Product=2, SerialNumber=1
[   77.679154][    T1] usb usb34: Product: USB/IP Virtual Host Controller
[   77.679402][    T1] usb usb34: Manufacturer: Linux 6.18.0-rc1-next-20251014 vhci_hcd
[   77.679662][    T1] usb usb34: SerialNumber: vhci_hcd.0
[   77.700954][    T1] hub 34-0:1.0: USB hub found
[   77.702745][    T1] hub 34-0:1.0: 8 ports detected
[   77.771250][    T1] vhci_hcd vhci_hcd.1: USB/IP Virtual Host Controller
[   77.802557][    T1] vhci_hcd vhci_hcd.1: new USB bus registered, assigned bus number 35
[   77.812304][    T1] usb usb35: New USB device found, idVendor=1d6b, idProduct=0002, bcdDevice= 6.18
[   77.812713][    T1] usb usb35: New USB device strings: Mfr=3, Product=2, SerialNumber=1
[   77.813021][    T1] usb usb35: Product: USB/IP Virtual Host Controller
[   77.813271][    T1] usb usb35: Manufacturer: Linux 6.18.0-rc1-next-20251014 vhci_hcd
[   77.813531][    T1] usb usb35: SerialNumber: vhci_hcd.1
[   77.841610][    T1] hub 35-0:1.0: USB hub found
[   77.848202][    T1] hub 35-0:1.0: 8 ports detected
[   77.912199][    T1] vhci_hcd vhci_hcd.1: USB/IP Virtual Host Controller
[   77.924672][    T1] vhci_hcd vhci_hcd.1: new USB bus registered, assigned bus number 36
[   77.928677][    T1] usb usb36: We don't know the algorithms for LPM for this host, disabling LPM.
[   77.938251][    T1] usb usb36: New USB device found, idVendor=1d6b, idProduct=0003, bcdDevice= 6.18
[   77.938646][    T1] usb usb36: New USB device strings: Mfr=3, Product=2, SerialNumber=1
[   77.938953][    T1] usb usb36: Product: USB/IP Virtual Host Controller
[   77.939198][    T1] usb usb36: Manufacturer: Linux 6.18.0-rc1-next-20251014 vhci_hcd
[   77.939459][    T1] usb usb36: SerialNumber: vhci_hcd.1
[   77.966707][    T1] hub 36-0:1.0: USB hub found
[   77.968409][    T1] hub 36-0:1.0: 8 ports detected
[   78.061065][    T1] vhci_hcd vhci_hcd.2: USB/IP Virtual Host Controller
[   78.071370][    T1] vhci_hcd vhci_hcd.2: new USB bus registered, assigned bus number 37
[   78.089274][    T1] usb usb37: New USB device found, idVendor=1d6b, idProduct=0002, bcdDevice= 6.18
[   78.089712][    T1] usb usb37: New USB device strings: Mfr=3, Product=2, SerialNumber=1
[   78.090034][    T1] usb usb37: Product: USB/IP Virtual Host Controller
[   78.090284][    T1] usb usb37: Manufacturer: Linux 6.18.0-rc1-next-20251014 vhci_hcd
[   78.090546][    T1] usb usb37: SerialNumber: vhci_hcd.2
[   78.117596][    T1] hub 37-0:1.0: USB hub found
[   78.119242][    T1] hub 37-0:1.0: 8 ports detected
[   78.194663][    T1] vhci_hcd vhci_hcd.2: USB/IP Virtual Host Controller
[   78.204423][    T1] vhci_hcd vhci_hcd.2: new USB bus registered, assigned bus number 38
[   78.207252][    T1] usb usb38: We don't know the algorithms for LPM for this host, disabling LPM.
[   78.212609][    T1] usb usb38: New USB device found, idVendor=1d6b, idProduct=0003, bcdDevice= 6.18
[   78.212976][    T1] usb usb38: New USB device strings: Mfr=3, Product=2, SerialNumber=1
[   78.213269][    T1] usb usb38: Product: USB/IP Virtual Host Controller
[   78.213419][    T1] usb usb38: Manufacturer: Linux 6.18.0-rc1-next-20251014 vhci_hcd
[   78.218347][    T1] usb usb38: SerialNumber: vhci_hcd.2
[   78.239777][    T1] hub 38-0:1.0: USB hub found
[   78.242875][    T1] hub 38-0:1.0: 8 ports detected
[   78.344909][    T1] vhci_hcd vhci_hcd.3: USB/IP Virtual Host Controller
[   78.350850][    T1] vhci_hcd vhci_hcd.3: new USB bus registered, assigned bus number 39
[   78.361942][    T1] usb usb39: New USB device found, idVendor=1d6b, idProduct=0002, bcdDevice= 6.18
[   78.362351][    T1] usb usb39: New USB device strings: Mfr=3, Product=2, SerialNumber=1
[   78.364054][    T1] usb usb39: Product: USB/IP Virtual Host Controller
[   78.364336][    T1] usb usb39: Manufacturer: Linux 6.18.0-rc1-next-20251014 vhci_hcd
[   78.365067][    T1] usb usb39: SerialNumber: vhci_hcd.3
[   78.393521][    T1] hub 39-0:1.0: USB hub found
[   78.398195][    T1] hub 39-0:1.0: 8 ports detected
[   78.470873][    T1] vhci_hcd vhci_hcd.3: USB/IP Virtual Host Controller
[   78.486301][    T1] vhci_hcd vhci_hcd.3: new USB bus registered, assigned bus number 40
[   78.490089][    T1] usb usb40: We don't know the algorithms for LPM for this host, disabling LPM.
[   78.499119][    T1] usb usb40: New USB device found, idVendor=1d6b, idProduct=0003, bcdDevice= 6.18
[   78.499509][    T1] usb usb40: New USB device strings: Mfr=3, Product=2, SerialNumber=1
[   78.499807][    T1] usb usb40: Product: USB/IP Virtual Host Controller
[   78.500072][    T1] usb usb40: Manufacturer: Linux 6.18.0-rc1-next-20251014 vhci_hcd
[   78.500331][    T1] usb usb40: SerialNumber: vhci_hcd.3
[   78.522485][    T1] hub 40-0:1.0: USB hub found
[   78.533037][    T1] hub 40-0:1.0: 8 ports detected
[   78.616668][    T1] vhci_hcd vhci_hcd.4: USB/IP Virtual Host Controller
[   78.627146][    T1] vhci_hcd vhci_hcd.4: new USB bus registered, assigned bus number 41
[   78.639391][    T1] usb usb41: New USB device found, idVendor=1d6b, idProduct=0002, bcdDevice= 6.18
[   78.639811][    T1] usb usb41: New USB device strings: Mfr=3, Product=2, SerialNumber=1
[   78.640124][    T1] usb usb41: Product: USB/IP Virtual Host Controller
[   78.640373][    T1] usb usb41: Manufacturer: Linux 6.18.0-rc1-next-20251014 vhci_hcd
[   78.640634][    T1] usb usb41: SerialNumber: vhci_hcd.4
[   78.668167][    T1] hub 41-0:1.0: USB hub found
[   78.676830][    T1] hub 41-0:1.0: 8 ports detected
[   78.746637][    T1] vhci_hcd vhci_hcd.4: USB/IP Virtual Host Controller
[   78.752882][    T1] vhci_hcd vhci_hcd.4: new USB bus registered, assigned bus number 42
[   78.759351][    T1] usb usb42: We don't know the algorithms for LPM for this host, disabling LPM.
[   78.765345][    T1] usb usb42: New USB device found, idVendor=1d6b, idProduct=0003, bcdDevice= 6.18
[   78.765716][    T1] usb usb42: New USB device strings: Mfr=3, Product=2, SerialNumber=1
[   78.766016][    T1] usb usb42: Product: USB/IP Virtual Host Controller
[   78.766265][    T1] usb usb42: Manufacturer: Linux 6.18.0-rc1-next-20251014 vhci_hcd
[   78.766519][    T1] usb usb42: SerialNumber: vhci_hcd.4
[   78.795484][    T1] hub 42-0:1.0: USB hub found
[   78.797145][    T1] hub 42-0:1.0: 8 ports detected
[   78.883045][    T1] vhci_hcd vhci_hcd.5: USB/IP Virtual Host Controller
[   78.897919][    T1] vhci_hcd vhci_hcd.5: new USB bus registered, assigned bus number 43
[   78.908525][    T1] usb usb43: New USB device found, idVendor=1d6b, idProduct=0002, bcdDevice= 6.18
[   78.908948][    T1] usb usb43: New USB device strings: Mfr=3, Product=2, SerialNumber=1
[   78.909266][    T1] usb usb43: Product: USB/IP Virtual Host Controller
[   78.909523][    T1] usb usb43: Manufacturer: Linux 6.18.0-rc1-next-20251014 vhci_hcd
[   78.909785][    T1] usb usb43: SerialNumber: vhci_hcd.5
[   78.938656][    T1] hub 43-0:1.0: USB hub found
[   78.940302][    T1] hub 43-0:1.0: 8 ports detected
[   79.009000][    T1] vhci_hcd vhci_hcd.5: USB/IP Virtual Host Controller
[   79.016605][    T1] vhci_hcd vhci_hcd.5: new USB bus registered, assigned bus number 44
[   79.019601][    T1] usb usb44: We don't know the algorithms for LPM for this host, disabling LPM.
[   79.033251][    T1] usb usb44: New USB device found, idVendor=1d6b, idProduct=0003, bcdDevice= 6.18
[   79.033973][    T1] usb usb44: New USB device strings: Mfr=3, Product=2, SerialNumber=1
[   79.034286][    T1] usb usb44: Product: USB/IP Virtual Host Controller
[   79.034542][    T1] usb usb44: Manufacturer: Linux 6.18.0-rc1-next-20251014 vhci_hcd
[   79.034804][    T1] usb usb44: SerialNumber: vhci_hcd.5
[   79.059413][    T1] hub 44-0:1.0: USB hub found
[   79.063024][    T1] hub 44-0:1.0: 8 ports detected
[   79.162730][    T1] vhci_hcd vhci_hcd.6: USB/IP Virtual Host Controller
[   79.179187][    T1] vhci_hcd vhci_hcd.6: new USB bus registered, assigned bus number 45
[   79.188892][    T1] usb usb45: New USB device found, idVendor=1d6b, idProduct=0002, bcdDevice= 6.18
[   79.189285][    T1] usb usb45: New USB device strings: Mfr=3, Product=2, SerialNumber=1
[   79.189586][    T1] usb usb45: Product: USB/IP Virtual Host Controller
[   79.189831][    T1] usb usb45: Manufacturer: Linux 6.18.0-rc1-next-20251014 vhci_hcd
[   79.190101][    T1] usb usb45: SerialNumber: vhci_hcd.6
[   79.227749][    T1] hub 45-0:1.0: USB hub found
[   79.229693][    T1] hub 45-0:1.0: 8 ports detected
[   79.300348][    T1] vhci_hcd vhci_hcd.6: USB/IP Virtual Host Controller
[   79.311240][    T1] vhci_hcd vhci_hcd.6: new USB bus registered, assigned bus number 46
[   79.319283][    T1] usb usb46: We don't know the algorithms for LPM for this host, disabling LPM.
[   79.327944][    T1] usb usb46: New USB device found, idVendor=1d6b, idProduct=0003, bcdDevice= 6.18
[   79.328328][    T1] usb usb46: New USB device strings: Mfr=3, Product=2, SerialNumber=1
[   79.328629][    T1] usb usb46: Product: USB/IP Virtual Host Controller
[   79.328883][    T1] usb usb46: Manufacturer: Linux 6.18.0-rc1-next-20251014 vhci_hcd
[   79.329144][    T1] usb usb46: SerialNumber: vhci_hcd.6
[   79.359954][    T1] hub 46-0:1.0: USB hub found
[   79.361641][    T1] hub 46-0:1.0: 8 ports detected
[   79.448220][    T1] vhci_hcd vhci_hcd.7: USB/IP Virtual Host Controller
[   79.457189][    T1] vhci_hcd vhci_hcd.7: new USB bus registered, assigned bus number 47
[   79.470200][    T1] usb usb47: New USB device found, idVendor=1d6b, idProduct=0002, bcdDevice= 6.18
[   79.470618][    T1] usb usb47: New USB device strings: Mfr=3, Product=2, SerialNumber=1
[   79.470928][    T1] usb usb47: Product: USB/IP Virtual Host Controller
[   79.471178][    T1] usb usb47: Manufacturer: Linux 6.18.0-rc1-next-20251014 vhci_hcd
[   79.471435][    T1] usb usb47: SerialNumber: vhci_hcd.7
[   79.501826][    T1] hub 47-0:1.0: USB hub found
[   79.509522][    T1] hub 47-0:1.0: 8 ports detected
[   79.570855][    T1] vhci_hcd vhci_hcd.7: USB/IP Virtual Host Controller
[   79.587620][    T1] vhci_hcd vhci_hcd.7: new USB bus registered, assigned bus number 48
[   79.591592][    T1] usb usb48: We don't know the algorithms for LPM for this host, disabling LPM.
[   79.600204][    T1] usb usb48: New USB device found, idVendor=1d6b, idProduct=0003, bcdDevice= 6.18
[   79.600587][    T1] usb usb48: New USB device strings: Mfr=3, Product=2, SerialNumber=1
[   79.600892][    T1] usb usb48: Product: USB/IP Virtual Host Controller
[   79.601138][    T1] usb usb48: Manufacturer: Linux 6.18.0-rc1-next-20251014 vhci_hcd
[   79.601398][    T1] usb usb48: SerialNumber: vhci_hcd.7
[   79.626582][    T1] hub 48-0:1.0: USB hub found
[   79.628221][    T1] hub 48-0:1.0: 8 ports detected
[   79.724881][    T1] vhci_hcd vhci_hcd.8: USB/IP Virtual Host Controller
[   79.733113][    T1] vhci_hcd vhci_hcd.8: new USB bus registered, assigned bus number 49
[   79.745176][    T1] usb usb49: New USB device found, idVendor=1d6b, idProduct=0002, bcdDevice= 6.18
[   79.745601][    T1] usb usb49: New USB device strings: Mfr=3, Product=2, SerialNumber=1
[   79.745922][    T1] usb usb49: Product: USB/IP Virtual Host Controller
[   79.746173][    T1] usb usb49: Manufacturer: Linux 6.18.0-rc1-next-20251014 vhci_hcd
[   79.746434][    T1] usb usb49: SerialNumber: vhci_hcd.8
[   79.769552][    T1] hub 49-0:1.0: USB hub found
[   79.780092][    T1] hub 49-0:1.0: 8 ports detected
[   79.855320][    T1] vhci_hcd vhci_hcd.8: USB/IP Virtual Host Controller
[   79.861606][    T1] vhci_hcd vhci_hcd.8: new USB bus registered, assigned bus number 50
[   79.869739][    T1] usb usb50: We don't know the algorithms for LPM for this host, disabling LPM.
[   79.877640][    T1] usb usb50: New USB device found, idVendor=1d6b, idProduct=0003, bcdDevice= 6.18
[   79.878033][    T1] usb usb50: New USB device strings: Mfr=3, Product=2, SerialNumber=1
[   79.878330][    T1] usb usb50: Product: USB/IP Virtual Host Controller
[   79.878577][    T1] usb usb50: Manufacturer: Linux 6.18.0-rc1-next-20251014 vhci_hcd
[   79.878836][    T1] usb usb50: SerialNumber: vhci_hcd.8
[   79.900584][    T1] hub 50-0:1.0: USB hub found
[   79.902184][    T1] hub 50-0:1.0: 8 ports detected
[   80.000611][    T1] vhci_hcd vhci_hcd.9: USB/IP Virtual Host Controller
[   80.008566][    T1] vhci_hcd vhci_hcd.9: new USB bus registered, assigned bus number 51
[   80.019946][    T1] usb usb51: New USB device found, idVendor=1d6b, idProduct=0002, bcdDevice= 6.18
[   80.020352][    T1] usb usb51: New USB device strings: Mfr=3, Product=2, SerialNumber=1
[   80.020652][    T1] usb usb51: Product: USB/IP Virtual Host Controller
[   80.020910][    T1] usb usb51: Manufacturer: Linux 6.18.0-rc1-next-20251014 vhci_hcd
[   80.021172][    T1] usb usb51: SerialNumber: vhci_hcd.9
[   80.042906][    T1] hub 51-0:1.0: USB hub found
[   80.052332][    T1] hub 51-0:1.0: 8 ports detected
[   80.119537][    T1] vhci_hcd vhci_hcd.9: USB/IP Virtual Host Controller
[   80.127178][    T1] vhci_hcd vhci_hcd.9: new USB bus registered, assigned bus number 52
[   80.131141][    T1] usb usb52: We don't know the algorithms for LPM for this host, disabling LPM.
[   80.140503][    T1] usb usb52: New USB device found, idVendor=1d6b, idProduct=0003, bcdDevice= 6.18
[   80.140934][    T1] usb usb52: New USB device strings: Mfr=3, Product=2, SerialNumber=1
[   80.141236][    T1] usb usb52: Product: USB/IP Virtual Host Controller
[   80.141484][    T1] usb usb52: Manufacturer: Linux 6.18.0-rc1-next-20251014 vhci_hcd
[   80.141756][    T1] usb usb52: SerialNumber: vhci_hcd.9
[   80.173360][    T1] hub 52-0:1.0: USB hub found
[   80.177698][    T1] hub 52-0:1.0: 8 ports detected
