c[?7l[2J[0mSeaBIOS (version 1.15.0-1)


iPXE (https://ipxe.org) 00:03.0 CA00 PCI2.10 PnP PMM+3FF8B340+3FECB340 CA00
Press Ctrl-B to configure iPXE (PCI 00:03.0)...                                                                               


Booting from ROM..c[?7l[2Jearly console in extract_kernel
input_data: 0x00000000152a02a3
input_len: 0x000000000614696e
output: 0x0000000001000000
output_len: 0x0000000012a2de08
kernel_total_size: 0x000000001a428000
needed_size: 0x000000001a600000
trampoline_32bit: 0x0000000000000000

Decompressing Linux... Parsing ELF... done.
Booting the kernel (entry_offset: 0x0000000010dc8250).
[    0.000000][    T0] Linux version 6.18.0-rc1-next-20251014 (dev@237e1f3c52b1) (x86_64-linux-gnu-gcc (Ubuntu 11.4.0-1ubuntu1~22.04) 11.4.0, Ubuntu LLD 15.0.7) #1 SMP PREEMPT_DYNAMIC Wed Dec 31 07:15:12 UTC 2025
[    0.000000][    T0] Command line: "console=ttyS0 earlyprintk=serial,ttyS0 root=/dev/sda1 rw net.ifnames=0"
[    0.000000][    T0] KERNEL supported cpus:
[    0.000000][    T0]   Intel GenuineIntel
[    0.000000][    T0]   AMD AuthenticAMD
[    0.000000][    T0] BIOS-provided physical RAM map:
[    0.000000][    T0] BIOS-e820: [mem 0x0000000000000000-0x000000000009fbff] usable
[    0.000000][    T0] BIOS-e820: [mem 0x000000000009fc00-0x000000000009ffff] reserved
[    0.000000][    T0] BIOS-e820: [mem 0x00000000000f0000-0x00000000000fffff] reserved
[    0.000000][    T0] BIOS-e820: [mem 0x0000000000100000-0x000000003ffdffff] usable
[    0.000000][    T0] BIOS-e820: [mem 0x000000003ffe0000-0x000000003fffffff] reserved
[    0.000000][    T0] BIOS-e820: [mem 0x00000000fffc0000-0x00000000ffffffff] reserved
[    0.000000][    T0] printk: legacy bootconsole [earlyser0] enabled
[    0.000000][    T0] ERROR: earlyprintk= earlyser already used
[    0.000000][    T0] ERROR: earlyprintk= earlyser already used
[    0.000000][    T0] ERROR: earlyprintk= earlyser already used
[    0.000000][    T0] Hash pointers mode set to never.
[    0.000000][    T0] Malformed early option 'vsyscall'
[    0.000000][    T0] NX (Execute Disable) protection: active
[    0.000000][    T0] APIC: Static calls initialized
[    0.000000][    T0] SMBIOS 2.8 present.
[    0.000000][    T0] DMI: QEMU Standard PC (i440FX + PIIX, 1996), BIOS 1.15.0-1 04/01/2014
[    0.000000][    T0] DMI: Memory slots populated: 1/1
[    0.000000][    T0] tsc: Fast TSC calibration using PIT
[    0.000000][    T0] tsc: Detected 999.996 MHz processor
[    0.070910][    T0] last_pfn = 0x3ffe0 max_arch_pfn = 0x400000000
[    0.072122][    T0] MTRR map: 4 entries (3 fixed + 1 variable; max 19), built from 8 variable MTRRs
[    0.072619][    T0] x86/PAT: Configuration [0-7]: WB  WC  UC- UC  WB  WP  UC- WT  
[    0.095867][    T0] found SMP MP-table at [mem 0x000f5ba0-0x000f5baf]
[    0.112791][    T0] ACPI: Early table checksum verification disabled
[    0.113564][    T0] ACPI: RSDP 0x00000000000F59E0 000014 (v00 BOCHS )
[    0.114334][    T0] ACPI: RSDT 0x000000003FFE1960 000034 (v01 BOCHS  BXPC     00000001 BXPC 00000001)
[    0.115707][    T0] ACPI: FACP 0x000000003FFE180C 000074 (v01 BOCHS  BXPC     00000001 BXPC 00000001)
[    0.117306][    T0] ACPI: DSDT 0x000000003FFE0040 0017CC (v01 BOCHS  BXPC     00000001 BXPC 00000001)
[    0.117866][    T0] ACPI: FACS 0x000000003FFE0000 000040
[    0.118301][    T0] ACPI: APIC 0x000000003FFE1880 000080 (v01 BOCHS  BXPC     00000001 BXPC 00000001)
[    0.118738][    T0] ACPI: HPET 0x000000003FFE1900 000038 (v01 BOCHS  BXPC     00000001 BXPC 00000001)
[    0.119160][    T0] ACPI: WAET 0x000000003FFE1938 000028 (v01 BOCHS  BXPC     00000001 BXPC 00000001)
[    0.119647][    T0] ACPI: Reserving FACP table memory at [mem 0x3ffe180c-0x3ffe187f]
[    0.119917][    T0] ACPI: Reserving DSDT table memory at [mem 0x3ffe0040-0x3ffe180b]
[    0.120155][    T0] ACPI: Reserving FACS table memory at [mem 0x3ffe0000-0x3ffe003f]
[    0.120390][    T0] ACPI: Reserving APIC table memory at [mem 0x3ffe1880-0x3ffe18ff]
[    0.120617][    T0] ACPI: Reserving HPET table memory at [mem 0x3ffe1900-0x3ffe1937]
[    0.120840][    T0] ACPI: Reserving WAET table memory at [mem 0x3ffe1938-0x3ffe195f]
[    0.130812][    T0] No NUMA configuration found
[    0.131053][    T0] Faking a node at [mem 0x0000000000000000-0x000000003ffdffff]
[    0.132195][    T0] Faking node 0 at [mem 0x0000000000001000-0x0000000020000fff] (512MB)
[    0.132589][    T0] Faking node 1 at [mem 0x0000000020001000-0x000000003ffdffff] (511MB)
[    0.137667][    T0] NODE_DATA(0) allocated [mem 0x1fffb400-0x20000fff]
[    0.138280][    T0] NODE_DATA(1) allocated [mem 0x3ffd9400-0x3ffdefff]
[    0.143450][    T0] Zone ranges:
[    0.143672][    T0]   DMA      [mem 0x0000000000001000-0x0000000000ffffff]
[    0.144042][    T0]   DMA32    [mem 0x0000000001000000-0x000000003ffdffff]
[    0.144315][    T0]   Normal   empty
[    0.144522][    T0]   Device   empty
[    0.144715][    T0] Movable zone start for each node
[    0.144909][    T0] Early memory node ranges
[    0.145087][    T0]   node   0: [mem 0x0000000000001000-0x000000000009efff]
[    0.145460][    T0]   node   0: [mem 0x0000000000100000-0x0000000020000fff]
[    0.145721][    T0]   node   1: [mem 0x0000000020001000-0x000000003ffdffff]
[    0.146108][    T0] Initmem setup node 0 [mem 0x0000000000001000-0x0000000020000fff]
[    0.147277][    T0] Initmem setup node 1 [mem 0x0000000020001000-0x000000003ffdffff]
[    0.148639][    T0] On node 0, zone DMA: 1 pages in unavailable ranges
[    0.150575][    T0] On node 0, zone DMA: 97 pages in unavailable ranges
[    0.243960][    T0] On node 1, zone DMA32: 32 pages in unavailable ranges
[    0.283291][    T0] KernelAddressSanitizer initialized (generic)
[    0.284201][    T0] ACPI: PM-Timer IO Port: 0x608
[    0.285891][    T0] ACPI: LAPIC_NMI (acpi_id[0xff] dfl dfl lint[0x1])
[    0.286934][    T0] IOAPIC[0]: apic_id 0, version 32, address 0xfec00000, GSI 0-23
[    0.287503][    T0] ACPI: INT_SRC_OVR (bus 0 bus_irq 0 global_irq 2 dfl dfl)
[    0.288194][    T0] ACPI: INT_SRC_OVR (bus 0 bus_irq 5 global_irq 5 high level)
[    0.288517][    T0] ACPI: INT_SRC_OVR (bus 0 bus_irq 9 global_irq 9 high level)
[    0.288880][    T0] ACPI: INT_SRC_OVR (bus 0 bus_irq 10 global_irq 10 high level)
[    0.289146][    T0] ACPI: INT_SRC_OVR (bus 0 bus_irq 11 global_irq 11 high level)
[    0.289846][    T0] ACPI: Using ACPI (MADT) for SMP configuration information
[    0.290222][    T0] ACPI: HPET id: 0x8086a201 base: 0xfed00000
[    0.290985][    T0] CPU topo: Max. logical packages:   1
[    0.291203][    T0] CPU topo: Max. logical dies:       1
[    0.291413][    T0] CPU topo: Max. dies per package:   1
[    0.291676][    T0] CPU topo: Max. threads per core:   1
[    0.292067][    T0] CPU topo: Num. cores per package:     2
[    0.292287][    T0] CPU topo: Num. threads per package:   2
[    0.292478][    T0] CPU topo: Allowing 2 present CPUs plus 0 hotplug CPUs
[    0.294395][    T0] PM: hibernation: Registered nosave memory: [mem 0x00000000-0x00000fff]
[    0.294773][    T0] PM: hibernation: Registered nosave memory: [mem 0x0009f000-0x000fffff]
[    0.295214][    T0] [mem 0x40000000-0xfffbffff] available for PCI devices
[    0.295498][    T0] Booting paravirtualized kernel on bare hardware
[    0.296405][    T0] clocksource: refined-jiffies: mask: 0xffffffff max_cycles: 0xffffffff, max_idle_ns: 19112604462750000 ns
[    0.415248][    T0] setup_percpu: NR_CPUS:8 nr_cpumask_bits:2 nr_cpu_ids:2 nr_node_ids:2
[    0.418464][    T0] percpu: Embedded 70 pages/cpu s247752 r8192 d30776 u2097152
[    0.423652][    T0] Kernel command line: earlyprintk=serial net.ifnames=0 sysctl.kernel.hung_task_all_cpu_backtrace=1 ima_policy=tcb nf-conntrack-ftp.ports=20000 nf-conntrack-tftp.ports=20000 nf-conntrack-sip.ports=20000 nf-conntrack-irc.ports=20000 nf-conntrack-sane.ports=20000 binder.debug_mask=0 rcupdate.rcu_expedited=1 rcupdate.rcu_cpu_stall_cputime=1 no_hash_pointers page_owner=on sysctl.vm.nr_hugepages=4 sysctl.vm.nr_overcommit_hugepages=4 secretmem.enable=1 sysctl.max_rcu_stall_to_panic=1 msr.allow_writes=off coredump_filter=0xffff root=/dev/sda console=ttyS0 vsyscall=native numa=fake=2 kvm-intel.nested=1 spec_store_bypass_disable=prctl nopcid vivid.n_devs=64 vivid.multiplanar=1,2,1,2,1,2,1,2,1,2,1,2,1,2,1,2,1,2,1,2,1,2,1,2,1,2,1,2,1,2,1,2,1,2,1,2,1,2,1,2,1,2,1,2,1,2,1,2,1,2,1,2,1,2,1,2,1,2,1,2,1,2,1,2 netrom.nr_ndevs=32 rose.rose_ndevs=32 smp.csd_lock_timeout=100000 watchdog_thresh=55 workqueue.watchdog_thresh=140 sysctl.net.core.netdev_unregister_timeout_secs=140 dummy_hcd.num=32 max_loop=32 nbds_max=32 comedi.comedi
[    0.456460][    T0] Unknown kernel command line parameters "nbds_max=32", will be passed to user space.
[    0.458274][    T0] printk: log buffer data + meta data: 262144 + 917504 = 1179648 bytes
[    0.463759][    T0] Fallback order for Node 0: 0 1 
[    0.464221][    T0] Fallback order for Node 1: 1 0 
[    0.464584][    T0] Built 2 zonelists, mobility grouping on.  Total pages: 262014
[    0.465099][    T0] Policy zone: DMA32
[    0.469379][    T0] mem auto-init: stack:off, heap alloc:on, heap free:off
[    0.469649][    T0] stackdepot: allocating hash table via alloc_large_system_hash
[    0.470049][    T0] stackdepot hash table entries: 1048576 (order: 12, 16777216 bytes, linear)
[    0.475302][    T0] stackdepot: allocating space for 8192 stack pools via memblock
[    0.704435][    T0] **********************************************************
[    0.704846][    T0] **   NOTICE NOTICE NOTICE NOTICE NOTICE NOTICE NOTICE   **
[    0.705084][    T0] **                                                      **
[    0.705321][    T0] ** This system shows unhashed kernel memory addresses   **
[    0.705536][    T0] ** via the console, logs, and other interfaces. This    **
[    0.705742][    T0] ** might reduce the security of your system.            **
[    0.705951][    T0] **                                                      **
[    0.706150][    T0] ** If you see this message and you are not debugging    **
[    0.706356][    T0] ** the kernel, report this immediately to your system   **
[    0.706559][    T0] ** administrator!                                       **
[    0.706755][    T0] **                                                      **
[    0.706953][    T0] ** Use hash_pointers=always to force this mode off      **
[    0.707149][    T0] **                                                      **
[    0.707350][    T0] **   NOTICE NOTICE NOTICE NOTICE NOTICE NOTICE NOTICE   **
[    0.707555][    T0] **********************************************************
[    0.719344][    T0] SLUB: HWalign=64, Order=0-3, MinObjects=0, CPUs=2, Nodes=2
[    0.768556][    T0] allocated 20971520 bytes of page_ext
[    0.778803][    T0] Node 0, zone      DMA: page owner found early allocated 1920 pages
[    0.818542][    T0] Node 0, zone    DMA32: page owner found early allocated 102 pages
[    0.844794][    T0] Node 1, zone    DMA32: page owner found early allocated 3203 pages
[    0.864255][    T0] Dynamic Preempt: full
[    0.874603][    T0] Running RCU self tests
[    0.874818][    T0] Running RCU synchronous self tests
[    0.875216][    T0] rcu: Preemptible hierarchical RCU implementation.
[    0.875437][    T0] rcu: 	RCU lockdep checking is enabled.
[    0.875635][    T0] rcu: 	RCU restricting CPUs from NR_CPUS=8 to nr_cpu_ids=2.
[    0.875875][    T0] rcu: 	RCU callback double-/use-after-free debug is enabled.
[    0.876117][    T0] rcu: 	RCU debug extended QS entry/exit.
[    0.876327][    T0] 	All grace periods are expedited (rcu_expedited).
[    0.876530][    T0] 	Trampoline variant of Tasks RCU enabled.
[    0.876707][    T0] 	Tracing variant of Tasks RCU enabled.
[    0.876943][    T0] rcu: RCU calculated value of scheduler-enlistment delay is 10 jiffies.
[    0.877187][    T0] rcu: Adjusting geometry for rcu_fanout_leaf=16, nr_cpu_ids=2
[    0.881511][    T0] Running RCU synchronous self tests
[    0.882194][    T0] RCU Tasks: Setting shift to 1 and lim to 1 rcu_task_cb_adjust=1 rcu_task_cpu_ids=2.
[    0.882539][    T0] RCU Tasks Trace: Setting shift to 1 and lim to 1 rcu_task_cb_adjust=1 rcu_task_cpu_ids=2.
[    1.802286][    T0] NR_IRQS: 4352, nr_irqs: 440, preallocated irqs: 16
[    1.825205][    T0] rcu: srcu_init: Setting srcu_struct sizes based on contention.
[    1.833531][    T0] kfence: initialized - using 2097152 bytes for 255 objects at 0xffff888037e00000-0xffff888038000000
[    1.844835][    T0] Console: colour VGA+ 80x25
[    1.848779][    T0] printk: legacy console [ttyS0] enabled
[    1.848779][    T0] printk: legacy console [ttyS0] enabled
[    1.850021][    T0] printk: legacy bootconsole [earlyser0] disabled
[    1.850021][    T0] printk: legacy bootconsole [earlyser0] disabled
[    1.851256][    T0] Lock dependency validator: Copyright (c) 2006 Red Hat, Inc., Ingo Molnar
[    1.851582][    T0] ... MAX_LOCKDEP_SUBCLASSES:  8
[    1.851807][    T0] ... MAX_LOCK_DEPTH:          48
[    1.852029][    T0] ... MAX_LOCKDEP_KEYS:        8192
[    1.852245][    T0] ... CLASSHASH_SIZE:          4096
[    1.852466][    T0] ... MAX_LOCKDEP_ENTRIES:     1048576
[    1.852681][    T0] ... MAX_LOCKDEP_CHAINS:      1048576
[    1.852892][    T0] ... CHAINHASH_SIZE:          524288
[    1.853103][    T0]  memory used by lock dependency info: 106625 kB
[    1.853338][    T0]  memory used for stack traces: 8320 kB
[    1.853551][    T0]  per task-struct memory footprint: 1920 bytes
[    1.856841][    T0] mempolicy: Enabling automatic NUMA balancing. Configure with numa_balancing= or the kernel.numa_balancing sysctl
[    1.857635][    T0] ACPI: Core revision 20250807
[    1.870679][    T0] clocksource: hpet: mask: 0xffffffff max_cycles: 0xffffffff, max_idle_ns: 19112604467 ns
[    1.880924][    T0] APIC: Switch to symmetric I/O mode setup
[    1.890648][    T0] ..TIMER: vector=0x30 apic1=0 pin1=2 apic2=-1 pin2=-1
[    1.937128][    T0] clocksource: tsc-early: mask: 0xffffffffffffffff max_cycles: 0x1cd42698240, max_idle_ns: 881590536164 ns
[    1.938735][    T0] Calibrating delay loop (skipped), value calculated using timer frequency.. 1999.99 BogoMIPS (lpj=9999960)
[    1.944676][    T0] Last level iTLB entries: 4KB 512, 2MB 255, 4MB 127
[    1.944967][    T0] Last level dTLB entries: 4KB 512, 2MB 255, 4MB 127, 1GB 0
[    1.948178][    T0] mitigations: Enabled attack vectors: user_kernel, user_user, guest_host, guest_guest, SMT mitigations: auto
[    1.949401][    T0] Spectre V2 : Mitigation: Retpolines
[    1.949865][    T0] Spectre V1 : Mitigation: usercopy/swapgs barriers and __user pointer sanitization
[    1.950279][    T0] Spectre V2 : Spectre v2 / SpectreRSB: Filling RSB on context switch and VMEXIT
[    1.952005][    T0] x86/fpu: x87 FPU will use FXSAVE
[    3.213923][    T0] Freeing SMP alternatives memory: 132K
[    3.215195][    T0] pid_max: default: 32768 minimum: 301
[    3.233824][    T0] LSM: initializing lsm=lockdown,capability,landlock,yama,safesetid,tomoyo,apparmor,bpf,ima,evm
[    3.238118][    T0] landlock: Up and running.
[    3.238365][    T0] Yama: becoming mindful.
[    3.240808][    T0] TOMOYO Linux initialized
[    3.253871][    T0] AppArmor: AppArmor initialized
[    3.266978][    T0] LSM support for eBPF active
[    3.291669][    T0] Dentry cache hash table entries: 131072 (order: 8, 1048576 bytes, vmalloc)
[    3.298018][    T0] Inode-cache hash table entries: 65536 (order: 7, 524288 bytes, vmalloc)
[    3.298634][    T0] Mount-cache hash table entries: 2048 (order: 2, 16384 bytes, vmalloc)
[    3.299521][    T0] Mountpoint-cache hash table entries: 2048 (order: 2, 16384 bytes, vmalloc)
[    3.358018][    T0] Running RCU synchronous self tests
[    3.358018][    T0] Running RCU synchronous self tests
[    3.505415][    T1] smpboot: CPU0: AMD QEMU Virtual CPU version 2.5+ (family: 0xf, model: 0x6b, stepping: 0x1)
[    3.536463][    T1] Performance Events: PMU not available due to virtualization, using software events only.
[    3.541354][    T1] signal: max sigframe size: 1440
[    3.558018][    T1] rcu: Hierarchical SRCU implementation.
[    3.558018][    T1] rcu: 	Max phase no-delay instances is 1000.
[    3.570967][    T1] Timer migration: 1 hierarchy levels; 8 children per group; 0 crossnode level
[    3.623641][    T1] NMI watchdog: Perf NMI watchdog permanently disabled
[    3.639342][    T1] smp: Bringing up secondary CPUs ...
[    3.670313][    T1] smpboot: x86: Booting SMP configuration:
[    3.670752][    T1] .... node  #1, CPUs:      #1
[    0.061446][    T0] calibrate_delay_direct() dropping min bogoMips estimate 0 = 7600625
[    0.061446][    T0] calibrate_delay_direct() dropping max bogoMips estimate 3 = 10549833
[    3.859895][    T1] smp: Brought up 2 nodes, 2 CPUs
[    3.860530][    T1] smpboot: Total of 2 processors activated (3836.24 BogoMIPS)
[    3.888926][    T1] Memory: 368600K/1048056K available (168277K kernel code, 41225K rwdata, 39496K rodata, 27048K init, 126796K bss, 651456K reserved, 0K cma-reserved)
[    3.918128][    T1] devtmpfs: initialized
[    3.937322][    T1] x86/mm: Memory block size: 128MB
[    4.174693][    T1] Running RCU synchronous self tests
[    4.175319][    T1] Running RCU synchronous self tests
[    4.180091][    T1] Running RCU Tasks wait API self tests
[    4.188838][    T1] Running RCU Tasks Trace wait API self tests
[    4.208900][    T1] clocksource: jiffies: mask: 0xffffffff max_cycles: 0xffffffff, max_idle_ns: 19112604462750000 ns
[    4.211828][    T1] posixtimers hash table entries: 1024 (order: 4, 73728 bytes, vmalloc)
[    4.218288][    T1] futex hash table entries: 256 (32768 bytes on 2 NUMA nodes, total 64 KiB, linear).
[    4.260544][    T1] PM: RTC time: 07:16:14, date: 2025-12-31
[    4.298314][   T29] Callback from call_rcu_tasks_trace() invoked.
[    4.381628][    T1] NET: Registered PF_NETLINK/PF_ROUTE protocol family
[    4.438160][    T1] audit: initializing netlink subsys (disabled)
[    4.449052][   T30] audit: type=2000 audit(1767165374.560:1): state=initialized audit_enabled=0 res=1
[    4.474308][    T1] thermal_sys: Registered thermal governor 'step_wise'
[    4.478182][    T1] cpuidle: using governor menu
[    4.480202][    T1] NET: Registered PF_QIPCRTR protocol family
[    4.529152][    T1] dca service started, version 1.12.1
[    4.531346][    T1] PCI: Using configuration type 1 for base access
[    4.552137][   T28] Callback from call_rcu_tasks() invoked.
[    4.563330][    T1] mtrr: your CPUs had inconsistent fixed MTRR settings
[    4.563675][    T1] mtrr: your CPUs had inconsistent variable MTRR settings
[    4.563926][    T1] mtrr: your CPUs had inconsistent MTRRdefType settings
[    4.564380][    T1] mtrr: probably your BIOS does not setup all CPUs.
[    4.564614][    T1] mtrr: corrected configuration.
[    4.615406][    T1] HugeTLB: registered 2.00 MiB page size, pre-allocated 0 pages
[    4.615808][    T1] HugeTLB: 28 KiB vmemmap can be freed for a 2.00 MiB page
[    4.749622][    T1] raid6: skipped pq benchmark and selected sse2x4
[    4.750182][    T1] raid6: using intx1 recovery algorithm
[    4.791223][    T1] ACPI: Added _OSI(Module Device)
[    4.791563][    T1] ACPI: Added _OSI(Processor Device)
[    4.797955][    T1] ACPI: Added _OSI(Processor Aggregator Device)
[    5.824209][    T1] ACPI: 1 ACPI AML tables successfully acquired and loaded
[    6.159194][    T1] ACPI: Interpreter enabled
[    6.163330][    T1] ACPI: PM: (supports S0 S3 S4 S5)
[    6.163732][    T1] ACPI: Using IOAPIC for interrupt routing
[    6.170289][    T1] PCI: Using host bridge windows from ACPI; if necessary, use "pci=nocrs" and report a bug
[    6.170655][    T1] PCI: Using E820 reservations for host bridge windows
[    6.203844][    T1] ACPI: Enabled 2 GPEs in block 00 to 0F
[    7.643495][    T1] ACPI: PCI Root Bridge [PCI0] (domain 0000 [bus 00-ff])
[    7.646201][    T1] acpi PNP0A03:00: _OSC: OS supports [ASPM ClockPM Segments MSI HPX-Type3]
[    7.646797][    T1] acpi PNP0A03:00: _OSC: not requesting OS control; OS requires [ExtendedConfig ASPM ClockPM MSI]
[    7.651779][    T1] acpi PNP0A03:00: fail to add MMCONFIG information, can't access extended configuration space under this bridge
[    7.687711][    T1] PCI host bridge to bus 0000:00
[    7.688407][    T1] pci_bus 0000:00: Unknown NUMA node; performance will be reduced
[    7.690588][    T1] pci_bus 0000:00: root bus resource [io  0x0000-0x0cf7 window]
[    7.691252][    T1] pci_bus 0000:00: root bus resource [io  0x0d00-0xffff window]
[    7.691610][    T1] pci_bus 0000:00: root bus resource [mem 0x000a0000-0x000bffff window]
[    7.698359][    T1] pci_bus 0000:00: root bus resource [mem 0x40000000-0xfebfffff window]
[    7.698753][    T1] pci_bus 0000:00: root bus resource [mem 0x100000000-0x17fffffff window]
[    7.699431][    T1] pci_bus 0000:00: root bus resource [bus 00-ff]
[    7.709733][    T1] pci 0000:00:00.0: [8086:1237] type 00 class 0x060000 conventional PCI endpoint
[    8.104409][    T1] pci 0000:00:01.0: [8086:7000] type 00 class 0x060100 conventional PCI endpoint
[    8.141180][    T1] pci 0000:00:01.1: [8086:7010] type 00 class 0x010180 conventional PCI endpoint
[    8.148768][    T1] pci 0000:00:01.1: BAR 4 [io  0xc040-0xc04f]
[    8.149228][    T1] pci 0000:00:01.1: BAR 0 [io  0x01f0-0x01f7]: legacy IDE quirk
[    8.149553][    T1] pci 0000:00:01.1: BAR 1 [io  0x03f6]: legacy IDE quirk
[    8.149856][    T1] pci 0000:00:01.1: BAR 2 [io  0x0170-0x0177]: legacy IDE quirk
[    8.150168][    T1] pci 0000:00:01.1: BAR 3 [io  0x0376]: legacy IDE quirk
[    8.178761][    T1] pci 0000:00:01.3: [8086:7113] type 00 class 0x068000 conventional PCI endpoint
[    8.180457][    T1] pci 0000:00:01.3: quirk: [io  0x0600-0x063f] claimed by PIIX4 ACPI
[    8.180843][    T1] pci 0000:00:01.3: quirk: [io  0x0700-0x070f] claimed by PIIX4 SMB
[    8.202219][    T1] pci 0000:00:02.0: [1234:1111] type 00 class 0x030000 conventional PCI endpoint
[    8.203380][    T1] pci 0000:00:02.0: BAR 0 [mem 0xfd000000-0xfdffffff pref]
[    8.203850][    T1] pci 0000:00:02.0: BAR 2 [mem 0xfebb0000-0xfebb0fff]
[    8.204172][    T1] pci 0000:00:02.0: ROM [mem 0xfeba0000-0xfebaffff pref]
[    8.206797][    T1] pci 0000:00:02.0: Video device with shadowed ROM at [mem 0x000c0000-0x000dffff]
[    8.501249][    T1] pci 0000:00:03.0: [8086:100e] type 00 class 0x020000 conventional PCI endpoint
[    8.502543][    T1] pci 0000:00:03.0: BAR 0 [mem 0xfeb80000-0xfeb9ffff]
[    8.502943][    T1] pci 0000:00:03.0: BAR 1 [io  0xc000-0xc03f]
[    8.503254][    T1] pci 0000:00:03.0: ROM [mem 0xfeb00000-0xfeb7ffff pref]
[    9.021845][    T1] ACPI: PCI: Interrupt link LNKA configured for IRQ 10
[    9.059468][    T1] ACPI: PCI: Interrupt link LNKB configured for IRQ 10
[    9.093639][    T1] ACPI: PCI: Interrupt link LNKC configured for IRQ 11
[    9.131612][    T1] ACPI: PCI: Interrupt link LNKD configured for IRQ 11
[    9.151672][    T1] ACPI: PCI: Interrupt link LNKS configured for IRQ 9
[    9.228534][    T1] iommu: Default domain type: Translated
[    9.228966][    T1] iommu: DMA domain TLB invalidation policy: lazy mode
[    9.301269][    T1] SCSI subsystem initialized
[    9.340434][    T1] ACPI: bus type USB registered
[    9.351251][    T1] usbcore: registered new interface driver usbfs
[    9.354479][    T1] usbcore: registered new interface driver hub
[    9.356211][    T1] usbcore: registered new device driver usb
[    9.370981][    T1] mc: Linux media interface: v0.10
[    9.372644][    T1] videodev: Linux video capture interface: v2.00
[    9.378555][    T1] pps_core: LinuxPPS API ver. 1 registered
[    9.378833][    T1] pps_core: Software ver. 5.3.6 - Copyright 2005-2007 Rodolfo Giometti <giometti@linux.it>
[    9.379650][    T1] PTP clock support registered
[    9.402607][    T1] EDAC MC: Ver: 3.0.0
[    9.468787][    T1] Advanced Linux Sound Architecture Driver Initialized.
[    9.600439][    T1] Bluetooth: Core ver 2.22
[    9.608394][    T1] NET: Registered PF_BLUETOOTH protocol family
[    9.608686][    T1] Bluetooth: HCI device and connection manager initialized
[    9.609361][    T1] Bluetooth: HCI socket layer initialized
[    9.609734][    T1] Bluetooth: L2CAP socket layer initialized
[    9.610734][    T1] Bluetooth: SCO socket layer initialized
[    9.611536][    T1] NET: Registered PF_ATMPVC protocol family
[    9.618077][    T1] NET: Registered PF_ATMSVC protocol family
[    9.620363][    T1] NetLabel: Initializing
[    9.620591][    T1] NetLabel:  domain hash size = 128
[    9.620796][    T1] NetLabel:  protocols = UNLABELED CIPSOv4 CALIPSO
[    9.630813][    T1] NetLabel:  unlabeled traffic allowed by default
[    9.669137][    T1] nfc: nfc_init: NFC Core ver 0.1
[    9.671551][    T1] NET: Registered PF_NFC protocol family
[    9.672885][    T1] mctp: management component transport protocol core
[    9.673181][    T1] NET: Registered PF_MCTP protocol family
[    9.689183][    T1] PCI: Using ACPI for IRQ routing
[    9.749822][    T1] pci 0000:00:02.0: vgaarb: setting as boot VGA device
[    9.750381][    T1] pci 0000:00:02.0: vgaarb: bridge control possible
[    9.757120][    T1] pci 0000:00:02.0: vgaarb: VGA device added: decodes=io+mem,owns=io+mem,locks=none
[    9.768231][    T1] vgaarb: loaded
[    9.910844][    T1] hpet: 3 channels of 0 reserved for per-cpu timers
[    9.911007][    T1] hpet0: at MMIO 0xfed00000, IRQs 2, 8, 0
[    9.911603][    T1] hpet0: 3 comparators, 64-bit 100.000000 MHz counter
[    9.927992][    T1] clocksource: Switched to clocksource tsc-early
[    9.980148][    T1] VFS: Disk quotas dquot_6.6.0
[    9.981182][    T1] VFS: Dquot-cache hash table entries: 512 (order 0, 4096 bytes)
[   10.031928][    T1] netfs: FS-Cache loaded
[   10.051811][    T1] CacheFiles: Loaded
[   10.066961][    T1] TOMOYO: 2.6.0
[   10.067404][    T1] Mandatory Access Control activated.
[   10.099425][    T1] AppArmor: AppArmor Filesystem Enabled
[   10.103061][    T1] pnp: PnP ACPI init
[   10.230795][    T1] pnp: PnP ACPI: found 6 devices
[   10.926165][    T1] clocksource: acpi_pm: mask: 0xffffff max_cycles: 0xffffff, max_idle_ns: 2085701024 ns
[   10.932928][    T1] NET: Registered PF_INET protocol family
[   10.940660][    T1] IP idents hash table entries: 16384 (order: 5, 131072 bytes, vmalloc)
[   10.968295][    T1] tcp_listen_portaddr_hash hash table entries: 512 (order: 3, 36864 bytes, vmalloc)
[   10.973028][    T1] Table-perturb hash table entries: 65536 (order: 6, 262144 bytes, vmalloc)
[   10.986426][    T1] TCP established hash table entries: 8192 (order: 4, 65536 bytes, vmalloc)
[   11.007141][    T1] TCP bind hash table entries: 8192 (order: 8, 1179648 bytes, vmalloc)
[   11.010495][    T1] TCP: Hash tables configured (established 8192 bind 8192)
[   11.021998][    T1] MPTCP token hash table entries: 1024 (order: 4, 90112 bytes, vmalloc)
[   11.036112][    T1] UDP hash table entries: 512 (order: 5, 131072 bytes, vmalloc)
[   11.039570][    T1] UDP-Lite hash table entries: 512 (order: 5, 131072 bytes, vmalloc)
[   11.047744][    T1] NET: Registered PF_UNIX/PF_LOCAL protocol family
[   11.112328][    T1] RPC: Registered named UNIX socket transport module.
[   11.112874][    T1] RPC: Registered udp transport module.
[   11.113105][    T1] RPC: Registered tcp transport module.
[   11.125828][    T1] RPC: Registered tcp-with-tls transport module.
[   11.126076][    T1] RPC: Registered tcp NFSv4.1 backchannel transport module.
[   11.166547][    T1] NET: Registered PF_XDP protocol family
[   11.168762][    T1] pci_bus 0000:00: resource 4 [io  0x0000-0x0cf7 window]
[   11.169148][    T1] pci_bus 0000:00: resource 5 [io  0x0d00-0xffff window]
[   11.169458][    T1] pci_bus 0000:00: resource 6 [mem 0x000a0000-0x000bffff window]
[   11.169762][    T1] pci_bus 0000:00: resource 7 [mem 0x40000000-0xfebfffff window]
[   11.170060][    T1] pci_bus 0000:00: resource 8 [mem 0x100000000-0x17fffffff window]
[   11.215456][    T1] pci 0000:00:01.0: PIIX3: Enabling Passive Release
[   11.216060][    T1] pci 0000:00:00.0: Limiting direct PCI/PCI transfers
[   11.216961][    T1] PCI: CLS 0 bytes, default 64
[   11.219660][    T1] ACPI: bus type thunderbolt registered
[   11.296509][    T1] kvm_intel: VMX not supported by CPU 1
[   11.300766][    T1] kvm_amd: Nested Virtualization enabled
[   11.301401][    T1] kvm_amd: Nested Paging disabled
[   11.302429][    T1] kvm_amd: PMU virtualization is disabled
[   11.363244][   T62] kworker/u8:3 (62) used greatest stack depth: 27432 bytes left
[   24.638517][    T1] CPU feature 'AVX registers' is not supported.
[   24.643006][    T1] CPU feature 'AVX registers' is not supported.
[   24.647998][    T1] AVX2 instructions are not detected.
[   24.648508][    T1] AVX or AES-NI instructions are not detected.
[   24.648806][    T1] AVX2 or AES-NI instructions are not detected.
[   24.649164][    T1] CPU feature 'AVX registers' is not supported.
[   24.649439][    T1] CPU feature 'AVX registers' is not supported.
[   24.650186][    T1] sm3_avx_x86_64: AVX instruction are not detected.
[   24.650481][    T1] AVX or AES-NI instructions are not detected.
[   24.650731][    T1] AVX2 or AES-NI instructions are not detected.
[   24.650974][    T1] AVX or AES-NI instructions are not detected.
[   25.486120][   T10] tsc: Refined TSC clocksource calibration: 1000.000 MHz
[   25.488137][   T10] clocksource: tsc: mask: 0xffffffffffffffff max_cycles: 0x1cd42e4dffb, max_idle_ns: 881590591483 ns
[   25.495277][   T10] clocksource: Switched to clocksource tsc
[   35.499570][    T1] Initialise system trusted keyrings
[   35.516573][    T1] workingset: timestamp_bits=40 max_order=17 bucket_order=0
[   35.590474][    T1] DLM installed
[   35.637313][    T1] squashfs: version 4.0 (2009/01/31) Phillip Lougher
[   35.691587][    T1] NFS: Registering the id_resolver key type
[   35.692585][    T1] Key type id_resolver registered
[   35.692973][    T1] Key type id_legacy registered
[   35.694259][    T1] nfs4filelayout_init: NFSv4 File Layout Driver Registering...
[   35.696939][    T1] nfs4flexfilelayout_init: NFSv4 Flexfile Layout Driver Registering...
[   35.763473][    T1] Key type cifs.spnego registered
[   35.767046][    T1] Key type cifs.idmap registered
[   35.781894][    T1] ntfs3: Enabled Linux POSIX ACLs support
[   35.782225][    T1] ntfs3: Read-only LZX/Xpress compression included
[   35.785002][    T1] efs: 1.0a - http://aeschi.ch.eu.org/efs/
[   35.786248][    T1] jffs2: version 2.2. (NAND) (SUMMARY)  Â© 2001-2006 Red Hat, Inc.
[   35.799780][    T1] romfs: ROMFS MTD (C) 2007 Red Hat, Inc.
[   35.801130][    T1] QNX4 filesystem 0.2.3 registered.
[   35.801701][    T1] qnx6: QNX6 filesystem 1.0.0 registered.
[   35.807596][    T1] fuse: init (API version 7.45)
[   35.833503][    T1] orangefs_debugfs_init: called with debug mask: :none: :0:
[   35.846939][    T1] orangefs_init: module version upstream loaded
[   35.850410][    T1] JFS: nTxBlock = 3098, nTxLock = 24787
[   35.909944][    T1] SGI XFS with ACLs, security attributes, realtime, quota, no debug enabled
[   35.939065][    T1] 9p: Installing v9fs 9p2000 file system support
[   35.941815][    T1] NILFS version 2 loaded
[   35.942092][    T1] befs: version: 0.9.3
[   35.947232][    T1] ocfs2: Registered cluster interface o2cb
[   35.953208][    T1] ocfs2: Registered cluster interface user
[   35.974335][    T1] OCFS2 User DLM kernel interface loaded
[   36.055115][    T1] gfs2: GFS2 installed
[   36.111971][    T1] ceph: loaded (mds proto 32)
[   36.164703][    T1] cryptd: max_cpu_qlen set to 1000
[   36.329273][    T1] NET: Registered PF_ALG protocol family
[   36.331208][    T1] xor: measuring software checksum speed
[   36.334108][    T1]    prefetch64-sse  :  1287 MB/sec
[   36.338033][    T1]    generic_sse     :   905 MB/sec
[   36.338342][    T1] xor: using function: prefetch64-sse (1287 MB/sec)
[   36.339197][    T1] async_tx: api initialized (async)
[   36.339618][    T1] Key type asymmetric registered
[   36.340024][    T1] Asymmetric key parser 'x509' registered
[   36.340386][    T1] Asymmetric key parser 'pkcs8' registered
[   36.340612][    T1] Key type pkcs7_test registered
[   36.345299][    T1] Block layer SCSI generic (bsg) driver version 0.4 loaded (major 239)
[   36.354322][    T1] io scheduler mq-deadline registered
[   36.363894][    T1] io scheduler kyber registered
[   36.366892][    T1] io scheduler bfq registered
[   36.447036][    T1] input: Power Button as /devices/LNXSYSTM:00/LNXPWRBN:00/input/input0
[   36.501204][    T1] ACPI: button: Power Button [PWRF]
[   36.620940][    T1] ioatdma: Intel(R) QuickData Technology Driver 5.00
[   38.620752][  T440] kworker/u8:5 (440) used greatest stack depth: 27016 bytes left
[   40.502674][    T1] N_HDLC line discipline registered with maxframe=4096
[   40.503611][    T1] Serial: 8250/16550 driver, 4 ports, IRQ sharing enabled
[   40.547454][    T1] 00:04: ttyS0 at I/O 0x3f8 (irq = 4, base_baud = 115200) is a 16550A
[   40.852756][    T1] Non-volatile memory driver v1.3
[   40.860473][    T1] Linux agpgart interface v0.103
[   40.908278][    T1] usbcore: registered new interface driver xillyusb
[   40.953886][    T1] ACPI: bus type drm_connector registered
[   41.021504][    T1] [drm] Initialized vgem 1.0.0 for vgem on minor 0
[   41.100880][    T1] [drm] Initialized vkms 1.0.0 for vkms on minor 1
[   41.442657][    T1] Console: switching to colour frame buffer device 128x48
[   41.513486][    T1] faux_driver vkms: [drm] fb0: vkmsdrmfb frame buffer device
[   41.518435][    T1] usbcore: registered new interface driver udl
[   41.537634][    T1] bochs-drm 0000:00:02.0: vgaarb: deactivate vga console
[   41.594665][    T1] [drm] Found bochs VGA, ID 0xb0c5.
[   41.594668][    T1] [drm] Framebuffer size 16384 kB @ 0xfd000000, mmio @ 0xfebb0000.
[   41.624795][    T1] [drm] Initialized bochs-drm 1.0.0 for 0000:00:02.0 on minor 2
[   41.791591][    T1] fbcon: bochs-drmdrmfb (fb1) is primary device
[   41.791862][    T1] fbcon: Remapping primary device, fb1, to tty 1-63
[   45.693304][    T1] bochs-drm 0000:00:02.0: [drm] fb1: bochs-drmdrmfb frame buffer device
[   45.721234][    T1] usbcore: registered new interface driver gm12u320
[   45.726207][    T1] usbcore: registered new interface driver gud
[   46.320515][    T1] brd: module loaded
[   47.702755][    T1] loop: module loaded
[   48.718740][    T1] zram: Added device: zram0
[   48.818480][    T1] null_blk: disk nullb0 created
[   48.818999][    T1] null_blk: module loaded
[   48.838606][    T1] Guest personality initialized and is inactive
[   48.843156][    T1] VMCI host device registered (name=vmci, major=10, minor=266)
[   48.843498][    T1] Initialized host personality
[   48.850589][    T1] usbcore: registered new interface driver rtsx_usb
[   48.876044][    T1] usbcore: registered new interface driver viperboard
[   48.879146][    T1] usbcore: registered new interface driver dln2
[   48.882674][    T1] usbcore: registered new interface driver pn533_usb
[   48.942034][    T1] nfcsim 0.2 initialized
[   48.951957][    T1] usbcore: registered new interface driver port100
[   48.961093][    T1] usbcore: registered new interface driver nfcmrvl
[   49.019333][    T1] Loading iSCSI transport class v2.0-870.
[   49.140203][    T1] st: Version 20160209, fixed bufsize 32768, s/g segs 256
[   49.429198][    T1] scsi host0: ata_piix
[   49.468749][    T1] scsi host1: ata_piix
[   49.482047][    T1] ata1: PATA max MWDMA2 cmd 0x1f0 ctl 0x3f6 bmdma 0xc040 irq 14 lpm-pol 0
[   49.482509][    T1] ata2: PATA max MWDMA2 cmd 0x170 ctl 0x376 bmdma 0xc048 irq 15 lpm-pol 0
[   49.561015][    T1] Rounding down aligned max_sectors from 4294967295 to 4294967288
[   49.563482][    T1] db_root: cannot open: /etc/target
[   49.579516][    T1] slram: not enough parameters.
[   49.639988][    T1] ftl_cs: FTL header not found.
[   49.682189][ T1039] ata1: found unknown device (class 0)
[   49.696851][ T1039] ata1.00: ATA-7: QEMU HARDDISK, 2.5+, max UDMA/100
[   49.697457][ T1039] ata1.00: 6291456 sectors, multi 16: LBA48 
[   49.757247][ T1043] ata2: found unknown device (class 0)
[   49.975505][ T1043] ata2.00: ATAPI: QEMU DVD-ROM, 2.5+, max UDMA/100
[   50.047004][    T1] wireguard: WireGuard 1.0.0 loaded. See www.wireguard.com for information.
[   50.047462][    T1] wireguard: Copyright (C) 2015-2019 Jason A. Donenfeld <Jason@zx2c4.com>. All Rights Reserved.
[   50.047792][    T1] eql: Equalizer2002: Simon Janes (simon@ncm.com) and David S. Miller (davem@redhat.com)
[   50.105786][   T14] scsi 0:0:0:0: Direct-Access     ATA      QEMU HARDDISK    2.5+ PQ: 0 ANSI: 5
[   50.233552][  T139] sd 0:0:0:0: [sda] 6291456 512-byte logical blocks: (3.22 GB/3.00 GiB)
[   50.238796][   T14] sd 0:0:0:0: Attached scsi generic sg0 type 0
[   50.256245][    T1] MACsec IEEE 802.1AE
[   50.304426][  T139] sd 0:0:0:0: [sda] Write Protect is off
[   50.307612][  T139] sd 0:0:0:0: [sda] Write cache: enabled, read cache: enabled, doesn't support DPO or FUA
[   50.312057][  T139] sd 0:0:0:0: [sda] Preferred minimum I/O size 512 bytes
[   50.385750][   T36] scsi 1:0:0:0: CD-ROM            QEMU     QEMU DVD-ROM     2.5+ PQ: 0 ANSI: 5
[   50.438719][    T1] usbcore: registered new interface driver mvusb_mdio
[   50.441315][    T1] tun: Universal TUN/TAP device driver, 1.6
[   50.470787][    T1] vcan: Virtual CAN interface driver
[   50.471318][    T1] vxcan: Virtual CAN Tunnel driver
[   50.472176][    T1] slcan: serial line CAN interface driver
[   50.472636][    T1] CAN device driver interface
[   50.594598][    T1] usbcore: registered new interface driver usb_8dev
[   50.600808][    T1] usbcore: registered new interface driver ems_usb
[   50.605595][    T1] usbcore: registered new interface driver esd_usb
[   50.610805][    T1] usbcore: registered new interface driver etas_es58x
[   50.611861][    T1] usbcore: registered new interface driver f81604
[   50.620097][    T1] usbcore: registered new interface driver gs_usb
[   50.624491][    T1] usbcore: registered new interface driver kvaser_usb
[   50.629521][    T1] usbcore: registered new interface driver mcba_usb
[   50.634099][    T1] usbcore: registered new interface driver peak_usb
[   50.639805][    T1] usbcore: registered new interface driver ucan
[   50.648873][    T1] e100: Intel(R) PRO/100 Network Driver
[   50.649181][    T1] e100: Copyright(c) 1999-2006 Intel Corporation
[   50.651234][    T1] e1000: Intel(R) PRO/1000 Network Driver
[   50.651480][    T1] e1000: Copyright (c) 1999-2006 Intel Corporation.
[   51.206540][  T139]  sda: sda1 sda15
[   51.242616][  T139] sd 0:0:0:0: [sda] Attached SCSI disk
[   51.495130][   T36] sr 1:0:0:0: [sr0] scsi3-mmc drive: 4x/4x cd/rw xa/form2 tray
[   51.496184][   T36] cdrom: Uniform CD-ROM driver Revision: 3.20
[   51.927547][   T36] sr 1:0:0:0: Attached scsi generic sg1 type 5
[   72.500938][    T1] ACPI: \_SB_.LNKC: Enabled at IRQ 11
[   72.843462][    T1] e1000 0000:00:03.0 eth0: (PCI:33MHz:32-bit) 52:54:00:12:34:56
[   72.845067][    T1] e1000 0000:00:03.0 eth0: Intel(R) PRO/1000 Network Connection
[   72.847877][    T1] e1000e: Intel(R) PRO/1000 Network Driver
[   72.848159][    T1] e1000e: Copyright(c) 1999 - 2015 Intel Corporation.
[   72.857579][    T1] mkiss: AX.25 Multikiss, Hans Albas PE1AYX
[   72.858327][    T1] AX.25: bpqether driver version 004
[   72.858585][    T1] PPP generic driver version 2.4.2
[   72.876748][    T1] PPP BSD Compression module registered
[   72.877203][    T1] PPP Deflate Compression module registered
[   72.877486][    T1] PPP MPPE Compression module registered
[   72.877734][    T1] NET: Registered PF_PPPOX protocol family
[   72.878739][    T1] PPTP driver version 0.8.5
[   72.892112][    T1] SLIP: version 0.8.4-NET3.019-NEWTTY (dynamic channels, max=256) (6 bit encapsulation enabled).
[   72.892522][    T1] CSLIP: code copyright 1989 Regents of the University of California.
[   72.897908][    T1] SLIP linefill/keepalive option.
[   72.898391][    T1] hdlc: HDLC support module revision 1.22
[   72.899034][    T1] LAPB Ethernet driver version 0.02
[   72.912792][    T1] usbcore: registered new interface driver ath9k_htc
[   72.919884][    T1] usbcore: registered new interface driver carl9170
[   72.927324][    T1] usbcore: registered new interface driver ath6kl_usb
[   72.936678][    T1] usbcore: registered new interface driver ar5523
[   72.949692][    T1] usbcore: registered new interface driver ath10k_usb
[   72.957773][    T1] usbcore: registered new interface driver plfxlc
[   72.960976][    T1] mac80211_hwsim: initializing netlink
[   73.256367][    T1] usbcore: registered new interface driver atusb
[   73.371868][    T1] mac802154_hwsim mac802154_hwsim: Added 2 mac802154 hwsim hardware radios
[   73.372567][    T1] VMware vmxnet3 virtual NIC driver - version 1.9.0.0-k-NAPI
[   73.400796][    T1] usbcore: registered new interface driver catc
[   73.403369][    T1] usbcore: registered new interface driver kaweth
[   73.403369][    T1] pegasus: Pegasus/Pegasus II USB Ethernet driver
[   73.417496][    T1] usbcore: registered new interface driver pegasus
[   73.419651][    T1] usbcore: registered new interface driver rtl8150
[   73.420815][    T1] usbcore: registered new device driver r8152-cfgselector
[   73.422100][    T1] usbcore: registered new interface driver r8152
[   73.451133][    T1] usbcore: registered new interface driver hso
[   73.453189][    T1] usbcore: registered new interface driver lan78xx
[   73.466763][    T1] usbcore: registered new interface driver asix
[   73.471081][    T1] usbcore: registered new interface driver ax88179_178a
[   73.478730][    T1] usbcore: registered new interface driver cdc_ether
[   73.480977][    T1] usbcore: registered new interface driver cdc_eem
[   73.482840][    T1] usbcore: registered new interface driver dm9601
[   73.510005][    T1] usbcore: registered new interface driver sr9700
[   73.512164][    T1] usbcore: registered new interface driver CoreChips
[   73.521255][    T1] usbcore: registered new interface driver smsc75xx
[   73.523373][    T1] usbcore: registered new interface driver smsc95xx
[   73.535999][    T1] usbcore: registered new interface driver gl620a
[   73.538106][    T1] usbcore: registered new interface driver net1080
[   73.540140][    T1] usbcore: registered new interface driver plusb
[   73.542094][    T1] usbcore: registered new interface driver rndis_host
[   73.543954][    T1] usbcore: registered new interface driver cdc_subset
[   73.571794][    T1] usbcore: registered new interface driver zaurus
[   73.580836][    T1] usbcore: registered new interface driver MOSCHIP usb-ethernet driver
[   73.588492][    T1] usbcore: registered new interface driver int51x1
[   73.590566][    T1] usbcore: registered new interface driver cdc_phonet
[   73.592540][    T1] usbcore: registered new interface driver kalmia
[   73.594472][    T1] usbcore: registered new interface driver ipheth
[   73.608540][    T1] usbcore: registered new interface driver sierra_net
[   73.610575][    T1] usbcore: registered new interface driver cx82310_eth
[   73.612569][    T1] usbcore: registered new interface driver cdc_ncm
[   73.614509][    T1] usbcore: registered new interface driver huawei_cdc_ncm
[   73.629788][    T1] usbcore: registered new interface driver lg-vl600
[   73.631900][    T1] usbcore: registered new interface driver qmi_wwan
[   73.634016][    T1] usbcore: registered new interface driver cdc_mbim
[   73.653350][    T1] usbcore: registered new interface driver ch9200
[   73.666785][    T1] usbcore: registered new interface driver aqc111
[   73.668906][    T1] usbcore: registered new interface driver r8153_ecm
[   73.722268][    T1] VFIO - User Level meta-driver version: 0.3
[   73.800379][    T1] aoe: AoE v85 initialised.
[   73.907751][ T1326] kworker/u8:2 (1326) used greatest stack depth: 26984 bytes left
[   74.019649][    T1] usbcore: registered new interface driver cdc_acm
[   74.020147][    T1] cdc_acm: USB Abstract Control Model driver for USB modems and ISDN adapters
[   74.022156][    T1] usbcore: registered new interface driver usblp
[   74.022156][    T1] usbcore: registered new interface driver cdc_wdm
[   74.059938][    T1] usbcore: registered new interface driver usbtmc
[   74.082421][    T1] usbcore: registered new interface driver uas
[   74.102602][    T1] usbcore: registered new interface driver usb-storage
[   74.109194][    T1] usbcore: registered new interface driver ums-alauda
[   74.111105][    T1] usbcore: registered new interface driver ums-cypress
[   74.112810][    T1] usbcore: registered new interface driver ums-datafab
[   74.127891][    T1] usbcore: registered new interface driver ums_eneub6250
[   74.129762][    T1] usbcore: registered new interface driver ums-freecom
[   74.131645][    T1] usbcore: registered new interface driver ums-isd200
[   74.142770][    T1] usbcore: registered new interface driver ums-jumpshot
[   74.144800][    T1] usbcore: registered new interface driver ums-karma
[   74.157236][    T1] usbcore: registered new interface driver ums-onetouch
[   74.159166][    T1] usbcore: registered new interface driver ums-realtek
[   74.160884][    T1] usbcore: registered new interface driver ums-sddr09
[   74.162898][    T1] usbcore: registered new interface driver ums-sddr55
[   74.164428][    T1] usbcore: registered new interface driver ums-usbat
[   74.190473][    T1] usbcore: registered new interface driver mdc800
[   74.190841][    T1] mdc800: v0.7.5 (30/10/2000):USB Driver for Mustek MDC800 Digital Camera
[   74.193048][    T1] usbcore: registered new interface driver microtekX6
[   74.209305][    T1] usbcore: registered new interface driver usbserial_generic
[   74.213153][    T1] usbserial: USB Serial support registered for generic
[   74.213153][    T1] usbcore: registered new interface driver aircable
[   74.225708][    T1] usbserial: USB Serial support registered for aircable
[   74.227189][    T1] usbcore: registered new interface driver ark3116
[   74.228095][    T1] usbserial: USB Serial support registered for ark3116
[   74.229704][    T1] usbcore: registered new interface driver belkin_sa
[   74.230599][    T1] usbserial: USB Serial support registered for Belkin / Peracom / GoHubs USB Serial Adapter
[   74.232202][    T1] usbcore: registered new interface driver ch341
[   74.232992][    T1] usbserial: USB Serial support registered for ch341-uart
[   74.232992][    T1] usbcore: registered new interface driver cp210x
[   74.247425][    T1] usbserial: USB Serial support registered for cp210x
[   74.248926][    T1] usbcore: registered new interface driver cyberjack
[   74.250003][    T1] usbserial: USB Serial support registered for Reiner SCT Cyberjack USB card reader
[   74.251655][    T1] usbcore: registered new interface driver cypress_m8
[   74.252558][    T1] usbserial: USB Serial support registered for DeLorme Earthmate USB
[   74.253451][    T1] usbserial: USB Serial support registered for HID->COM RS232 Adapter
[   74.254337][    T1] usbserial: USB Serial support registered for Nokia CA-42 V2 Adapter
[   74.310166][    T1] usbcore: registered new interface driver usb_debug
[   74.312274][    T1] usbserial: USB Serial support registered for debug
[   74.318734][    T1] usbserial: USB Serial support registered for xhci_dbc
[   74.320497][    T1] usbcore: registered new interface driver digi_acceleport
[   74.321455][    T1] usbserial: USB Serial support registered for Digi 2 port USB adapter
[   74.322473][    T1] usbserial: USB Serial support registered for Digi 4 port USB adapter
[   74.368586][    T1] usbcore: registered new interface driver io_edgeport
[   74.369913][    T1] usbserial: USB Serial support registered for Edgeport 2 port adapter
[   74.370884][    T1] usbserial: USB Serial support registered for Edgeport 4 port adapter
[   74.371810][    T1] usbserial: USB Serial support registered for Edgeport 8 port adapter
[   74.372842][    T1] usbserial: USB Serial support registered for EPiC device
[   74.373598][    T1] usbcore: registered new interface driver io_ti
[   74.389702][    T1] usbserial: USB Serial support registered for Edgeport TI 1 port adapter
[   74.393204][    T1] usbserial: USB Serial support registered for Edgeport TI 2 port adapter
[   74.404329][    T1] usbcore: registered new interface driver empeg
[   74.405606][    T1] usbserial: USB Serial support registered for empeg
[   74.407944][    T1] usbcore: registered new interface driver f81534a_ctrl
[   74.409579][    T1] usbcore: registered new interface driver f81232
[   74.410548][    T1] usbserial: USB Serial support registered for f81232
[   74.411608][    T1] usbserial: USB Serial support registered for f81534a
[   74.412159][    T1] usbcore: registered new interface driver f81534
[   74.412159][    T1] usbserial: USB Serial support registered for Fintek F81532/F81534
[   74.412159][    T1] usbcore: registered new interface driver ftdi_sio
[   74.434141][    T1] usbserial: USB Serial support registered for FTDI USB Serial Device
[   74.472232][    T1] usbcore: registered new interface driver garmin_gps
[   74.473313][    T1] usbserial: USB Serial support registered for Garmin GPS usb/tty
[   74.473382][    T1] usbcore: registered new interface driver ipaq
[   74.473382][    T1] usbserial: USB Serial support registered for PocketPC PDA
[   74.489772][    T1] usbcore: registered new interface driver ipw
[   74.490763][    T1] usbserial: USB Serial support registered for IPWireless converter
[   74.492362][    T1] usbcore: registered new interface driver ir_usb
[   74.493391][    T1] usbserial: USB Serial support registered for IR Dongle
[   74.494028][    T1] usbcore: registered new interface driver iuu_phoenix
[   74.509611][    T1] usbserial: USB Serial support registered for iuu_phoenix
[   74.511226][    T1] usbcore: registered new interface driver keyspan
[   74.512302][    T1] usbserial: USB Serial support registered for Keyspan - (without firmware)
[   74.513360][    T1] usbserial: USB Serial support registered for Keyspan 1 port adapter
[   74.533556][    T1] usbserial: USB Serial support registered for Keyspan 2 port adapter
[   74.540572][    T1] usbserial: USB Serial support registered for Keyspan 4 port adapter
[   74.542298][    T1] usbcore: registered new interface driver keyspan_pda
[   74.563374][    T1] usbserial: USB Serial support registered for Keyspan PDA
[   74.571943][    T1] usbserial: USB Serial support registered for Keyspan PDA - (prerenumeration)
[   74.574270][    T1] usbcore: registered new interface driver kl5kusb105
[   74.591340][    T1] usbserial: USB Serial support registered for KL5KUSB105D / PalmConnect
[   74.592950][    T1] usbcore: registered new interface driver kobil_sct
[   74.593987][    T1] usbserial: USB Serial support registered for KOBIL USB smart card terminal
[   74.609063][    T1] usbcore: registered new interface driver mct_u232
[   74.610504][    T1] usbserial: USB Serial support registered for MCT U232
[   74.612241][    T1] usbcore: registered new interface driver metro_usb
[   74.613190][    T1] usbserial: USB Serial support registered for Metrologic USB to Serial
[   74.627917][    T1] usbcore: registered new interface driver mos7720
[   74.631890][    T1] usbserial: USB Serial support registered for Moschip 2 port adapter
[   74.636401][    T1] usbcore: registered new interface driver mos7840
[   74.637373][    T1] usbserial: USB Serial support registered for Moschip 7840/7820 USB Serial Driver
[   74.639141][    T1] usbcore: registered new interface driver mxuport
[   74.640080][    T1] usbserial: USB Serial support registered for MOXA UPort
[   74.641514][    T1] usbcore: registered new interface driver navman
[   74.642553][    T1] usbserial: USB Serial support registered for navman
[   74.644212][    T1] usbcore: registered new interface driver omninet
[   74.668723][    T1] usbserial: USB Serial support registered for ZyXEL - omni.net usb
[   74.671829][    T1] usbcore: registered new interface driver opticon
[   74.673846][    T1] usbserial: USB Serial support registered for opticon
[   74.687274][    T1] usbcore: registered new interface driver option
[   74.688298][    T1] usbserial: USB Serial support registered for GSM modem (1-port)
[   74.690023][    T1] usbcore: registered new interface driver oti6858
[   74.691450][    T1] usbserial: USB Serial support registered for oti6858
[   74.693038][    T1] usbcore: registered new interface driver pl2303
[   74.693038][    T1] usbserial: USB Serial support registered for pl2303
[   74.693038][    T1] usbcore: registered new interface driver qcaux
[   74.718986][    T1] usbserial: USB Serial support registered for qcaux
[   74.720724][    T1] usbcore: registered new interface driver qcserial
[   74.721660][    T1] usbserial: USB Serial support registered for Qualcomm USB modem
[   74.723149][    T1] usbcore: registered new interface driver quatech2
[   74.743215][    T1] usbserial: USB Serial support registered for Quatech 2nd gen USB to Serial Driver
[   74.750337][    T1] usbcore: registered new interface driver safe_serial
[   74.751526][    T1] usbserial: USB Serial support registered for safe_serial
[   74.753039][    T1] usbcore: registered new interface driver sierra
[   74.770016][    T1] usbserial: USB Serial support registered for Sierra USB modem
[   74.771692][    T1] usbcore: registered new interface driver usb_serial_simple
[   74.772484][    T1] usbserial: USB Serial support registered for carelink
[   74.790753][    T1] usbserial: USB Serial support registered for flashloader
[   74.793683][    T1] usbserial: USB Serial support registered for funsoft
[   74.794779][    T1] usbserial: USB Serial support registered for google
[   74.795717][    T1] usbserial: USB Serial support registered for hp4x
[   74.796642][    T1] usbserial: USB Serial support registered for kaufmann
[   74.797683][    T1] usbserial: USB Serial support registered for libtransistor
[   74.798674][    T1] usbserial: USB Serial support registered for moto_modem
[   74.799583][    T1] usbserial: USB Serial support registered for motorola_tetra
[   74.800581][    T1] usbserial: USB Serial support registered for nokia
[   74.801585][    T1] usbserial: USB Serial support registered for novatel_gps
[   74.802442][    T1] usbserial: USB Serial support registered for owon
[   74.802442][    T1] usbserial: USB Serial support registered for siemens_mpi
[   74.802442][    T1] usbserial: USB Serial support registered for suunto
[   74.802442][    T1] usbserial: USB Serial support registered for vivopay
[   74.817646][    T1] usbserial: USB Serial support registered for zio
[   74.819231][    T1] usbcore: registered new interface driver spcp8x5
[   74.820173][    T1] usbserial: USB Serial support registered for SPCP8x5
[   74.821893][    T1] usbcore: registered new interface driver ssu100
[   74.822823][    T1] usbserial: USB Serial support registered for Quatech SSU-100 USB to Serial Driver
[   74.824157][    T1] usbcore: registered new interface driver symbolserial
[   74.837610][    T1] usbserial: USB Serial support registered for symbol
[   74.839434][    T1] usbcore: registered new interface driver ti_usb_3410_5052
[   74.840416][    T1] usbserial: USB Serial support registered for TI USB 3410 1 port adapter
[   74.841360][    T1] usbserial: USB Serial support registered for TI USB 5052 2 port adapter
[   74.842803][    T1] usbcore: registered new interface driver upd78f0730
[   74.843901][    T1] usbserial: USB Serial support registered for upd78f0730
[   74.908073][    T1] usbcore: registered new interface driver visor
[   74.909295][    T1] usbserial: USB Serial support registered for Handspring Visor / Palm OS
[   74.910446][    T1] usbserial: USB Serial support registered for Sony Clie 5.0
[   74.911408][    T1] usbserial: USB Serial support registered for Sony Clie 3.5
[   74.913132][    T1] usbcore: registered new interface driver wishbone_serial
[   74.954675][    T1] usbserial: USB Serial support registered for wishbone_serial
[   74.956579][    T1] usbcore: registered new interface driver whiteheat
[   74.957573][    T1] usbserial: USB Serial support registered for Connect Tech - WhiteHEAT - (prerenumeration)
[   74.958564][    T1] usbserial: USB Serial support registered for Connect Tech - WhiteHEAT
[   74.960136][    T1] usbcore: registered new interface driver xr_serial
[   74.961203][    T1] usbserial: USB Serial support registered for xr_serial
[   74.962645][    T1] usbcore: registered new interface driver xsens_mt
[   75.022045][    T1] usbserial: USB Serial support registered for xsens_mt
[   75.022362][    T1] usbcore: registered new interface driver adutux
[   75.038085][    T1] usbcore: registered new interface driver appledisplay
[   75.040149][    T1] usbcore: registered new interface driver cypress_cy7c63
[   75.042272][    T1] usbcore: registered new interface driver cytherm
[   75.060082][    T1] usbcore: registered new interface driver emi26 - firmware loader
[   75.061852][    T1] usbcore: registered new interface driver emi62 - firmware loader
[   75.061852][    T1] usbcore: registered new device driver apple-mfi-fastcharge
[   75.072370][    T1] usbcore: registered new interface driver ljca
[   75.074540][    T1] usbcore: registered new interface driver idmouse
[   75.089445][    T1] usbcore: registered new interface driver iowarrior
[   75.091470][    T1] usbcore: registered new interface driver isight_firmware
[   75.093493][    T1] usbcore: registered new interface driver usblcd
[   75.104664][    T1] usbcore: registered new interface driver ldusb
[   75.112112][    T1] usbcore: registered new interface driver legousbtower
[   75.117914][    T1] usbcore: registered new interface driver usbtest
[   75.119891][    T1] usbcore: registered new interface driver usb_ehset_test
[   75.121889][    T1] usbcore: registered new interface driver trancevibrator
[   75.139045][    T1] usbcore: registered new interface driver uss720
[   75.139393][    T1] uss720: USB Parport Cable driver for Cables using the Lucent Technologies USS720 Chip
[   75.139672][    T1] uss720: NOTE: this is a special purpose driver to allow nonstandard
[   75.139907][    T1] uss720: protocols (eg. bitbang) over USS720 usb to parallel cables
[   75.140146][    T1] uss720: If you just want to connect to a printer, use usblp instead
[   75.142562][    T1] usbcore: registered new interface driver usbsevseg
[   75.151267][    T1] usbcore: registered new interface driver yurex
[   75.189797][    T1] usbcore: registered new interface driver chaoskey
[   75.191877][    T1] usbcore: registered new interface driver sisusb
[   75.193791][    T1] usbcore: registered new interface driver lvs
[   75.211022][    T1] usbcore: registered new interface driver cxacru
[   75.224215][    T1] usbcore: registered new interface driver speedtch
[   75.229281][    T1] usbcore: registered new interface driver ueagle-atm
[   75.229642][    T1] xusbatm: malformed module parameters
[   75.282322][    T1] dummy_hcd dummy_hcd.0: USB Host+Gadget Emulator, driver 02 May 2005
[   75.283580][    T1] dummy_hcd dummy_hcd.0: Dummy host controller
[   75.304429][    T1] dummy_hcd dummy_hcd.0: new USB bus registered, assigned bus number 1
[   75.327856][    T1] usb usb1: New USB device found, idVendor=1d6b, idProduct=0002, bcdDevice= 6.18
[   75.328477][    T1] usb usb1: New USB device strings: Mfr=3, Product=2, SerialNumber=1
[   75.328796][    T1] usb usb1: Product: Dummy host controller
[   75.329051][    T1] usb usb1: Manufacturer: Linux 6.18.0-rc1-next-20251014 dummy_hcd
[   75.329325][    T1] usb usb1: SerialNumber: dummy_hcd.0
[   75.371257][    T1] hub 1-0:1.0: USB hub found
[   75.374706][    T1] hub 1-0:1.0: 1 port detected
[   75.434513][    T1] dummy_hcd dummy_hcd.1: USB Host+Gadget Emulator, driver 02 May 2005
[   75.435926][    T1] dummy_hcd dummy_hcd.1: Dummy host controller
[   75.441983][    T1] dummy_hcd dummy_hcd.1: new USB bus registered, assigned bus number 2
[   75.452159][    T1] usb usb2: New USB device found, idVendor=1d6b, idProduct=0002, bcdDevice= 6.18
[   75.452575][    T1] usb usb2: New USB device strings: Mfr=3, Product=2, SerialNumber=1
[   75.452873][    T1] usb usb2: Product: Dummy host controller
[   75.455117][    T1] usb usb2: Manufacturer: Linux 6.18.0-rc1-next-20251014 dummy_hcd
[   75.455417][    T1] usb usb2: SerialNumber: dummy_hcd.1
[   75.480291][    T1] hub 2-0:1.0: USB hub found
[   75.482196][    T1] hub 2-0:1.0: 1 port detected
[   75.512518][    T1] dummy_hcd dummy_hcd.2: USB Host+Gadget Emulator, driver 02 May 2005
[   75.513107][    T1] dummy_hcd dummy_hcd.2: Dummy host controller
[   75.532847][    T1] dummy_hcd dummy_hcd.2: new USB bus registered, assigned bus number 3
[   75.544784][    T1] usb usb3: New USB device found, idVendor=1d6b, idProduct=0002, bcdDevice= 6.18
[   75.545196][    T1] usb usb3: New USB device strings: Mfr=3, Product=2, SerialNumber=1
[   75.547945][    T1] usb usb3: Product: Dummy host controller
[   75.548218][    T1] usb usb3: Manufacturer: Linux 6.18.0-rc1-next-20251014 dummy_hcd
[   75.548492][    T1] usb usb3: SerialNumber: dummy_hcd.2
[   75.578957][    T1] hub 3-0:1.0: USB hub found
[   75.580727][    T1] hub 3-0:1.0: 1 port detected
[   75.618747][    T1] dummy_hcd dummy_hcd.3: USB Host+Gadget Emulator, driver 02 May 2005
[   75.619413][    T1] dummy_hcd dummy_hcd.3: Dummy host controller
[   75.630694][    T1] dummy_hcd dummy_hcd.3: new USB bus registered, assigned bus number 4
[   75.643679][    T1] usb usb4: New USB device found, idVendor=1d6b, idProduct=0002, bcdDevice= 6.18
[   75.644116][    T1] usb usb4: New USB device strings: Mfr=3, Product=2, SerialNumber=1
[   75.644415][    T1] usb usb4: Product: Dummy host controller
[   75.644654][    T1] usb usb4: Manufacturer: Linux 6.18.0-rc1-next-20251014 dummy_hcd
[   75.644917][    T1] usb usb4: SerialNumber: dummy_hcd.3
[   75.664101][    T1] hub 4-0:1.0: USB hub found
[   75.696729][    T1] hub 4-0:1.0: 1 port detected
[   75.729845][    T1] dummy_hcd dummy_hcd.4: USB Host+Gadget Emulator, driver 02 May 2005
[   75.730418][    T1] dummy_hcd dummy_hcd.4: Dummy host controller
[   75.740869][    T1] dummy_hcd dummy_hcd.4: new USB bus registered, assigned bus number 5
[   75.751676][    T1] usb usb5: New USB device found, idVendor=1d6b, idProduct=0002, bcdDevice= 6.18
[   75.752082][    T1] usb usb5: New USB device strings: Mfr=3, Product=2, SerialNumber=1
[   75.752374][    T1] usb usb5: Product: Dummy host controller
[   75.752604][    T1] usb usb5: Manufacturer: Linux 6.18.0-rc1-next-20251014 dummy_hcd
[   75.752861][    T1] usb usb5: SerialNumber: dummy_hcd.4
[   75.792491][    T1] hub 5-0:1.0: USB hub found
[   75.792491][    T1] hub 5-0:1.0: 1 port detected
[   75.833757][    T1] dummy_hcd dummy_hcd.5: USB Host+Gadget Emulator, driver 02 May 2005
[   75.834389][    T1] dummy_hcd dummy_hcd.5: Dummy host controller
[   75.840625][    T1] dummy_hcd dummy_hcd.5: new USB bus registered, assigned bus number 6
[   75.851027][    T1] usb usb6: New USB device found, idVendor=1d6b, idProduct=0002, bcdDevice= 6.18
[   75.851443][    T1] usb usb6: New USB device strings: Mfr=3, Product=2, SerialNumber=1
[   75.855498][    T1] usb usb6: Product: Dummy host controller
[   75.855765][    T1] usb usb6: Manufacturer: Linux 6.18.0-rc1-next-20251014 dummy_hcd
[   75.856043][    T1] usb usb6: SerialNumber: dummy_hcd.5
[   75.885092][    T1] hub 6-0:1.0: USB hub found
[   75.886693][    T1] hub 6-0:1.0: 1 port detected
[   75.912575][    T1] dummy_hcd dummy_hcd.6: USB Host+Gadget Emulator, driver 02 May 2005
[   75.912575][    T1] dummy_hcd dummy_hcd.6: Dummy host controller
[   75.930040][    T1] dummy_hcd dummy_hcd.6: new USB bus registered, assigned bus number 7
[   75.941024][    T1] usb usb7: New USB device found, idVendor=1d6b, idProduct=0002, bcdDevice= 6.18
[   75.941430][    T1] usb usb7: New USB device strings: Mfr=3, Product=2, SerialNumber=1
[   75.941720][    T1] usb usb7: Product: Dummy host controller
[   75.941945][    T1] usb usb7: Manufacturer: Linux 6.18.0-rc1-next-20251014 dummy_hcd
[   75.942208][    T1] usb usb7: SerialNumber: dummy_hcd.6
[   75.967498][    T1] hub 7-0:1.0: USB hub found
[   75.969066][    T1] hub 7-0:1.0: 1 port detected
[   76.002616][    T1] dummy_hcd dummy_hcd.7: USB Host+Gadget Emulator, driver 02 May 2005
[   76.003204][    T1] dummy_hcd dummy_hcd.7: Dummy host controller
[   76.020031][    T1] dummy_hcd dummy_hcd.7: new USB bus registered, assigned bus number 8
[   76.030865][    T1] usb usb8: New USB device found, idVendor=1d6b, idProduct=0002, bcdDevice= 6.18
[   76.031274][    T1] usb usb8: New USB device strings: Mfr=3, Product=2, SerialNumber=1
[   76.031568][    T1] usb usb8: Product: Dummy host controller
[   76.031796][    T1] usb usb8: Manufacturer: Linux 6.18.0-rc1-next-20251014 dummy_hcd
[   76.032058][    T1] usb usb8: SerialNumber: dummy_hcd.7
[   76.059915][    T1] hub 8-0:1.0: USB hub found
[   76.061504][    T1] hub 8-0:1.0: 1 port detected
[   76.102093][    T1] dummy_hcd dummy_hcd.8: USB Host+Gadget Emulator, driver 02 May 2005
[   76.102689][    T1] dummy_hcd dummy_hcd.8: Dummy host controller
[   76.110659][    T1] dummy_hcd dummy_hcd.8: new USB bus registered, assigned bus number 9
[   76.124158][    T1] usb usb9: New USB device found, idVendor=1d6b, idProduct=0002, bcdDevice= 6.18
[   76.124571][    T1] usb usb9: New USB device strings: Mfr=3, Product=2, SerialNumber=1
[   76.125304][    T1] usb usb9: Product: Dummy host controller
[   76.125566][    T1] usb usb9: Manufacturer: Linux 6.18.0-rc1-next-20251014 dummy_hcd
[   76.125828][    T1] usb usb9: SerialNumber: dummy_hcd.8
[   76.149882][    T1] hub 9-0:1.0: USB hub found
[   76.151470][    T1] hub 9-0:1.0: 1 port detected
[   76.188029][    T1] dummy_hcd dummy_hcd.9: USB Host+Gadget Emulator, driver 02 May 2005
[   76.188599][    T1] dummy_hcd dummy_hcd.9: Dummy host controller
[   76.200592][    T1] dummy_hcd dummy_hcd.9: new USB bus registered, assigned bus number 10
[   76.212648][    T1] usb usb10: New USB device found, idVendor=1d6b, idProduct=0002, bcdDevice= 6.18
[   76.213065][    T1] usb usb10: New USB device strings: Mfr=3, Product=2, SerialNumber=1
[   76.213359][    T1] usb usb10: Product: Dummy host controller
[   76.213588][    T1] usb usb10: Manufacturer: Linux 6.18.0-rc1-next-20251014 dummy_hcd
[   76.213843][    T1] usb usb10: SerialNumber: dummy_hcd.9
[   76.234127][    T1] hub 10-0:1.0: USB hub found
[   76.246719][    T1] hub 10-0:1.0: 1 port detected
[   76.277486][    T1] dummy_hcd dummy_hcd.10: USB Host+Gadget Emulator, driver 02 May 2005
[   76.278063][    T1] dummy_hcd dummy_hcd.10: Dummy host controller
[   76.294357][    T1] dummy_hcd dummy_hcd.10: new USB bus registered, assigned bus number 11
[   76.300848][    T1] usb usb11: New USB device found, idVendor=1d6b, idProduct=0002, bcdDevice= 6.18
[   76.301218][    T1] usb usb11: New USB device strings: Mfr=3, Product=2, SerialNumber=1
[   76.301506][    T1] usb usb11: Product: Dummy host controller
[   76.301732][    T1] usb usb11: Manufacturer: Linux 6.18.0-rc1-next-20251014 dummy_hcd
[   76.301985][    T1] usb usb11: SerialNumber: dummy_hcd.10
[   76.323155][    T1] hub 11-0:1.0: USB hub found
[   76.336868][    T1] hub 11-0:1.0: 1 port detected
[   76.362083][    T1] dummy_hcd dummy_hcd.11: USB Host+Gadget Emulator, driver 02 May 2005
[   76.362623][    T1] dummy_hcd dummy_hcd.11: Dummy host controller
[   76.377676][    T1] dummy_hcd dummy_hcd.11: new USB bus registered, assigned bus number 12
[   76.383931][    T1] usb usb12: New USB device found, idVendor=1d6b, idProduct=0002, bcdDevice= 6.18
[   76.383931][    T1] usb usb12: New USB device strings: Mfr=3, Product=2, SerialNumber=1
[   76.383931][    T1] usb usb12: Product: Dummy host controller
[   76.383931][    T1] usb usb12: Manufacturer: Linux 6.18.0-rc1-next-20251014 dummy_hcd
[   76.391846][    T1] usb usb12: SerialNumber: dummy_hcd.11
[   76.417906][    T1] hub 12-0:1.0: USB hub found
[   76.419706][    T1] hub 12-0:1.0: 1 port detected
[   76.453510][    T1] dummy_hcd dummy_hcd.12: USB Host+Gadget Emulator, driver 02 May 2005
[   76.454067][    T1] dummy_hcd dummy_hcd.12: Dummy host controller
[   76.466957][    T1] dummy_hcd dummy_hcd.12: new USB bus registered, assigned bus number 13
[   76.474035][    T1] usb usb13: New USB device found, idVendor=1d6b, idProduct=0002, bcdDevice= 6.18
[   76.474035][    T1] usb usb13: New USB device strings: Mfr=3, Product=2, SerialNumber=1
[   76.480297][    T1] usb usb13: Product: Dummy host controller
[   76.480550][    T1] usb usb13: Manufacturer: Linux 6.18.0-rc1-next-20251014 dummy_hcd
[   76.480812][    T1] usb usb13: SerialNumber: dummy_hcd.12
[   76.500482][    T1] hub 13-0:1.0: USB hub found
[   76.508557][    T1] hub 13-0:1.0: 1 port detected
[   76.537084][    T1] dummy_hcd dummy_hcd.13: USB Host+Gadget Emulator, driver 02 May 2005
[   76.537757][    T1] dummy_hcd dummy_hcd.13: Dummy host controller
[   76.549598][    T1] dummy_hcd dummy_hcd.13: new USB bus registered, assigned bus number 14
[   76.560183][    T1] usb usb14: New USB device found, idVendor=1d6b, idProduct=0002, bcdDevice= 6.18
[   76.560591][    T1] usb usb14: New USB device strings: Mfr=3, Product=2, SerialNumber=1
[   76.560887][    T1] usb usb14: Product: Dummy host controller
[   76.561127][    T1] usb usb14: Manufacturer: Linux 6.18.0-rc1-next-20251014 dummy_hcd
[   76.561385][    T1] usb usb14: SerialNumber: dummy_hcd.13
[   76.590723][    T1] hub 14-0:1.0: USB hub found
[   76.596094][    T1] hub 14-0:1.0: 1 port detected
[   76.637489][    T1] dummy_hcd dummy_hcd.14: USB Host+Gadget Emulator, driver 02 May 2005
[   76.638209][    T1] dummy_hcd dummy_hcd.14: Dummy host controller
[   76.643491][    T1] dummy_hcd dummy_hcd.14: new USB bus registered, assigned bus number 15
[   76.659001][    T1] usb usb15: New USB device found, idVendor=1d6b, idProduct=0002, bcdDevice= 6.18
[   76.659435][    T1] usb usb15: New USB device strings: Mfr=3, Product=2, SerialNumber=1
[   76.659731][    T1] usb usb15: Product: Dummy host controller
[   76.659964][    T1] usb usb15: Manufacturer: Linux 6.18.0-rc1-next-20251014 dummy_hcd
[   76.660246][    T1] usb usb15: SerialNumber: dummy_hcd.14
[   76.683084][    T1] hub 15-0:1.0: USB hub found
[   76.688577][    T1] hub 15-0:1.0: 1 port detected
[   76.720752][    T1] dummy_hcd dummy_hcd.15: USB Host+Gadget Emulator, driver 02 May 2005
[   76.721321][    T1] dummy_hcd dummy_hcd.15: Dummy host controller
[   76.736459][    T1] dummy_hcd dummy_hcd.15: new USB bus registered, assigned bus number 16
[   76.743016][    T1] usb usb16: New USB device found, idVendor=1d6b, idProduct=0002, bcdDevice= 6.18
[   76.743383][    T1] usb usb16: New USB device strings: Mfr=3, Product=2, SerialNumber=1
[   76.743550][    T1] usb usb16: Product: Dummy host controller
[   76.743550][    T1] usb usb16: Manufacturer: Linux 6.18.0-rc1-next-20251014 dummy_hcd
[   76.743550][    T1] usb usb16: SerialNumber: dummy_hcd.15
[   76.778152][    T1] hub 16-0:1.0: USB hub found
[   76.779888][    T1] hub 16-0:1.0: 1 port detected
[   76.811657][    T1] dummy_hcd dummy_hcd.16: USB Host+Gadget Emulator, driver 02 May 2005
[   76.812210][    T1] dummy_hcd dummy_hcd.16: Dummy host controller
[   76.828496][    T1] dummy_hcd dummy_hcd.16: new USB bus registered, assigned bus number 17
[   76.840068][    T1] usb usb17: New USB device found, idVendor=1d6b, idProduct=0002, bcdDevice= 6.18
[   76.840474][    T1] usb usb17: New USB device strings: Mfr=3, Product=2, SerialNumber=1
[   76.840766][    T1] usb usb17: Product: Dummy host controller
[   76.840993][    T1] usb usb17: Manufacturer: Linux 6.18.0-rc1-next-20251014 dummy_hcd
[   76.841258][    T1] usb usb17: SerialNumber: dummy_hcd.16
[   76.862812][    T1] hub 17-0:1.0: USB hub found
[   76.864498][    T1] hub 17-0:1.0: 1 port detected
[   76.901621][    T1] dummy_hcd dummy_hcd.17: USB Host+Gadget Emulator, driver 02 May 2005
[   76.902202][    T1] dummy_hcd dummy_hcd.17: Dummy host controller
[   76.911075][    T1] dummy_hcd dummy_hcd.17: new USB bus registered, assigned bus number 18
[   76.922552][    T1] usb usb18: New USB device found, idVendor=1d6b, idProduct=0002, bcdDevice= 6.18
[   76.925645][    T1] usb usb18: New USB device strings: Mfr=3, Product=2, SerialNumber=1
[   76.925970][    T1] usb usb18: Product: Dummy host controller
[   76.926217][    T1] usb usb18: Manufacturer: Linux 6.18.0-rc1-next-20251014 dummy_hcd
[   76.926475][    T1] usb usb18: SerialNumber: dummy_hcd.17
[   76.947047][    T1] hub 18-0:1.0: USB hub found
[   76.950069][    T1] hub 18-0:1.0: 1 port detected
[   76.988007][    T1] dummy_hcd dummy_hcd.18: USB Host+Gadget Emulator, driver 02 May 2005
[   76.988593][    T1] dummy_hcd dummy_hcd.18: Dummy host controller
[   77.000043][    T1] dummy_hcd dummy_hcd.18: new USB bus registered, assigned bus number 19
[   77.011458][    T1] usb usb19: New USB device found, idVendor=1d6b, idProduct=0002, bcdDevice= 6.18
[   77.011859][    T1] usb usb19: New USB device strings: Mfr=3, Product=2, SerialNumber=1
[   77.012161][    T1] usb usb19: Product: Dummy host controller
[   77.012390][    T1] usb usb19: Manufacturer: Linux 6.18.0-rc1-next-20251014 dummy_hcd
[   77.012646][    T1] usb usb19: SerialNumber: dummy_hcd.18
[   77.033510][    T1] hub 19-0:1.0: USB hub found
[   77.041390][    T1] hub 19-0:1.0: 1 port detected
[   77.063915][    T1] dummy_hcd dummy_hcd.19: USB Host+Gadget Emulator, driver 02 May 2005
[   77.078879][    T1] dummy_hcd dummy_hcd.19: Dummy host controller
[   77.087841][    T1] dummy_hcd dummy_hcd.19: new USB bus registered, assigned bus number 20
[   77.101451][    T1] usb usb20: New USB device found, idVendor=1d6b, idProduct=0002, bcdDevice= 6.18
[   77.101864][    T1] usb usb20: New USB device strings: Mfr=3, Product=2, SerialNumber=1
[   77.102167][    T1] usb usb20: Product: Dummy host controller
[   77.102397][    T1] usb usb20: Manufacturer: Linux 6.18.0-rc1-next-20251014 dummy_hcd
[   77.102653][    T1] usb usb20: SerialNumber: dummy_hcd.19
[   77.129353][    T1] hub 20-0:1.0: USB hub found
[   77.136083][    T1] hub 20-0:1.0: 1 port detected
[   77.168520][    T1] dummy_hcd dummy_hcd.20: USB Host+Gadget Emulator, driver 02 May 2005
[   77.169090][    T1] dummy_hcd dummy_hcd.20: Dummy host controller
[   77.179518][    T1] dummy_hcd dummy_hcd.20: new USB bus registered, assigned bus number 21
[   77.188930][    T1] usb usb21: New USB device found, idVendor=1d6b, idProduct=0002, bcdDevice= 6.18
[   77.189331][    T1] usb usb21: New USB device strings: Mfr=3, Product=2, SerialNumber=1
[   77.189623][    T1] usb usb21: Product: Dummy host controller
[   77.189859][    T1] usb usb21: Manufacturer: Linux 6.18.0-rc1-next-20251014 dummy_hcd
[   77.190151][    T1] usb usb21: SerialNumber: dummy_hcd.20
[   77.212976][    T1] hub 21-0:1.0: USB hub found
[   77.214566][    T1] hub 21-0:1.0: 1 port detected
[   77.250114][    T1] dummy_hcd dummy_hcd.21: USB Host+Gadget Emulator, driver 02 May 2005
[   77.250679][    T1] dummy_hcd dummy_hcd.21: Dummy host controller
[   77.269165][    T1] dummy_hcd dummy_hcd.21: new USB bus registered, assigned bus number 22
[   77.280856][    T1] usb usb22: New USB device found, idVendor=1d6b, idProduct=0002, bcdDevice= 6.18
[   77.281268][    T1] usb usb22: New USB device strings: Mfr=3, Product=2, SerialNumber=1
[   77.281561][    T1] usb usb22: Product: Dummy host controller
[   77.281789][    T1] usb usb22: Manufacturer: Linux 6.18.0-rc1-next-20251014 dummy_hcd
[   77.282055][    T1] usb usb22: SerialNumber: dummy_hcd.21
[   77.303892][    T1] hub 22-0:1.0: USB hub found
[   77.316389][    T1] hub 22-0:1.0: 1 port detected
[   77.346687][    T1] dummy_hcd dummy_hcd.22: USB Host+Gadget Emulator, driver 02 May 2005
[   77.347253][    T1] dummy_hcd dummy_hcd.22: Dummy host controller
[   77.352037][    T1] dummy_hcd dummy_hcd.22: new USB bus registered, assigned bus number 23
[   77.368565][    T1] usb usb23: New USB device found, idVendor=1d6b, idProduct=0002, bcdDevice= 6.18
[   77.368971][    T1] usb usb23: New USB device strings: Mfr=3, Product=2, SerialNumber=1
[   77.369273][    T1] usb usb23: Product: Dummy host controller
[   77.369501][    T1] usb usb23: Manufacturer: Linux 6.18.0-rc1-next-20251014 dummy_hcd
[   77.369757][    T1] usb usb23: SerialNumber: dummy_hcd.22
[   77.392600][    T1] hub 23-0:1.0: USB hub found
[   77.400533][    T1] hub 23-0:1.0: 1 port detected
[   77.438480][    T1] dummy_hcd dummy_hcd.23: USB Host+Gadget Emulator, driver 02 May 2005
[   77.439179][    T1] dummy_hcd dummy_hcd.23: Dummy host controller
[   77.459970][    T1] dummy_hcd dummy_hcd.23: new USB bus registered, assigned bus number 24
[   77.469148][    T1] usb usb24: New USB device found, idVendor=1d6b, idProduct=0002, bcdDevice= 6.18
[   77.469542][    T1] usb usb24: New USB device strings: Mfr=3, Product=2, SerialNumber=1
[   77.469839][    T1] usb usb24: Product: Dummy host controller
[   77.470078][    T1] usb usb24: Manufacturer: Linux 6.18.0-rc1-next-20251014 dummy_hcd
[   77.470335][    T1] usb usb24: SerialNumber: dummy_hcd.23
[   77.496798][    T1] hub 24-0:1.0: USB hub found
[   77.498387][    T1] hub 24-0:1.0: 1 port detected
[   77.530306][    T1] dummy_hcd dummy_hcd.24: USB Host+Gadget Emulator, driver 02 May 2005
[   77.530857][    T1] dummy_hcd dummy_hcd.24: Dummy host controller
[   77.543675][    T1] dummy_hcd dummy_hcd.24: new USB bus registered, assigned bus number 25
[   77.553515][    T1] usb usb25: New USB device found, idVendor=1d6b, idProduct=0002, bcdDevice= 6.18
[   77.553927][    T1] usb usb25: New USB device strings: Mfr=3, Product=2, SerialNumber=1
[   77.554230][    T1] usb usb25: Product: Dummy host controller
[   77.554460][    T1] usb usb25: Manufacturer: Linux 6.18.0-rc1-next-20251014 dummy_hcd
[   77.554722][    T1] usb usb25: SerialNumber: dummy_hcd.24
[   77.580970][    T1] hub 25-0:1.0: USB hub found
[   77.582556][    T1] hub 25-0:1.0: 1 port detected
[   77.627898][    T1] dummy_hcd dummy_hcd.25: USB Host+Gadget Emulator, driver 02 May 2005
[   77.628502][    T1] dummy_hcd dummy_hcd.25: Dummy host controller
[   77.634109][    T1] dummy_hcd dummy_hcd.25: new USB bus registered, assigned bus number 26
[   77.646279][    T1] usb usb26: New USB device found, idVendor=1d6b, idProduct=0002, bcdDevice= 6.18
[   77.646708][    T1] usb usb26: New USB device strings: Mfr=3, Product=2, SerialNumber=1
[   77.647007][    T1] usb usb26: Product: Dummy host controller
[   77.647250][    T1] usb usb26: Manufacturer: Linux 6.18.0-rc1-next-20251014 dummy_hcd
[   77.647507][    T1] usb usb26: SerialNumber: dummy_hcd.25
[   77.678318][    T1] hub 26-0:1.0: USB hub found
[   77.681217][    T1] hub 26-0:1.0: 1 port detected
[   77.711461][    T1] dummy_hcd dummy_hcd.26: USB Host+Gadget Emulator, driver 02 May 2005
[   77.712754][    T1] dummy_hcd dummy_hcd.26: Dummy host controller
[   77.725061][    T1] dummy_hcd dummy_hcd.26: new USB bus registered, assigned bus number 27
[   77.731678][    T1] usb usb27: New USB device found, idVendor=1d6b, idProduct=0002, bcdDevice= 6.18
[   77.732049][    T1] usb usb27: New USB device strings: Mfr=3, Product=2, SerialNumber=1
[   77.732338][    T1] usb usb27: Product: Dummy host controller
[   77.732565][    T1] usb usb27: Manufacturer: Linux 6.18.0-rc1-next-20251014 dummy_hcd
[   77.736239][    T1] usb usb27: SerialNumber: dummy_hcd.26
[   77.762143][    T1] hub 27-0:1.0: USB hub found
[   77.766721][    T1] hub 27-0:1.0: 1 port detected
[   77.808736][    T1] dummy_hcd dummy_hcd.27: USB Host+Gadget Emulator, driver 02 May 2005
[   77.809344][    T1] dummy_hcd dummy_hcd.27: Dummy host controller
[   77.818829][    T1] dummy_hcd dummy_hcd.27: new USB bus registered, assigned bus number 28
[   77.829696][    T1] usb usb28: New USB device found, idVendor=1d6b, idProduct=0002, bcdDevice= 6.18
[   77.830107][    T1] usb usb28: New USB device strings: Mfr=3, Product=2, SerialNumber=1
[   77.830436][    T1] usb usb28: Product: Dummy host controller
[   77.830667][    T1] usb usb28: Manufacturer: Linux 6.18.0-rc1-next-20251014 dummy_hcd
[   77.830925][    T1] usb usb28: SerialNumber: dummy_hcd.27
[   77.858251][    T1] hub 28-0:1.0: USB hub found
[   77.859877][    T1] hub 28-0:1.0: 1 port detected
[   77.895719][    T1] dummy_hcd dummy_hcd.28: USB Host+Gadget Emulator, driver 02 May 2005
[   77.896325][    T1] dummy_hcd dummy_hcd.28: Dummy host controller
[   77.904772][    T1] dummy_hcd dummy_hcd.28: new USB bus registered, assigned bus number 29
[   77.916282][    T1] usb usb29: New USB device found, idVendor=1d6b, idProduct=0002, bcdDevice= 6.18
[   77.916667][    T1] usb usb29: New USB device strings: Mfr=3, Product=2, SerialNumber=1
[   77.916960][    T1] usb usb29: Product: Dummy host controller
[   77.917199][    T1] usb usb29: Manufacturer: Linux 6.18.0-rc1-next-20251014 dummy_hcd
[   77.917455][    T1] usb usb29: SerialNumber: dummy_hcd.28
[   77.935198][    T1] hub 29-0:1.0: USB hub found
[   77.943820][    T1] hub 29-0:1.0: 1 port detected
[   77.979772][    T1] dummy_hcd dummy_hcd.29: USB Host+Gadget Emulator, driver 02 May 2005
[   77.980357][    T1] dummy_hcd dummy_hcd.29: Dummy host controller
[   77.990106][    T1] dummy_hcd dummy_hcd.29: new USB bus registered, assigned bus number 30
[   78.005886][    T1] usb usb30: New USB device found, idVendor=1d6b, idProduct=0002, bcdDevice= 6.18
[   78.006331][    T1] usb usb30: New USB device strings: Mfr=3, Product=2, SerialNumber=1
[   78.006629][    T1] usb usb30: Product: Dummy host controller
[   78.006858][    T1] usb usb30: Manufacturer: Linux 6.18.0-rc1-next-20251014 dummy_hcd
[   78.007132][    T1] usb usb30: SerialNumber: dummy_hcd.29
[   78.030923][    T1] hub 30-0:1.0: USB hub found
[   78.036947][    T1] hub 30-0:1.0: 1 port detected
[   78.064062][    T1] dummy_hcd dummy_hcd.30: USB Host+Gadget Emulator, driver 02 May 2005
[   78.071375][    T1] dummy_hcd dummy_hcd.30: Dummy host controller
[   78.077771][    T1] dummy_hcd dummy_hcd.30: new USB bus registered, assigned bus number 31
[   78.088728][    T1] usb usb31: New USB device found, idVendor=1d6b, idProduct=0002, bcdDevice= 6.18
[   78.089146][    T1] usb usb31: New USB device strings: Mfr=3, Product=2, SerialNumber=1
[   78.089438][    T1] usb usb31: Product: Dummy host controller
[   78.089666][    T1] usb usb31: Manufacturer: Linux 6.18.0-rc1-next-20251014 dummy_hcd
[   78.089923][    T1] usb usb31: SerialNumber: dummy_hcd.30
[   78.112263][    T1] hub 31-0:1.0: USB hub found
[   78.115182][    T1] hub 31-0:1.0: 1 port detected
[   78.156271][    T1] dummy_hcd dummy_hcd.31: USB Host+Gadget Emulator, driver 02 May 2005
[   78.157715][    T1] dummy_hcd dummy_hcd.31: Dummy host controller
[   78.168589][    T1] dummy_hcd dummy_hcd.31: new USB bus registered, assigned bus number 32
[   78.181965][    T1] usb usb32: New USB device found, idVendor=1d6b, idProduct=0002, bcdDevice= 6.18
[   78.182386][    T1] usb usb32: New USB device strings: Mfr=3, Product=2, SerialNumber=1
[   78.182681][    T1] usb usb32: Product: Dummy host controller
[   78.184476][    T1] usb usb32: Manufacturer: Linux 6.18.0-rc1-next-20251014 dummy_hcd
[   78.184774][    T1] usb usb32: SerialNumber: dummy_hcd.31
[   78.215731][    T1] hub 32-0:1.0: USB hub found
[   78.217500][    T1] hub 32-0:1.0: 1 port detected
[   79.181868][    T1] SPI driver max3420-udc has no spi_device_id for maxim,max3421-udc
[   79.192602][    T1] gadgetfs: USB Gadget filesystem, version 24 Aug 2004
[   79.221633][    T1] vhci_hcd vhci_hcd.0: USB/IP Virtual Host Controller
[   79.236493][    T1] vhci_hcd vhci_hcd.0: new USB bus registered, assigned bus number 33
[   79.242127][    T1] vhci_hcd vhci_hcd.0: created sysfs vhci_hcd.0
[   79.256813][    T1] usb usb33: New USB device found, idVendor=1d6b, idProduct=0002, bcdDevice= 6.18
[   79.257252][    T1] usb usb33: New USB device strings: Mfr=3, Product=2, SerialNumber=1
[   79.257555][    T1] usb usb33: Product: USB/IP Virtual Host Controller
[   79.257803][    T1] usb usb33: Manufacturer: Linux 6.18.0-rc1-next-20251014 vhci_hcd
[   79.258071][    T1] usb usb33: SerialNumber: vhci_hcd.0
[   79.280530][    T1] hub 33-0:1.0: USB hub found
[   79.282769][    T1] hub 33-0:1.0: 8 ports detected
[   79.350263][    T1] vhci_hcd vhci_hcd.0: USB/IP Virtual Host Controller
[   79.361498][    T1] vhci_hcd vhci_hcd.0: new USB bus registered, assigned bus number 34
[   79.372725][    T1] usb usb34: We don't know the algorithms for LPM for this host, disabling LPM.
[   79.381525][    T1] usb usb34: New USB device found, idVendor=1d6b, idProduct=0003, bcdDevice= 6.18
[   79.381525][    T1] usb usb34: New USB device strings: Mfr=3, Product=2, SerialNumber=1
[   79.381525][    T1] usb usb34: Product: USB/IP Virtual Host Controller
[   79.381525][    T1] usb usb34: Manufacturer: Linux 6.18.0-rc1-next-20251014 vhci_hcd
[   79.381525][    T1] usb usb34: SerialNumber: vhci_hcd.0
[   79.411622][    T1] hub 34-0:1.0: USB hub found
[   79.413514][    T1] hub 34-0:1.0: 8 ports detected
[   79.518357][    T1] vhci_hcd vhci_hcd.1: USB/IP Virtual Host Controller
[   79.527240][    T1] vhci_hcd vhci_hcd.1: new USB bus registered, assigned bus number 35
[   79.540121][    T1] usb usb35: New USB device found, idVendor=1d6b, idProduct=0002, bcdDevice= 6.18
[   79.540549][    T1] usb usb35: New USB device strings: Mfr=3, Product=2, SerialNumber=1
[   79.540851][    T1] usb usb35: Product: USB/IP Virtual Host Controller
[   79.541110][    T1] usb usb35: Manufacturer: Linux 6.18.0-rc1-next-20251014 vhci_hcd
[   79.541371][    T1] usb usb35: SerialNumber: vhci_hcd.1
[   79.564689][    T1] hub 35-0:1.0: USB hub found
[   79.566345][    T1] hub 35-0:1.0: 8 ports detected
[   79.638536][    T1] vhci_hcd vhci_hcd.1: USB/IP Virtual Host Controller
[   79.648784][    T1] vhci_hcd vhci_hcd.1: new USB bus registered, assigned bus number 36
[   79.652769][    T1] usb usb36: We don't know the algorithms for LPM for this host, disabling LPM.
[   79.664142][    T1] usb usb36: New USB device found, idVendor=1d6b, idProduct=0003, bcdDevice= 6.18
[   79.664542][    T1] usb usb36: New USB device strings: Mfr=3, Product=2, SerialNumber=1
[   79.664841][    T1] usb usb36: Product: USB/IP Virtual Host Controller
[   79.665098][    T1] usb usb36: Manufacturer: Linux 6.18.0-rc1-next-20251014 vhci_hcd
[   79.665362][    T1] usb usb36: SerialNumber: vhci_hcd.1
[   79.691331][    T1] hub 36-0:1.0: USB hub found
[   79.692940][    T1] hub 36-0:1.0: 8 ports detected
[   79.781312][    T1] vhci_hcd vhci_hcd.2: USB/IP Virtual Host Controller
[   79.796168][    T1] vhci_hcd vhci_hcd.2: new USB bus registered, assigned bus number 37
[   79.803754][    T1] usb usb37: New USB device found, idVendor=1d6b, idProduct=0002, bcdDevice= 6.18
[   79.804137][    T1] usb usb37: New USB device strings: Mfr=3, Product=2, SerialNumber=1
[   79.804430][    T1] usb usb37: Product: USB/IP Virtual Host Controller
[   79.804679][    T1] usb usb37: Manufacturer: Linux 6.18.0-rc1-next-20251014 vhci_hcd
[   79.810467][    T1] usb usb37: SerialNumber: vhci_hcd.2
[   79.832318][    T1] hub 37-0:1.0: USB hub found
[   79.833935][    T1] hub 37-0:1.0: 8 ports detected
[   79.905892][    T1] vhci_hcd vhci_hcd.2: USB/IP Virtual Host Controller
[   79.912024][    T1] vhci_hcd vhci_hcd.2: new USB bus registered, assigned bus number 38
[   79.920544][    T1] usb usb38: We don't know the algorithms for LPM for this host, disabling LPM.
[   79.927381][    T1] usb usb38: New USB device found, idVendor=1d6b, idProduct=0003, bcdDevice= 6.18
[   79.927753][    T1] usb usb38: New USB device strings: Mfr=3, Product=2, SerialNumber=1
[   79.928063][    T1] usb usb38: Product: USB/IP Virtual Host Controller
[   79.928305][    T1] usb usb38: Manufacturer: Linux 6.18.0-rc1-next-20251014 vhci_hcd
[   79.928561][    T1] usb usb38: SerialNumber: vhci_hcd.2
[   79.958425][    T1] hub 38-0:1.0: USB hub found
[   79.961491][    T1] hub 38-0:1.0: 8 ports detected
[   80.046884][    T1] vhci_hcd vhci_hcd.3: USB/IP Virtual Host Controller
[   80.052237][    T1] vhci_hcd vhci_hcd.3: new USB bus registered, assigned bus number 39
[   80.068761][    T1] usb usb39: New USB device found, idVendor=1d6b, idProduct=0002, bcdDevice= 6.18
[   80.069186][    T1] usb usb39: New USB device strings: Mfr=3, Product=2, SerialNumber=1
[   80.069487][    T1] usb usb39: Product: USB/IP Virtual Host Controller
[   80.069733][    T1] usb usb39: Manufacturer: Linux 6.18.0-rc1-next-20251014 vhci_hcd
[   80.069991][    T1] usb usb39: SerialNumber: vhci_hcd.3
[   80.091986][    T1] hub 39-0:1.0: USB hub found
[   80.105657][    T1] hub 39-0:1.0: 8 ports detected
[   80.177498][    T1] vhci_hcd vhci_hcd.3: USB/IP Virtual Host Controller
[   80.182930][    T1] vhci_hcd vhci_hcd.3: new USB bus registered, assigned bus number 40
[   80.189872][    T1] usb usb40: We don't know the algorithms for LPM for this host, disabling LPM.
[   80.196321][    T1] usb usb40: New USB device found, idVendor=1d6b, idProduct=0003, bcdDevice= 6.18
[   80.196699][    T1] usb usb40: New USB device strings: Mfr=3, Product=2, SerialNumber=1
[   80.196991][    T1] usb usb40: Product: USB/IP Virtual Host Controller
[   80.197245][    T1] usb usb40: Manufacturer: Linux 6.18.0-rc1-next-20251014 vhci_hcd
[   80.197501][    T1] usb usb40: SerialNumber: vhci_hcd.3
[   80.219207][    T1] hub 40-0:1.0: USB hub found
[   80.220821][    T1] hub 40-0:1.0: 8 ports detected
[   80.301667][    T1] vhci_hcd vhci_hcd.4: USB/IP Virtual Host Controller
[   80.326921][    T1] vhci_hcd vhci_hcd.4: new USB bus registered, assigned bus number 41
[   80.337669][    T1] usb usb41: New USB device found, idVendor=1d6b, idProduct=0002, bcdDevice= 6.18
[   80.338080][    T1] usb usb41: New USB device strings: Mfr=3, Product=2, SerialNumber=1
[   80.338377][    T1] usb usb41: Product: USB/IP Virtual Host Controller
[   80.338623][    T1] usb usb41: Manufacturer: Linux 6.18.0-rc1-next-20251014 vhci_hcd
[   80.338879][    T1] usb usb41: SerialNumber: vhci_hcd.4
[   80.363968][    T1] hub 41-0:1.0: USB hub found
[   80.368698][    T1] hub 41-0:1.0: 8 ports detected
[   80.432845][    T1] vhci_hcd vhci_hcd.4: USB/IP Virtual Host Controller
[   80.440427][    T1] vhci_hcd vhci_hcd.4: new USB bus registered, assigned bus number 42
[   80.449378][    T1] usb usb42: We don't know the algorithms for LPM for this host, disabling LPM.
[   80.456707][    T1] usb usb42: New USB device found, idVendor=1d6b, idProduct=0003, bcdDevice= 6.18
[   80.457123][    T1] usb usb42: New USB device strings: Mfr=3, Product=2, SerialNumber=1
[   80.457432][    T1] usb usb42: Product: USB/IP Virtual Host Controller
[   80.457686][    T1] usb usb42: Manufacturer: Linux 6.18.0-rc1-next-20251014 vhci_hcd
[   80.457950][    T1] usb usb42: SerialNumber: vhci_hcd.4
[   80.481100][    T1] hub 42-0:1.0: USB hub found
[   80.491231][    T1] hub 42-0:1.0: 8 ports detected
[   80.571818][    T1] vhci_hcd vhci_hcd.5: USB/IP Virtual Host Controller
[   80.593096][    T1] vhci_hcd vhci_hcd.5: new USB bus registered, assigned bus number 43
[   80.608701][    T1] usb usb43: New USB device found, idVendor=1d6b, idProduct=0002, bcdDevice= 6.18
[   80.609126][    T1] usb usb43: New USB device strings: Mfr=3, Product=2, SerialNumber=1
[   80.609434][    T1] usb usb43: Product: USB/IP Virtual Host Controller
[   80.609684][    T1] usb usb43: Manufacturer: Linux 6.18.0-rc1-next-20251014 vhci_hcd
[   80.609943][    T1] usb usb43: SerialNumber: vhci_hcd.5
[   80.631781][    T1] hub 43-0:1.0: USB hub found
[   80.633371][    T1] hub 43-0:1.0: 8 ports detected
[   80.709804][    T1] vhci_hcd vhci_hcd.5: USB/IP Virtual Host Controller
[   80.719806][    T1] vhci_hcd vhci_hcd.5: new USB bus registered, assigned bus number 44
[   80.722846][    T1] usb usb44: We don't know the algorithms for LPM for this host, disabling LPM.
[   80.735429][    T1] usb usb44: New USB device found, idVendor=1d6b, idProduct=0003, bcdDevice= 6.18
[   80.735846][    T1] usb usb44: New USB device strings: Mfr=3, Product=2, SerialNumber=1
[   80.736162][    T1] usb usb44: Product: USB/IP Virtual Host Controller
[   80.736407][    T1] usb usb44: Manufacturer: Linux 6.18.0-rc1-next-20251014 vhci_hcd
[   80.736661][    T1] usb usb44: SerialNumber: vhci_hcd.5
[   80.763608][    T1] hub 44-0:1.0: USB hub found
[   80.771439][    T1] hub 44-0:1.0: 8 ports detected
[   80.869030][    T1] vhci_hcd vhci_hcd.6: USB/IP Virtual Host Controller
[   80.882956][    T1] vhci_hcd vhci_hcd.6: new USB bus registered, assigned bus number 45
[   80.896796][    T1] usb usb45: New USB device found, idVendor=1d6b, idProduct=0002, bcdDevice= 6.18
[   80.897221][    T1] usb usb45: New USB device strings: Mfr=3, Product=2, SerialNumber=1
[   80.897522][    T1] usb usb45: Product: USB/IP Virtual Host Controller
[   80.897771][    T1] usb usb45: Manufacturer: Linux 6.18.0-rc1-next-20251014 vhci_hcd
[   80.898041][    T1] usb usb45: SerialNumber: vhci_hcd.6
[   80.930303][    T1] hub 45-0:1.0: USB hub found
[   80.933494][    T1] hub 45-0:1.0: 8 ports detected
[   81.003920][    T1] vhci_hcd vhci_hcd.6: USB/IP Virtual Host Controller
[   81.009676][    T1] vhci_hcd vhci_hcd.6: new USB bus registered, assigned bus number 46
[   81.018907][    T1] usb usb46: We don't know the algorithms for LPM for this host, disabling LPM.
[   81.024427][    T1] usb usb46: New USB device found, idVendor=1d6b, idProduct=0003, bcdDevice= 6.18
[   81.024795][    T1] usb usb46: New USB device strings: Mfr=3, Product=2, SerialNumber=1
[   81.025095][    T1] usb usb46: Product: USB/IP Virtual Host Controller
[   81.025342][    T1] usb usb46: Manufacturer: Linux 6.18.0-rc1-next-20251014 vhci_hcd
[   81.025597][    T1] usb usb46: SerialNumber: vhci_hcd.6
[   81.045148][    T1] hub 46-0:1.0: USB hub found
[   81.056180][    T1] hub 46-0:1.0: 8 ports detected
[   81.146515][    T1] vhci_hcd vhci_hcd.7: USB/IP Virtual Host Controller
[   81.152678][    T1] vhci_hcd vhci_hcd.7: new USB bus registered, assigned bus number 47
[   81.167237][    T1] usb usb47: New USB device found, idVendor=1d6b, idProduct=0002, bcdDevice= 6.18
[   81.167661][    T1] usb usb47: New USB device strings: Mfr=3, Product=2, SerialNumber=1
[   81.167965][    T1] usb usb47: Product: USB/IP Virtual Host Controller
[   81.168219][    T1] usb usb47: Manufacturer: Linux 6.18.0-rc1-next-20251014 vhci_hcd
[   81.168473][    T1] usb usb47: SerialNumber: vhci_hcd.7
[   81.191922][    T1] hub 47-0:1.0: USB hub found
[   81.196638][    T1] hub 47-0:1.0: 8 ports detected
[   81.268572][    T1] vhci_hcd vhci_hcd.7: USB/IP Virtual Host Controller
[   81.278934][    T1] vhci_hcd vhci_hcd.7: new USB bus registered, assigned bus number 48
[   81.281848][    T1] usb usb48: We don't know the algorithms for LPM for this host, disabling LPM.
[   81.291062][    T1] usb usb48: New USB device found, idVendor=1d6b, idProduct=0003, bcdDevice= 6.18
[   81.291455][    T1] usb usb48: New USB device strings: Mfr=3, Product=2, SerialNumber=1
[   81.291750][    T1] usb usb48: Product: USB/IP Virtual Host Controller
[   81.291994][    T1] usb usb48: Manufacturer: Linux 6.18.0-rc1-next-20251014 vhci_hcd
[   81.292259][    T1] usb usb48: SerialNumber: vhci_hcd.7
[   81.312996][    T1] hub 48-0:1.0: USB hub found
[   81.323581][    T1] hub 48-0:1.0: 8 ports detected
[   81.400817][    T1] vhci_hcd vhci_hcd.8: USB/IP Virtual Host Controller
[   81.419201][    T1] vhci_hcd vhci_hcd.8: new USB bus registered, assigned bus number 49
[   81.432276][    T1] usb usb49: New USB device found, idVendor=1d6b, idProduct=0002, bcdDevice= 6.18
[   81.432691][    T1] usb usb49: New USB device strings: Mfr=3, Product=2, SerialNumber=1
[   81.432992][    T1] usb usb49: Product: USB/IP Virtual Host Controller
[   81.433248][    T1] usb usb49: Manufacturer: Linux 6.18.0-rc1-next-20251014 vhci_hcd
[   81.433507][    T1] usb usb49: SerialNumber: vhci_hcd.8
[   81.465359][    T1] hub 49-0:1.0: USB hub found
[   81.467023][    T1] hub 49-0:1.0: 8 ports detected
[   81.538306][    T1] vhci_hcd vhci_hcd.8: USB/IP Virtual Host Controller
[   81.551205][    T1] vhci_hcd vhci_hcd.8: new USB bus registered, assigned bus number 50
[   81.554348][    T1] usb usb50: We don't know the algorithms for LPM for this host, disabling LPM.
[   81.566285][    T1] usb usb50: New USB device found, idVendor=1d6b, idProduct=0003, bcdDevice= 6.18
[   81.566700][    T1] usb usb50: New USB device strings: Mfr=3, Product=2, SerialNumber=1
[   81.566997][    T1] usb usb50: Product: USB/IP Virtual Host Controller
[   81.567253][    T1] usb usb50: Manufacturer: Linux 6.18.0-rc1-next-20251014 vhci_hcd
[   81.567513][    T1] usb usb50: SerialNumber: vhci_hcd.8
[   81.595496][    T1] hub 50-0:1.0: USB hub found
[   81.598158][    T1] hub 50-0:1.0: 8 ports detected
[   81.691721][    T1] vhci_hcd vhci_hcd.9: USB/IP Virtual Host Controller
[   81.707221][    T1] vhci_hcd vhci_hcd.9: new USB bus registered, assigned bus number 51
[   81.713673][    T1] usb usb51: New USB device found, idVendor=1d6b, idProduct=0002, bcdDevice= 6.18
[   81.714054][    T1] usb usb51: New USB device strings: Mfr=3, Product=2, SerialNumber=1
[   81.714348][    T1] usb usb51: Product: USB/IP Virtual Host Controller
[   81.714593][    T1] usb usb51: Manufacturer: Linux 6.18.0-rc1-next-20251014 vhci_hcd
[   81.714856][    T1] usb usb51: SerialNumber: vhci_hcd.9
[   81.740278][    T1] hub 51-0:1.0: USB hub found
[   81.741914][    T1] hub 51-0:1.0: 8 ports detected
[   81.816867][    T1] vhci_hcd vhci_hcd.9: USB/IP Virtual Host Controller
[   81.826274][    T1] vhci_hcd vhci_hcd.9: new USB bus registered, assigned bus number 52
[   81.830626][    T1] usb usb52: We don't know the algorithms for LPM for this host, disabling LPM.
[   81.839058][    T1] usb usb52: New USB device found, idVendor=1d6b, idProduct=0003, bcdDevice= 6.18
[   81.839445][    T1] usb usb52: New USB device strings: Mfr=3, Product=2, SerialNumber=1
[   81.839739][    T1] usb usb52: Product: USB/IP Virtual Host Controller
[   81.839990][    T1] usb usb52: Manufacturer: Linux 6.18.0-rc1-next-20251014 vhci_hcd
[   81.840259][    T1] usb usb52: SerialNumber: vhci_hcd.9
[   81.868759][    T1] hub 52-0:1.0: USB hub found
[   81.870414][    T1] hub 52-0:1.0: 8 ports detected
[   81.951754][    T1] vhci_hcd vhci_hcd.10: USB/IP Virtual Host Controller
[   81.972625][    T1] vhci_hcd vhci_hcd.10: new USB bus registered, assigned bus number 53
