c[?7l[2J[0mSeaBIOS (version 1.16.3-debian-1.16.3-2)


iPXE (https://ipxe.org) 00:03.0 CA00 PCI2.10 PnP PMM+7EFCAD60+7EF0AD60 CA00
Press Ctrl-B to configure iPXE (PCI 00:03.0)...                                                                               


Booting from ROM..c[?7l[2JNo EFI environment detected.
early console in extract_kernel
input_data: 0x0000000002d1a2c4
input_len: 0x0000000000d1288f
output: 0x0000000001000000
output_len: 0x00000000029e2090
kernel_total_size: 0x0000000002630000
needed_size: 0x0000000002a00000
trampoline_32bit: 0x000000000009d000
Physical KASLR using RDRAND RDTSC...
Virtual KASLR using RDRAND RDTSC...

Decompressing Linux... Parsing ELF... Performing relocations... done.
Booting the kernel (entry_offset: 0x000000000119b980).
[    0.000000] Linux version 6.13.0-next-20250128 (ubuntu@ip-172-31-64-161) (x86_64-linux-gnu-gcc (Ubuntu 13.3.0-6ubuntu2~24.04) 13.3.0, Ubuntu LLD 15.0.7) #1 SMP PREEMPT_DYNAMIC Wed Jan  7 19:46:01 UTC 2026
[    0.000000] Command line: console=ttyS0 root=/dev/vda1 ro earlyprintk=serial net.ifnames=0 selinux=0 systemd.mask=networking.service systemd.mask=ifupdown-pre.service systemd.mask=systemd-rfkill.service
[    0.000000] BIOS-provided physical RAM map:
[    0.000000] BIOS-e820: [mem 0x0000000000000000-0x000000000009fbff] usable
[    0.000000] BIOS-e820: [mem 0x000000000009fc00-0x000000000009ffff] reserved
[    0.000000] BIOS-e820: [mem 0x00000000000f0000-0x00000000000fffff] reserved
[    0.000000] BIOS-e820: [mem 0x0000000000100000-0x000000007ffdcfff] usable
[    0.000000] BIOS-e820: [mem 0x000000007ffdd000-0x000000007fffffff] reserved
[    0.000000] BIOS-e820: [mem 0x00000000fffc0000-0x00000000ffffffff] reserved
[    0.000000] BIOS-e820: [mem 0x000000fd00000000-0x000000ffffffffff] reserved
[    0.000000] printk: legacy bootconsole [earlyser0] enabled
[    0.000000] NX (Execute Disable) protection: active
[    0.000000] APIC: Static calls initialized
[    0.000000] SMBIOS 3.0.0 present.
[    0.000000] DMI: QEMU Ubuntu 24.04 PC (i440FX + PIIX, 1996), BIOS 1.16.3-debian-1.16.3-2 04/01/2014
[    0.000000] DMI: Memory slots populated: 1/1
[    0.000000] tsc: Fast TSC calibration using PIT
[    0.000000] tsc: Detected 2999.975 MHz processor
[    0.011199] last_pfn = 0x7ffdd max_arch_pfn = 0x10000000000
[    0.012074] MTRR map: 4 entries (3 fixed + 1 variable; max 19), built from 8 variable MTRRs
[    0.012464] x86/PAT: Configuration [0-7]: WB  WC  UC- UC  WB  WP  UC- WT  
Memory KASLR using RDRAND RDTSC...
[    0.032898] found SMP MP-table at [mem 0x000f5470-0x000f547f]
[    0.034791] Using GB pages for direct mapping
[    0.038318] ACPI: Early table checksum verification disabled
[    0.038884] ACPI: RSDP 0x00000000000F5290 000014 (v00 BOCHS )
[    0.039336] ACPI: RSDT 0x000000007FFE1C5E 000034 (v01 BOCHS  BXPC     00000001 BXPC 00000001)
[    0.040228] ACPI: FACP 0x000000007FFE1B12 000074 (v01 BOCHS  BXPC     00000001 BXPC 00000001)
[    0.041143] ACPI: DSDT 0x000000007FFE0040 001AD2 (v01 BOCHS  BXPC     00000001 BXPC 00000001)
[    0.041443] ACPI: FACS 0x000000007FFE0000 000040
[    0.041645] ACPI: APIC 0x000000007FFE1B86 000078 (v03 BOCHS  BXPC     00000001 BXPC 00000001)
[    0.041878] ACPI: HPET 0x000000007FFE1BFE 000038 (v01 BOCHS  BXPC     00000001 BXPC 00000001)
[    0.042104] ACPI: WAET 0x000000007FFE1C36 000028 (v01 BOCHS  BXPC     00000001 BXPC 00000001)
[    0.042400] ACPI: Reserving FACP table memory at [mem 0x7ffe1b12-0x7ffe1b85]
[    0.042620] ACPI: Reserving DSDT table memory at [mem 0x7ffe0040-0x7ffe1b11]
[    0.042796] ACPI: Reserving FACS table memory at [mem 0x7ffe0000-0x7ffe003f]
[    0.042965] ACPI: Reserving APIC table memory at [mem 0x7ffe1b86-0x7ffe1bfd]
[    0.043134] ACPI: Reserving HPET table memory at [mem 0x7ffe1bfe-0x7ffe1c35]
[    0.043301] ACPI: Reserving WAET table memory at [mem 0x7ffe1c36-0x7ffe1c5d]
[    0.045693] No NUMA configuration found
[    0.045833] Faking a node at [mem 0x0000000000000000-0x000000007ffdcfff]
[    0.046700] NODE_DATA(0) allocated [mem 0x7ffd9940-0x7ffdcfff]
[    0.049372] Zone ranges:
[    0.049484]   DMA      [mem 0x0000000000001000-0x0000000000ffffff]
[    0.049731]   DMA32    [mem 0x0000000001000000-0x000000007ffdcfff]
[    0.049890]   Normal   empty
[    0.049996] Movable zone start for each node
[    0.050129] Early memory node ranges
[    0.050255]   node   0: [mem 0x0000000000001000-0x000000000009efff]
[    0.050575]   node   0: [mem 0x0000000000100000-0x000000007ffdcfff]
[    0.050875] Initmem setup node 0 [mem 0x0000000000001000-0x000000007ffdcfff]
[    0.052299] On node 0, zone DMA: 1 pages in unavailable ranges
[    0.052746] On node 0, zone DMA: 97 pages in unavailable ranges
[    0.082526] On node 0, zone DMA32: 35 pages in unavailable ranges
[    0.083364] ACPI: PM-Timer IO Port: 0x608
[    0.083941] ACPI: LAPIC_NMI (acpi_id[0xff] dfl dfl lint[0x1])
[    0.084533] IOAPIC[0]: apic_id 0, version 32, address 0xfec00000, GSI 0-23
[    0.084873] ACPI: INT_SRC_OVR (bus 0 bus_irq 0 global_irq 2 dfl dfl)
[    0.085317] ACPI: INT_SRC_OVR (bus 0 bus_irq 5 global_irq 5 high level)
[    0.085545] ACPI: INT_SRC_OVR (bus 0 bus_irq 9 global_irq 9 high level)
[    0.085831] ACPI: INT_SRC_OVR (bus 0 bus_irq 10 global_irq 10 high level)
[    0.086008] ACPI: INT_SRC_OVR (bus 0 bus_irq 11 global_irq 11 high level)
[    0.086388] ACPI: Using ACPI (MADT) for SMP configuration information
[    0.086608] ACPI: HPET id: 0x8086a201 base: 0xfed00000
[    0.087142] CPU topo: Max. logical packages:   1
[    0.087275] CPU topo: Max. logical dies:       1
[    0.087400] CPU topo: Max. dies per package:   1
[    0.087600] CPU topo: Max. threads per core:   1
[    0.087911] CPU topo: Num. cores per package:     1
[    0.088054] CPU topo: Num. threads per package:   1
[    0.088184] CPU topo: Allowing 1 present CPUs plus 0 hotplug CPUs
[    0.089279] PM: hibernation: Registered nosave memory: [mem 0x00000000-0x00000fff]
[    0.089525] PM: hibernation: Registered nosave memory: [mem 0x0009f000-0x0009ffff]
[    0.089750] PM: hibernation: Registered nosave memory: [mem 0x000a0000-0x000effff]
[    0.089932] PM: hibernation: Registered nosave memory: [mem 0x000f0000-0x000fffff]
[    0.090242] [mem 0x80000000-0xfffbffff] available for PCI devices
[    0.090449] Booting paravirtualized kernel on bare hardware
[    0.090947] clocksource: refined-jiffies: mask: 0xffffffff max_cycles: 0xffffffff, max_idle_ns: 1910969940391419 ns
[    0.104921] setup_percpu: NR_CPUS:64 nr_cpumask_bits:1 nr_cpu_ids:1 nr_node_ids:1
[    0.106845] percpu: Embedded 56 pages/cpu s191320 r8192 d29864 u2097152
[    0.109101] Kernel command line: console=ttyS0 root=/dev/vda1 ro earlyprintk=serial net.ifnames=0 selinux=0 systemd.mask=networking.service systemd.mask=ifupdown-pre.service systemd.mask=systemd-rfkill.service
[    0.111546] random: crng init done
[    0.111756] printk: log buffer data + meta data: 262144 + 917504 = 1179648 bytes
[    0.113035] Dentry cache hash table entries: 262144 (order: 9, 2097152 bytes, linear)
[    0.113535] Inode-cache hash table entries: 131072 (order: 8, 1048576 bytes, linear)
[    0.116379] Fallback order for Node 0: 0 
[    0.116851] Built 1 zonelists, mobility grouping on.  Total pages: 524155
[    0.117148] Policy zone: DMA32
[    0.117482] mem auto-init: stack:all(zero), heap alloc:off, heap free:off
[    0.137371] SLUB: HWalign=64, Order=0-3, MinObjects=0, CPUs=1, Nodes=1
Poking KASLR using RDRAND RDTSC...
[    0.150952] Dynamic Preempt: voluntary
[    0.155033] rcu: Preemptible hierarchical RCU implementation.
[    0.155228] rcu: 	RCU event tracing is enabled.
[    0.155374] rcu: 	RCU restricting CPUs from NR_CPUS=64 to nr_cpu_ids=1.
[    0.155726] 	Trampoline variant of Tasks RCU enabled.
[    0.155870] 	Tracing variant of Tasks RCU enabled.
[    0.156099] rcu: RCU calculated value of scheduler-enlistment delay is 100 jiffies.
[    0.156317] rcu: Adjusting geometry for rcu_fanout_leaf=16, nr_cpu_ids=1
[    0.157826] RCU Tasks: Setting shift to 0 and lim to 1 rcu_task_cb_adjust=1 rcu_task_cpu_ids=1.
[    0.158073] RCU Tasks Trace: Setting shift to 0 and lim to 1 rcu_task_cb_adjust=1 rcu_task_cpu_ids=1.
[    0.185360] NR_IRQS: 4352, nr_irqs: 256, preallocated irqs: 16
[    0.195761] rcu: srcu_init: Setting srcu_struct sizes based on contention.
[    0.203897] Console: colour VGA+ 80x25
[    0.206182] printk: legacy console [ttyS0] enabled
[    0.206182] printk: legacy console [ttyS0] enabled
[    0.206899] printk: legacy bootconsole [earlyser0] disabled
[    0.206899] printk: legacy bootconsole [earlyser0] disabled
[    0.208534] ACPI: Core revision 20240827
[    0.214231] clocksource: hpet: mask: 0xffffffff max_cycles: 0xffffffff, max_idle_ns: 19112604467 ns
[    0.216648] APIC: Switch to symmetric I/O mode setup
[    0.225153] ..TIMER: vector=0x30 apic1=0 pin1=2 apic2=-1 pin2=-1
[    0.231009] clocksource: tsc-early: mask: 0xffffffffffffffff max_cycles: 0x2b3e2dde939, max_idle_ns: 440795317016 ns
[    0.231911] Calibrating delay loop (skipped), value calculated using timer frequency.. 5999.95 BogoMIPS (lpj=2999975)
[    0.236983] x86/cpu: User Mode Instruction Prevention (UMIP) activated
[    0.246058] Last level iTLB entries: 4KB 0, 2MB 0, 4MB 0
[    0.246382] Last level dTLB entries: 4KB 0, 2MB 0, 4MB 0, 1GB 0
[    0.248468] Spectre V1 : Mitigation: usercopy/swapgs barriers and __user pointer sanitization
[    0.249190] Spectre V2 : Mitigation: Retpolines
[    0.249389] Spectre V2 : Spectre v2 / SpectreRSB mitigation: Filling RSB on context switch
[    0.249723] Spectre V2 : Spectre v2 / SpectreRSB : Filling RSB on VMEXIT
[    0.249986] Speculative Store Bypass: Vulnerable
[    0.253505] x86/fpu: Supporting XSAVE feature 0x001: 'x87 floating point registers'
[    0.256477] x86/fpu: Supporting XSAVE feature 0x002: 'SSE registers'
[    0.256693] x86/fpu: Supporting XSAVE feature 0x004: 'AVX registers'
[    0.256863] x86/fpu: Supporting XSAVE feature 0x008: 'MPX bounds registers'
[    0.257044] x86/fpu: Supporting XSAVE feature 0x010: 'MPX CSR'
[    0.257270] x86/fpu: Supporting XSAVE feature 0x200: 'Protection Keys User registers'
[    0.257603] x86/fpu: xstate_offset[2]:  576, xstate_sizes[2]:  256
[    0.257884] x86/fpu: xstate_offset[3]:  960, xstate_sizes[3]:   64
[    0.258048] x86/fpu: xstate_offset[4]: 1024, xstate_sizes[4]:   64
[    0.258205] x86/fpu: xstate_offset[9]: 2688, xstate_sizes[9]:    8
[    0.258492] x86/fpu: Enabled xstate features 0x21f, context size is 2696 bytes, using 'standard' format.
[    0.670562] Freeing SMP alternatives memory: 48K
[    0.672047] pid_max: default: 32768 minimum: 301
[    0.676900] LSM: initializing lsm=capability
[    0.684180] Mount-cache hash table entries: 4096 (order: 3, 32768 bytes, linear)
[    0.684607] Mountpoint-cache hash table entries: 4096 (order: 3, 32768 bytes, linear)
[    0.821345] smpboot: CPU0: AMD QEMU TCG CPU version 2.5+ (family: 0x6, model: 0x6, stepping: 0x3)
[    0.836883] Performance Events: PMU not available due to virtualization, using software events only.
[    0.838849] signal: max sigframe size: 3632
[    0.840401] rcu: Hierarchical SRCU implementation.
[    0.840628] rcu: 	Max phase no-delay instances is 400.
[    0.848221] smp: Bringing up secondary CPUs ...
[    0.850334] smp: Brought up 1 node, 1 CPU
[    0.850906] smpboot: Total of 1 processors activated (5999.95 BogoMIPS)
[    0.857994] Memory: 2016288K/2096620K available (18031K kernel code, 2872K rwdata, 7120K rodata, 2824K init, 936K bss, 76704K reserved, 0K cma-reserved)
[    0.867067] devtmpfs: initialized
[    0.878465] clocksource: jiffies: mask: 0xffffffff max_cycles: 0xffffffff, max_idle_ns: 1911260446275000 ns
[    0.879151] futex hash table entries: 256 (order: 2, 16384 bytes, linear)
[    0.883278] PM: RTC time: 01:57:02, date: 2026-01-09
[    0.888925] NET: Registered PF_NETLINK/PF_ROUTE protocol family
[    0.892518] audit: initializing netlink subsys (disabled)
[    0.895051] audit: type=2000 audit(1767923822.674:1): state=initialized audit_enabled=0 res=1
[    0.901521] thermal_sys: Registered thermal governor 'step_wise'
[    0.902009] cpuidle: using governor menu
[    0.906877] PCI: Using configuration type 1 for base access
[    0.909720] kprobes: kprobe jump-optimization is enabled. All kprobes are optimized if possible.
[    0.914595] HugeTLB: registered 2.00 MiB page size, pre-allocated 0 pages
[    0.914846] HugeTLB: 28 KiB vmemmap can be freed for a 2.00 MiB page
[    0.929562] ACPI: Added _OSI(Module Device)
[    0.929738] ACPI: Added _OSI(Processor Device)
[    0.929858] ACPI: Added _OSI(3.0 _SCP Extensions)
[    0.929976] ACPI: Added _OSI(Processor Aggregator Device)
[    0.962090] ACPI: 1 ACPI AML tables successfully acquired and loaded
[    1.000063] ACPI: Interpreter enabled
[    1.002874] ACPI: PM: (supports S0 S3 S4 S5)
[    1.003060] ACPI: Using IOAPIC for interrupt routing
[    1.003662] PCI: Using host bridge windows from ACPI; if necessary, use "pci=nocrs" and report a bug
[    1.003955] PCI: Using E820 reservations for host bridge windows
[    1.006968] ACPI: Enabled 2 GPEs in block 00 to 0F
[    1.083382] ACPI: PCI Root Bridge [PCI0] (domain 0000 [bus 00-ff])
[    1.084141] acpi PNP0A03:00: _OSC: OS supports [ASPM ClockPM Segments MSI HPX-Type3]
[    1.084864] acpi PNP0A03:00: _OSC: not requesting OS control; OS requires [ExtendedConfig ASPM ClockPM MSI]
[    1.086061] acpi PNP0A03:00: fail to add MMCONFIG information, can't access extended configuration space under this bridge
[    1.102599] PCI host bridge to bus 0000:00
[    1.103018] pci_bus 0000:00: root bus resource [io  0x0000-0x0cf7 window]
[    1.103337] pci_bus 0000:00: root bus resource [io  0x0d00-0xffff window]
[    1.103471] pci_bus 0000:00: root bus resource [mem 0x000a0000-0x000bffff window]
[    1.103737] pci_bus 0000:00: root bus resource [mem 0x80000000-0xfebfffff window]
[    1.103922] pci_bus 0000:00: root bus resource [mem 0x100000000-0x17fffffff window]
[    1.104265] pci_bus 0000:00: root bus resource [bus 00-ff]
[    1.106251] pci 0000:00:00.0: [8086:1237] type 00 class 0x060000 conventional PCI endpoint
[    1.111293] pci 0000:00:01.0: [8086:7000] type 00 class 0x060100 conventional PCI endpoint
[    1.112145] pci 0000:00:01.1: [8086:7010] type 00 class 0x010180 conventional PCI endpoint
[    1.113213] pci 0000:00:01.1: BAR 4 [io  0xc0c0-0xc0cf]
[    1.113540] pci 0000:00:01.1: BAR 0 [io  0x01f0-0x01f7]: legacy IDE quirk
[    1.113760] pci 0000:00:01.1: BAR 1 [io  0x03f6]: legacy IDE quirk
[    1.113959] pci 0000:00:01.1: BAR 2 [io  0x0170-0x0177]: legacy IDE quirk
[    1.114148] pci 0000:00:01.1: BAR 3 [io  0x0376]: legacy IDE quirk
[    1.123421] pci 0000:00:01.3: [8086:7113] type 00 class 0x068000 conventional PCI endpoint
[    1.124121] pci 0000:00:01.3: quirk: [io  0x0600-0x063f] claimed by PIIX4 ACPI
[    1.124363] pci 0000:00:01.3: quirk: [io  0x0700-0x070f] claimed by PIIX4 SMB
[    1.125087] pci 0000:00:02.0: [1234:1111] type 00 class 0x030000 conventional PCI endpoint
[    1.126486] pci 0000:00:02.0: BAR 0 [mem 0xfd000000-0xfdffffff pref]
[    1.126763] pci 0000:00:02.0: BAR 2 [mem 0xfeb90000-0xfeb90fff]
[    1.126922] pci 0000:00:02.0: ROM [mem 0xfeb80000-0xfeb8ffff pref]
[    1.127316] pci 0000:00:02.0: Video device with shadowed ROM at [mem 0x000c0000-0x000dffff]
[    1.128467] pci 0000:00:03.0: [1af4:1000] type 00 class 0x020000 conventional PCI endpoint
[    1.130196] pci 0000:00:03.0: BAR 0 [io  0xc080-0xc09f]
[    1.130376] pci 0000:00:03.0: BAR 1 [mem 0xfeb91000-0xfeb91fff]
[    1.130527] pci 0000:00:03.0: BAR 4 [mem 0xfe000000-0xfe003fff 64bit pref]
[    1.130773] pci 0000:00:03.0: ROM [mem 0xfeb00000-0xfeb7ffff pref]
[    1.152413] pci 0000:00:04.0: [1af4:1005] type 00 class 0x00ff00 conventional PCI endpoint
[    1.153484] pci 0000:00:04.0: BAR 0 [io  0xc0a0-0xc0bf]
[    1.153678] pci 0000:00:04.0: BAR 1 [mem 0xfeb92000-0xfeb92fff]
[    1.153837] pci 0000:00:04.0: BAR 4 [mem 0xfe004000-0xfe007fff 64bit pref]
[    1.157827] pci 0000:00:05.0: [1af4:1001] type 00 class 0x010000 conventional PCI endpoint
[    1.158865] pci 0000:00:05.0: BAR 0 [io  0xc000-0xc07f]
[    1.159042] pci 0000:00:05.0: BAR 1 [mem 0xfeb93000-0xfeb93fff]
[    1.159212] pci 0000:00:05.0: BAR 4 [mem 0xfe008000-0xfe00bfff 64bit pref]
[    1.174648] ACPI: PCI: Interrupt link LNKA configured for IRQ 10
[    1.175540] ACPI: PCI: Interrupt link LNKB configured for IRQ 10
[    1.176145] ACPI: PCI: Interrupt link LNKC configured for IRQ 11
[    1.176791] ACPI: PCI: Interrupt link LNKD configured for IRQ 11
[    1.177154] ACPI: PCI: Interrupt link LNKS configured for IRQ 9
[    1.188309] iommu: Default domain type: Translated
[    1.188494] iommu: DMA domain TLB invalidation policy: lazy mode
[    1.190087] SCSI subsystem initialized
[    1.192099] ACPI: bus type USB registered
[    1.202416] usbcore: registered new interface driver usbfs
[    1.202911] usbcore: registered new interface driver hub
[    1.203216] usbcore: registered new device driver usb
[    1.203844] pps_core: LinuxPPS API ver. 1 registered
[    1.203998] pps_core: Software ver. 5.3.6 - Copyright 2005-2007 Rodolfo Giometti <giometti@linux.it>
[    1.204285] PTP clock support registered
[    1.206676] Advanced Linux Sound Architecture Driver Initialized.
[    1.225470] NetLabel: Initializing
[    1.225601] NetLabel:  domain hash size = 128
[    1.225734] NetLabel:  protocols = UNLABELED CIPSOv4 CALIPSO
[    1.226755] NetLabel:  unlabeled traffic allowed by default
[    1.247986] PCI: Using ACPI for IRQ routing
[    1.250797] pci 0000:00:02.0: vgaarb: setting as boot VGA device
[    1.251033] pci 0000:00:02.0: vgaarb: bridge control possible
[    1.251236] pci 0000:00:02.0: vgaarb: VGA device added: decodes=io+mem,owns=io+mem,locks=none
[    1.251501] vgaarb: loaded
[    1.252565] hpet0: at MMIO 0xfed00000, IRQs 2, 8, 0
[    1.252828] hpet0: 3 comparators, 64-bit 100.000000 MHz counter
[    1.272036] clocksource: Switched to clocksource tsc-early
[    1.277683] VFS: Disk quotas dquot_6.6.0
[    1.279379] VFS: Dquot-cache hash table entries: 512 (order 0, 4096 bytes)
[    1.290588] pnp: PnP ACPI init
[    1.295399] pnp: PnP ACPI: found 6 devices
[    1.351808] clocksource: acpi_pm: mask: 0xffffff max_cycles: 0xffffff, max_idle_ns: 2085701024 ns
[    1.358652] NET: Registered PF_INET protocol family
[    1.360605] IP idents hash table entries: 32768 (order: 6, 262144 bytes, linear)
[    1.376856] tcp_listen_portaddr_hash hash table entries: 1024 (order: 2, 16384 bytes, linear)
[    1.377218] Table-perturb hash table entries: 65536 (order: 6, 262144 bytes, linear)
[    1.377780] TCP established hash table entries: 16384 (order: 5, 131072 bytes, linear)
[    1.378625] TCP bind hash table entries: 16384 (order: 7, 524288 bytes, linear)
[    1.379264] TCP: Hash tables configured (established 16384 bind 16384)
[    1.389285] UDP hash table entries: 1024 (order: 4, 65536 bytes, linear)
[    1.389831] UDP-Lite hash table entries: 1024 (order: 4, 65536 bytes, linear)
[    1.391605] NET: Registered PF_UNIX/PF_LOCAL protocol family
[    1.394601] RPC: Registered named UNIX socket transport module.
[    1.394813] RPC: Registered udp transport module.
[    1.395013] RPC: Registered tcp transport module.
[    1.395145] RPC: Registered tcp-with-tls transport module.
[    1.395284] RPC: Registered tcp NFSv4.1 backchannel transport module.
[    1.407692] pci_bus 0000:00: resource 4 [io  0x0000-0x0cf7 window]
[    1.407941] pci_bus 0000:00: resource 5 [io  0x0d00-0xffff window]
[    1.408107] pci_bus 0000:00: resource 6 [mem 0x000a0000-0x000bffff window]
[    1.408278] pci_bus 0000:00: resource 7 [mem 0x80000000-0xfebfffff window]
[    1.408461] pci_bus 0000:00: resource 8 [mem 0x100000000-0x17fffffff window]
[    1.409265] pci 0000:00:01.0: PIIX3: Enabling Passive Release
[    1.409557] pci 0000:00:00.0: Limiting direct PCI/PCI transfers
[    1.409834] PCI: CLS 0 bytes, default 64
[    1.765325] Initialise system trusted keyrings
[    1.767601] workingset: timestamp_bits=56 max_order=19 bucket_order=0
[    1.771935] NFS: Registering the id_resolver key type
[    1.772400] Key type id_resolver registered
[    1.772559] Key type id_legacy registered
[    1.773461] 9p: Installing v9fs 9p2000 file system support
[    1.862829] Key type asymmetric registered
[    1.863080] Asymmetric key parser 'x509' registered
[    1.863532] Block layer SCSI generic (bsg) driver version 0.4 loaded (major 251)
[    1.864249] io scheduler mq-deadline registered
[    1.864463] io scheduler kyber registered
[    1.868140] input: Power Button as /devices/LNXSYSTM:00/LNXPWRBN:00/input/input0
[    1.872964] ACPI: button: Power Button [PWRF]
[    2.027821] ACPI: \_SB_.LNKC: Enabled at IRQ 11
[    2.177086] ACPI: \_SB_.LNKD: Enabled at IRQ 10
[    2.324708] ACPI: \_SB_.LNKA: Enabled at IRQ 10
[    2.326804] Serial: 8250/16550 driver, 4 ports, IRQ sharing enabled
[    2.331956] 00:04: ttyS0 at I/O 0x3f8 (irq = 4, base_baud = 115200) is a 16550A
[    2.338681] Non-volatile memory driver v1.3
[    2.338954] Linux agpgart interface v0.103
[    2.340556] ACPI: bus type drm_connector registered
[    2.360036] loop: module loaded
[    2.361086] virtio_blk virtio2: 1/0/0 default/read/poll queues
[    2.372300] virtio_blk virtio2: [vda] 6291456 512-byte logical blocks (3.22 GB/3.00 GiB)
[    2.391580]  vda: vda1 vda14 vda15
[    2.403236] scsi host0: ata_piix
[    2.405206] scsi host1: ata_piix
[    2.405793] ata1: PATA max MWDMA2 cmd 0x1f0 ctl 0x3f6 bmdma 0xc0c0 irq 14 lpm-pol 0
[    2.406134] ata2: PATA max MWDMA2 cmd 0x170 ctl 0x376 bmdma 0xc0c8 irq 15 lpm-pol 0
[    2.420793] e100: Intel(R) PRO/100 Network Driver
[    2.421030] e100: Copyright(c) 1999-2006 Intel Corporation
[    2.421284] e1000: Intel(R) PRO/1000 Network Driver
[    2.421441] e1000: Copyright (c) 1999-2006 Intel Corporation.
[    2.421698] e1000e: Intel(R) PRO/1000 Network Driver
[    2.421840] e1000e: Copyright(c) 1999 - 2015 Intel Corporation.
[    2.422146] sky2: driver version 1.30
[    2.424510] usbcore: registered new interface driver usblp
[    2.424833] usbcore: registered new interface driver usb-storage
[    2.425816] i8042: PNP: PS/2 Controller [PNP0303:KBD,PNP0f13:MOU] at 0x60,0x64 irq 1,12
[    2.428801] tsc: Refined TSC clocksource calibration: 2999.979 MHz
[    2.429432] clocksource: tsc: mask: 0xffffffffffffffff max_cycles: 0x2b3e31fa6c6, max_idle_ns: 440795336165 ns
[    2.430987] clocksource: Switched to clocksource tsc
[    2.431602] serio: i8042 KBD port at 0x60,0x64 irq 1
[    2.432001] serio: i8042 AUX port at 0x60,0x64 irq 12
[    2.435774] rtc_cmos 00:05: RTC can wake from S4
[    2.439306] input: AT Translated Set 2 keyboard as /devices/platform/i8042/serio0/input/input1
[    2.441796] rtc_cmos 00:05: registered as rtc0
[    2.443675] rtc_cmos 00:05: alarms up to one day, y3k, 242 bytes nvram, hpet irqs
[    2.448187] device-mapper: ioctl: 4.49.0-ioctl (2025-01-17) initialised: dm-devel@lists.linux.dev
[    2.448760] amd_pstate: the _CPC object is not present in SBIOS or ACPI disabled
[    2.450120] hid: raw HID events driver (C) Jiri Kosina
[    2.452327] usbcore: registered new interface driver usbhid
[    2.452714] usbhid: USB HID core driver
[    2.464005] Initializing XFRM netlink socket
[    2.464559] NET: Registered PF_INET6 protocol family
[    2.472562] Segment Routing with IPv6
[    2.472931] In-situ OAM (IOAM) with IPv6
[    2.474243] sit: IPv6, IPv4 and MPLS over IPv4 tunneling driver
[    2.477291] NET: Registered PF_PACKET protocol family
[    2.479048] 9pnet: Installing 9P2000 support
[    2.479457] Key type dns_resolver registered
[    2.481705] IPI shorthand broadcast: enabled
[    2.509971] sched_clock: Marking stable (2487046907, 22856991)->(2520110384, -10206486)
[    2.512157] registered taskstats version 1
[    2.512327] Loading compiled-in X.509 certificates
[    2.524435] Demotion targets for Node 0: null
[    2.527863] PM:   Magic number: 10:190:963
[    2.528967] printk: legacy console [netcon0] enabled
[    2.529229] netconsole: network logging started
[    2.530553] cfg80211: Loading compiled-in X.509 certificates for regulatory database
[    2.540118] kworker/u4:3 (49) used greatest stack depth: 15000 bytes left
[    2.551139] Loaded X.509 cert 'sforshee: 00b28ddf47aef9cea7'
[    2.552068] Loaded X.509 cert 'wens: 61c038651aabdcf94bd0ac7ff06c7248db18c600'
[    2.553625] ALSA device list:
[    2.555426] platform regulatory.0: Direct firmware load for regulatory.db failed with error -2
[    2.555954] cfg80211: failed to load regulatory.db
[    2.556176]   No soundcards found.
[    2.564421] ata2: found unknown device (class 0)
[    2.570133] ata2.00: ATAPI: QEMU DVD-ROM, 2.5+, max UDMA/100
[    2.580211] scsi 1:0:0:0: CD-ROM            QEMU     QEMU DVD-ROM     2.5+ PQ: 0 ANSI: 5
[    2.594713] sr 1:0:0:0: [sr0] scsi3-mmc drive: 4x/4x cd/rw xa/form2 tray
[    2.595196] cdrom: Uniform CD-ROM driver Revision: 3.20
[    2.602002] sr 1:0:0:0: Attached scsi generic sg0 type 5
[    2.861543] input: ImExPS/2 Generic Explorer Mouse as /devices/platform/i8042/serio1/input/input3
[    2.862609] md: Waiting for all devices to be available before autodetect
[    2.862804] md: If you don't use raid, use raid=noautodetect
[    2.863246] md: Autodetecting RAID arrays.
[    2.863425] md: autorun ...
[    2.863541] md: ... autorun DONE.
[    2.886137] EXT4-fs (vda1): INFO: recovery required on readonly filesystem
[    2.886393] EXT4-fs (vda1): write access will be enabled during recovery
[    3.010075] EXT4-fs (vda1): recovery complete
[    3.014370] EXT4-fs (vda1): mounted filesystem 62ee61b4-094c-4b0b-aaf3-3a3386a4fefe ro with ordered data mode. Quota mode: none.
[    3.015120] VFS: Mounted root (ext4 filesystem) readonly on device 253:1.
[    3.017305] devtmpfs: mounted
[    3.090720] Freeing unused kernel image (initmem) memory: 2824K
[    3.091207] Write protecting the kernel read-only data: 26624k
[    3.092944] Freeing unused kernel image (text/rodata gap) memory: 400K
[    3.094219] Freeing unused kernel image (rodata/data gap) memory: 1072K
[    3.277568] x86/mm: Checked W+X mappings: passed, no W+X pages found.
[    3.278270] Run /sbin/init as init process
[    3.586147] systemd[1]: systemd 247.3-7+deb11u7 running in system mode. (+PAM +AUDIT +SELINUX +IMA +APPARMOR +SMACK +SYSVINIT +UTMP +LIBCRYPTSETUP +GCRYPT +GNUTLS +ACL +XZ +LZ4 +ZSTD +SECCOMP +BLKID +ELFUTILS +KMOD +IDN2 -IDN +PCRE2 default-hierarchy=unified)
[    3.588751] systemd[1]: Detected virtualization qemu.
[    3.590418] systemd[1]: Detected architecture x86-64.

Welcome to [1mDebian GNU/Linux 11 (bullseye)[0m!

[    3.599312] systemd[1]: Set hostname to <debian>.
[    4.819613] systemd-debug-g (60) used greatest stack depth: 13352 bytes left
[    4.887058] systemd-rc-loca (65) used greatest stack depth: 13208 bytes left
[    5.049515] block vda: the capability attribute has been deprecated.
[    5.126984] systemd-sysv-ge (68) used greatest stack depth: 13160 bytes left
[    5.518180] tr (77) used greatest stack depth: 13040 bytes left
[    6.238430] systemd[1]: Condition check resulted in Root Slice being skipped.
[    6.239991] systemd[1]: Condition check resulted in System Slice being skipped.
[    6.246549] systemd[1]: Queued start job for default target Graphical Interface.
[    6.256089] systemd[1]: system-getty.slice: unit configures an IP firewall, but the local system does not support BPF/cgroup firewalling.
[    6.256437] systemd[1]: (This warning is only shown for the first unit using IP firewalling.)
[    6.271161] systemd[1]: Created slice system-getty.slice.
[[0;32m  OK  [0m] Created slice [0;1;39msystem-getty.slice[0m.
[    6.275277] systemd[1]: Created slice system-modprobe.slice.
[[0;32m  OK  [0m] Created slice [0;1;39msystem-modprobe.slice[0m.
[    6.277425] systemd[1]: Created slice system-serial\x2dgetty.slice.
[[0;32m  OK  [0m] Created slice [0;1;39msystem-serial\x2dgetty.slice[0m.
[    6.279455] systemd[1]: Created slice system-systemd\x2dgrowfs.slice.
[[0;32m  OK  [0m] Created slice [0;1;39msystem-systemd\x2dgrowfs.slice[0m.
[    6.281416] systemd[1]: Created slice User and Session Slice.
[[0;32m  OK  [0m] Created slice [0;1;39mUser and Session Slice[0m.
[    6.284421] systemd[1]: Started Dispatch Password Requests to Console Directory Watch.
[[0;32m  OK  [0m] Started [0;1;39mDispatch Password â€¦ts to Console Directory Watch[0m.
[    6.286723] systemd[1]: Started Forward Password Requests to Wall Directory Watch.
[[0;32m  OK  [0m] Started [0;1;39mForward Password Râ€¦uests to Wall Directory Watch[0m.
[    6.292126] systemd[1]: Set up automount Arbitrary Executable File Formats File System Automount Point.
[[0;32m  OK  [0m] Set up automount [0;1;39mArbitraryâ€¦s File System Automount Point[0m.
[    6.294253] systemd[1]: Reached target Local Encrypted Volumes.
[[0;32m  OK  [0m] Reached target [0;1;39mLocal Encrypted Volumes[0m.
[    6.295386] systemd[1]: Reached target Paths.
[[0;32m  OK  [0m] Reached target [0;1;39mPaths[0m.
[    6.296226] systemd[1]: Reached target Remote File Systems.
[[0;32m  OK  [0m] Reached target [0;1;39mRemote File Systems[0m.
[    6.297059] systemd[1]: Reached target Slices.
[[0;32m  OK  [0m] Reached target [0;1;39mSlices[0m.
[    6.297849] systemd[1]: Reached target Swap.
[[0;32m  OK  [0m] Reached target [0;1;39mSwap[0m.
[    6.298651] systemd[1]: Reached target System Time Set.
[[0;32m  OK  [0m] Reached target [0;1;39mSystem Time Set[0m.
[    6.302615] systemd[1]: Listening on Syslog Socket.
[[0;32m  OK  [0m] Listening on [0;1;39mSyslog Socket[0m.
[    6.304329] systemd[1]: Listening on fsck to fsckd communication Socket.
[[0;32m  OK  [0m] Listening on [0;1;39mfsck to fsckd communication Socket[0m.
[    6.306634] systemd[1]: Listening on initctl Compatibility Named Pipe.
[[0;32m  OK  [0m] Listening on [0;1;39minitctl Compatibility Named Pipe[0m.
[    6.309663] systemd[1]: Listening on Journal Audit Socket.
[[0;32m  OK  [0m] Listening on [0;1;39mJournal Audit Socket[0m.
[    6.312158] systemd[1]: Listening on Journal Socket (/dev/log).
[[0;32m  OK  [0m] Listening on [0;1;39mJournal Socket (/dev/log)[0m.
[    6.313980] systemd[1]: Listening on Journal Socket.
[[0;32m  OK  [0m] Listening on [0;1;39mJournal Socket[0m.
[    6.316050] systemd[1]: Listening on udev Control Socket.
[[0;32m  OK  [0m] Listening on [0;1;39mudev Control Socket[0m.
[    6.317582] systemd[1]: Listening on udev Kernel Socket.
[[0;32m  OK  [0m] Listening on [0;1;39mudev Kernel Socket[0m.
[    6.334552] systemd[1]: Mounting Huge Pages File System...
         Mounting [0;1;39mHuge Pages File System[0m...
[    6.358566] systemd[1]: Mounting POSIX Message Queue File System...
         Mounting [0;1;39mPOSIX Message Queue File System[0m...
[    6.390461] systemd[1]: Mounting Kernel Debug File System...
         Mounting [0;1;39mKernel Debug File System[0m...
[    6.431640] systemd[1]: Mounting Kernel Trace File System...
         Mounting [0;1;39mKernel Trace File System[0m...
[    6.444264] systemd[1]: Condition check resulted in Create list of static device nodes for the current kernel being skipped.
[    6.502391] systemd[1]: Starting Load Kernel Module configfs...
         Starting [0;1;39mLoad Kernel Module configfs[0m...
[    6.565420] systemd[1]: Starting Load Kernel Module drm...
         Starting [0;1;39mLoad Kernel Module drm[0m...
[    6.634207] systemd[1]: Starting Load Kernel Module fuse...
         Starting [0;1;39mLoad Kernel Module fuse[0m...
[    6.709979] systemd[1]: Started Nameserver information manager.
[[0;32m  OK  [0m] Started [0;1;39mNameserver information manager[0m.
[    6.753852] systemd[1]: Reached target Network (Pre).
[[0;32m  OK  [0m] Reached target [0;1;39mNetwork (Pre)[0m.
[    6.782376] systemd[1]: Condition check resulted in Set Up Additional Binary Formats being skipped.
[    6.840549] systemd[1]: Starting File System Check on Root Device...
         Starting [0;1;39mFile System Check on Root Device[0m...
[    6.910575] systemd[1]: Starting Journal Service...
         Starting [0;1;39mJournal Service[0m...
[    6.919372] modprobe (83) used greatest stack depth: 12768 bytes left
[    6.984455] systemd[1]: Starting Load Kernel Modules...
         Starting [0;1;39mLoad Kernel Modules[0m...
[    7.038062] systemd[1]: Starting Coldplug All udev Devices...
         Starting [0;1;39mColdplug All udev Devices[0m...
[    7.186860] systemd[1]: Mounted Huge Pages File System.
[[0;32m  OK  [0m] Mounted [0;1;39mHuge Pages File System[0m.
[    7.205978] systemd[1]: Mounted POSIX Message Queue File System.
[[0;32m  OK  [0m] Mounted [0;1;39mPOSIX Message Queue File System[0m.
[    7.222490] systemd[1]: Mounted Kernel Debug File System.
[[0;32m  OK  [0m] Mounted [0;1;39mKernel Debug File System[0m.
[    7.238324] systemd[1]: Mounted Kernel Trace File System.
[[0;32m  OK  [0m] Mounted [0;1;39mKernel Trace File System[0m.
[    7.276266] systemd[1]: modprobe@configfs.service: Succeeded.
[    7.308140] systemd[1]: Finished Load Kernel Module configfs.
[[0;32m  OK  [0m] Finished [0;1;39mLoad Kernel Module configfs[0m.
[    7.352145] systemd[1]: modprobe@drm.service: Succeeded.
[    7.365241] systemd[1]: Finished Load Kernel Module drm.
[[0;32m  OK  [0m] Finished [0;1;39mLoad Kernel Module drm[0m.
[    7.389692] systemd[1]: modprobe@fuse.service: Succeeded.
[    7.404283] systemd[1]: Finished Load Kernel Module fuse.
[[0;32m  OK  [0m] Finished [0;1;39mLoad Kernel Module fuse[0m.
[    7.436142] systemd[1]: Condition check resulted in FUSE Control File System being skipped.
[    7.442480] systemd[1]: Condition check resulted in Kernel Configuration File System being skipped.
[    7.526607] systemd[1]: Started File System Check Daemon to report status.
[[0;32m  OK  [0m] Started [0;1;39mFile System Check Daemon to report status[0m.
[    7.655192] systemd[1]: Finished Load Kernel Modules.
[[0;32m  OK  [0m] Finished [0;1;39mLoad Kernel Modules[0m.
[    7.714490] systemd[1]: Starting Apply Kernel Variables...
         Starting [0;1;39mApply Kernel Variables[0m...
[    8.243132] systemd[1]: Finished Apply Kernel Variables.
[[0;32m  OK  [0m] Finished [0;1;39mApply Kernel Variables[0m.
[    8.390333] systemd[1]: Finished File System Check on Root Device.
[[0;32m  OK  [0m] Finished [0;1;39mFile System Check on Root Device[0m.
[    8.422478] systemd[1]: Starting Remount Root and Kernel File Systems...
         Starting [0;1;39mRemount Root and Kernel File Systems[0m...
[    9.168263] systemd[1]: Started Journal Service.
[[0;32m  OK  [0m] Started [0;1;39mJournal Service[0m.[    9.171516] EXT4-fs (vda1): re-mounted 62ee61b4-094c-4b0b-aaf3-3a3386a4fefe r/w. Quota mode: none.

[[0;32m  OK  [0m] Finished [0;1;39mRemount Root and Kernel File Systems[0m.
         Starting [0;1;39mGrow File System on /[0m...
         Starting [0;1;39mFlush Journal to Persistent Storage[0m...
         Starting [0;1;39mLoad/Save Random Seed[0m...
         Starting [0;1;39mCreate System Users[0m...
[[0;32m  OK  [0m] Finished [0;1;39mColdplug All udev Devices[0m.
[[0;1;31mFAILED[0m] Failed to start [0;1;39mGrow File System on /[0m.
See 'systemctl status systemd-growfs@-.service' for details.
[    9.868821] systemd-journald[88]: Received client request to flush runtime journal.
[    9.922476] systemd-journald[88]: File /var/log/journal/41311ee26fa443738c683e8fa4baa899/system.journal corrupted or uncleanly shut down, renaming and replacing.
[[0;32m  OK  [0m] Finished [0;1;39mLoad/Save Random Seed[0m.
[[0;32m  OK  [0m] Finished [0;1;39mCreate System Users[0m.
         Starting [0;1;39mCreate Static Device Nodes in /dev[0m...
[[0;32m  OK  [0m] Finished [0;1;39mFlush Journal to Persistent Storage[0m.
[[0;32m  OK  [0m] Finished [0;1;39mCreate Static Device Nodes in /dev[0m.
[[0;32m  OK  [0m] Reached target [0;1;39mLocal File Systems (Pre)[0m.
         Starting [0;1;39mRule-based Manageâ€¦for Device Events and Files[0m...
[[0;32m  OK  [0m] Started [0;1;39mRule-based Manager for Device Events and Files[0m.
[[0;32m  OK  [0m] Found device [0;1;39m/dev/ttyS0[0m.
[[0;32m  OK  [0m] Found device [0;1;39m/dev/disk/by-â€¦a-381f-4fb4-9349-68e9a3924684[0m.
[[0;1;31mFAILED[0m] Failed to listen on [0;1;39mLoad/Sâ€¦itch Status /dev/rfkill Watch[0m.
See 'systemctl status systemd-rfkill.socket' for details.
         Mounting [0;1;39m/boot/efi[0m...
[   13.690074] FAT-fs (vda15): Volume was not properly unmounted. Some data may be corrupt. Please run fsck.
[[0;32m  OK  [0m] Mounted [0;1;39m/boot/efi[0m.
[[0;32m  OK  [0m] Reached target [0;1;39mLocal File Systems[0m.
         Starting [0;1;39mCreate Volatile Files and Directories[0m...
[[0;32m  OK  [0m] Finished [0;1;39mCreate Volatile Files and Directories[0m.
         Starting [0;1;39mUpdate UTMP about System Boot/Shutdown[0m...
[[0;32m  OK  [0m] Finished [0;1;39mUpdate UTMP about System Boot/Shutdown[0m.
[[0;32m  OK  [0m] Reached target [0;1;39mSystem Initialization[0m.
[[0;32m  OK  [0m] Started [0;1;39mDaily Cleanup of Temporary Directories[0m.
[[0;32m  OK  [0m] Listening on [0;1;39mD-Bus System Message Bus Socket[0m.
[[0;32m  OK  [0m] Listening on [0;1;39mUUID daemon activation socket[0m.
[[0;32m  OK  [0m] Reached target [0;1;39mSockets[0m.
[[0;32m  OK  [0m] Reached target [0;1;39mBasic System[0m.
         Starting [0;1;39mchrony, an NTP client/server[0m...
[[0;32m  OK  [0m] Started [0;1;39mRegular background program processing daemon[0m.
[[0;32m  OK  [0m] Started [0;1;39mD-Bus System Message Bus[0m.
         Starting [0;1;39mRemove Stale Onliâ€¦t4 Metadata Check Snapshots[0m...
         Starting [0;1;39mSystem Logging Service[0m...
         Starting [0;1;39mOpenBSD Secure Shell server[0m...
         Starting [0;1;39mUser Login Management[0m...
         Starting [0;1;39mPermit User Sessions[0m...
[[0;32m  OK  [0m] Finished [0;1;39mPermit User Sessions[0m.
[[0;32m  OK  [0m] Started [0;1;39mGetty on tty1[0m.
[[0;32m  OK  [0m] Started [0;1;39mSerial Getty on ttyS0[0m.
[[0;32m  OK  [0m] Reached target [0;1;39mLogin Prompts[0m.
[[0;32m  OK  [0m] Started [0;1;39mSystem Logging Service[0m.
[[0;1;31mFAILED[0m] Failed to start [0;1;39mOpenBSD Secure Shell server[0m.
See 'systemctl status ssh.service' for details.
[[0;32m  OK  [0m] Found device [0;1;39mVirtio network device[0m.
[[0;32m  OK  [0m] Started [0;1;39mifup for eth0[0m.
[[0;32m  OK  [0m] Stopped [0;1;39mOpenBSD Secure Shell server[0m.
         Starting [0;1;39mOpenBSD Secure Shell server[0m...
[[0;32m  OK  [0m] Started [0;1;39mchrony, an NTP client/server[0m.
[[0;32m  OK  [0m] Reached target [0;1;39mSystem Time Synchronized[0m.
[[0;32m  OK  [0m] Started [0;1;39mDaily apt download activities[0m.
[[0;32m  OK  [0m] Started [0;1;39mDaily apt upgrade and clean activities[0m.
[[0;32m  OK  [0m] Started [0;1;39mPeriodic ext4 Onliâ€¦ata Check for All Filesystems[0m.
[[0;32m  OK  [0m] Started [0;1;39mDiscard unused blocks once a week[0m.
[[0;32m  OK  [0m] Started [0;1;39mDaily rotation of log files[0m.
[[0;32m  OK  [0m] Started [0;1;39mDaily man-db regeneration[0m.
[[0;32m  OK  [0m] Reached target [0;1;39mTimers[0m.
[[0;1;31mFAILED[0m] Failed to start [0;1;39mOpenBSD Secure Shell server[0m.
See 'systemctl status ssh.service' for details.
[[0;32m  OK  [0m] Stopped [0;1;39mOpenBSD Secure Shell server[0m.
         Starting [0;1;39mOpenBSD Secure Shell server[0m...
[[0;32m  OK  [0m] Started [0;1;39mUser Login Management[0m.
[[0;32m  OK  [0m] Started [0;1;39mUnattended Upgrades Shutdown[0m.
[[0;1;31mFAILED[0m] Failed to start [0;1;39mOpenBSD Secure Shell server[0m.
See 'systemctl status ssh.service' for details.
[[0;32m  OK  [0m] Reached target [0;1;39mMulti-User System[0m.
[[0;32m  OK  [0m] Stopped [0;1;39mOpenBSD Secure Shell server[0m.
         Starting [0;1;39mOpenBSD Secure Shell server[0m...
[[0;1;31mFAILED[0m] Failed to start [0;1;39mOpenBSD Secure Shell server[0m.
See 'systemctl status ssh.service' for details.
[[0;32m  OK  [0m] Stopped [0;1;39mOpenBSD Secure Shell server[0m.
         Starting [0;1;39mOpenBSD Secure Shell server[0m...
[[0;1;31mFAILED[0m] Failed to start [0;1;39mOpenBSD Secure Shell server[0m.
See 'systemctl status ssh.service' for details.
[[0;32m  OK  [0m] Stopped [0;1;39mOpenBSD Secure Shell server[0m.
[[0;1;31mFAILED[0m] Failed to start [0;1;39mOpenBSD Secure Shell server[0m.
See 'systemctl status ssh.service' for details.

Debian GNU/Linux 11 debian ttyS0

debian login: [   22.845627] e2scrub_all (152) used greatest stack depth: 12752 bytes left
qemu-system-x86_64: terminating on signal 15 from pid 34330 ()
